###############################################################################
#
# IAR ELF Linker V8.50.4.261/W32 for ARM                  20/Nov/2020  16:33:47
# Copyright 2007-2020 IAR Systems AB.
#
#    Output file  =
#        C:\Users\nxf65135\Desktop\RT1050\smart_washing_machine-master-8266\flexspi_nor_release\smart_washing_machine.out
#    Map file     =
#        C:\Users\nxf65135\Desktop\RT1050\smart_washing_machine-master-8266\flexspi_nor_release\list\smart_washing_machine.map
#    Command line =
#        -f C:\Users\nxf65135\AppData\Local\Temp\1\EW7A0A.tmp
#        (C:\Users\nxf65135\Desktop\RT1050\smart_washing_machine-master-8266\flexspi_nor_release\obj\aes.o
#        C:\Users\nxf65135\Desktop\RT1050\smart_washing_machine-master-8266\flexspi_nor_release\obj\aes_alt.o
#        C:\Users\nxf65135\Desktop\RT1050\smart_washing_machine-master-8266\flexspi_nor_release\obj\aesni.o
#        C:\Users\nxf65135\Desktop\RT1050\smart_washing_machine-master-8266\flexspi_nor_release\obj\Application.o
#        C:\Users\nxf65135\Desktop\RT1050\smart_washing_machine-master-8266\flexspi_nor_release\obj\arc4.o
#        C:\Users\nxf65135\Desktop\RT1050\smart_washing_machine-master-8266\flexspi_nor_release\obj\aria.o
#        C:\Users\nxf65135\Desktop\RT1050\smart_washing_machine-master-8266\flexspi_nor_release\obj\asn1parse.o
#        C:\Users\nxf65135\Desktop\RT1050\smart_washing_machine-master-8266\flexspi_nor_release\obj\asn1write.o
#        C:\Users\nxf65135\Desktop\RT1050\smart_washing_machine-master-8266\flexspi_nor_release\obj\at_api.o
#        C:\Users\nxf65135\Desktop\RT1050\smart_washing_machine-master-8266\flexspi_nor_release\obj\at_conn_mbox.o
#        C:\Users\nxf65135\Desktop\RT1050\smart_washing_machine-master-8266\flexspi_nor_release\obj\at_conn_mgmt.o
#        C:\Users\nxf65135\Desktop\RT1050\smart_washing_machine-master-8266\flexspi_nor_release\obj\at_parser.o
#        C:\Users\nxf65135\Desktop\RT1050\smart_washing_machine-master-8266\flexspi_nor_release\obj\at_tcp.o
#        C:\Users\nxf65135\Desktop\RT1050\smart_washing_machine-master-8266\flexspi_nor_release\obj\base64.o
#        C:\Users\nxf65135\Desktop\RT1050\smart_washing_machine-master-8266\flexspi_nor_release\obj\bignum.o
#        C:\Users\nxf65135\Desktop\RT1050\smart_washing_machine-master-8266\flexspi_nor_release\obj\blowfish.o
#        C:\Users\nxf65135\Desktop\RT1050\smart_washing_machine-master-8266\flexspi_nor_release\obj\board.o
#        C:\Users\nxf65135\Desktop\RT1050\smart_washing_machine-master-8266\flexspi_nor_release\obj\camellia.o
#        C:\Users\nxf65135\Desktop\RT1050\smart_washing_machine-master-8266\flexspi_nor_release\obj\ccm.o
#        C:\Users\nxf65135\Desktop\RT1050\smart_washing_machine-master-8266\flexspi_nor_release\obj\certs.o
#        C:\Users\nxf65135\Desktop\RT1050\smart_washing_machine-master-8266\flexspi_nor_release\obj\chacha20.o
#        C:\Users\nxf65135\Desktop\RT1050\smart_washing_machine-master-8266\flexspi_nor_release\obj\chachapoly.o
#        C:\Users\nxf65135\Desktop\RT1050\smart_washing_machine-master-8266\flexspi_nor_release\obj\cipher.o
#        C:\Users\nxf65135\Desktop\RT1050\smart_washing_machine-master-8266\flexspi_nor_release\obj\cipher_wrap.o
#        C:\Users\nxf65135\Desktop\RT1050\smart_washing_machine-master-8266\flexspi_nor_release\obj\cJSON.o
#        C:\Users\nxf65135\Desktop\RT1050\smart_washing_machine-master-8266\flexspi_nor_release\obj\clock_config.o
#        C:\Users\nxf65135\Desktop\RT1050\smart_washing_machine-master-8266\flexspi_nor_release\obj\cmac.o
#        C:\Users\nxf65135\Desktop\RT1050\smart_washing_machine-master-8266\flexspi_nor_release\obj\Core.o
#        C:\Users\nxf65135\Desktop\RT1050\smart_washing_machine-master-8266\flexspi_nor_release\obj\ctr_drbg.o
#        C:\Users\nxf65135\Desktop\RT1050\smart_washing_machine-master-8266\flexspi_nor_release\obj\debug.o
#        C:\Users\nxf65135\Desktop\RT1050\smart_washing_machine-master-8266\flexspi_nor_release\obj\des.o
#        C:\Users\nxf65135\Desktop\RT1050\smart_washing_machine-master-8266\flexspi_nor_release\obj\des_alt.o
#        C:\Users\nxf65135\Desktop\RT1050\smart_washing_machine-master-8266\flexspi_nor_release\obj\dev_sign_mqtt.o
#        C:\Users\nxf65135\Desktop\RT1050\smart_washing_machine-master-8266\flexspi_nor_release\obj\DeviceDriver.o
#        C:\Users\nxf65135\Desktop\RT1050\smart_washing_machine-master-8266\flexspi_nor_release\obj\dhm.o
#        C:\Users\nxf65135\Desktop\RT1050\smart_washing_machine-master-8266\flexspi_nor_release\obj\dm_api.o
#        C:\Users\nxf65135\Desktop\RT1050\smart_washing_machine-master-8266\flexspi_nor_release\obj\dm_client.o
#        C:\Users\nxf65135\Desktop\RT1050\smart_washing_machine-master-8266\flexspi_nor_release\obj\dm_client_adapter.o
#        C:\Users\nxf65135\Desktop\RT1050\smart_washing_machine-master-8266\flexspi_nor_release\obj\dm_cota.o
#        C:\Users\nxf65135\Desktop\RT1050\smart_washing_machine-master-8266\flexspi_nor_release\obj\dm_fota.o
#        C:\Users\nxf65135\Desktop\RT1050\smart_washing_machine-master-8266\flexspi_nor_release\obj\dm_ipc.o
#        C:\Users\nxf65135\Desktop\RT1050\smart_washing_machine-master-8266\flexspi_nor_release\obj\dm_log_report.o
#        C:\Users\nxf65135\Desktop\RT1050\smart_washing_machine-master-8266\flexspi_nor_release\obj\dm_manager.o
#        C:\Users\nxf65135\Desktop\RT1050\smart_washing_machine-master-8266\flexspi_nor_release\obj\dm_message.o
#        C:\Users\nxf65135\Desktop\RT1050\smart_washing_machine-master-8266\flexspi_nor_release\obj\dm_message_cache.o
#        C:\Users\nxf65135\Desktop\RT1050\smart_washing_machine-master-8266\flexspi_nor_release\obj\dm_msg_process.o
#        C:\Users\nxf65135\Desktop\RT1050\smart_washing_machine-master-8266\flexspi_nor_release\obj\dm_opt.o
#        C:\Users\nxf65135\Desktop\RT1050\smart_washing_machine-master-8266\flexspi_nor_release\obj\dm_ota.o
#        C:\Users\nxf65135\Desktop\RT1050\smart_washing_machine-master-8266\flexspi_nor_release\obj\dm_server.o
#        C:\Users\nxf65135\Desktop\RT1050\smart_washing_machine-master-8266\flexspi_nor_release\obj\dm_server_adapter.o
#        C:\Users\nxf65135\Desktop\RT1050\smart_washing_machine-master-8266\flexspi_nor_release\obj\dm_shadow.o
#        C:\Users\nxf65135\Desktop\RT1050\smart_washing_machine-master-8266\flexspi_nor_release\obj\dm_tsl_alink.o
#        C:\Users\nxf65135\Desktop\RT1050\smart_washing_machine-master-8266\flexspi_nor_release\obj\dm_utils.o
#        C:\Users\nxf65135\Desktop\RT1050\smart_washing_machine-master-8266\flexspi_nor_release\obj\ecdh.o
#        C:\Users\nxf65135\Desktop\RT1050\smart_washing_machine-master-8266\flexspi_nor_release\obj\ecdsa.o
#        C:\Users\nxf65135\Desktop\RT1050\smart_washing_machine-master-8266\flexspi_nor_release\obj\ecjpake.o
#        C:\Users\nxf65135\Desktop\RT1050\smart_washing_machine-master-8266\flexspi_nor_release\obj\ecp.o
#        C:\Users\nxf65135\Desktop\RT1050\smart_washing_machine-master-8266\flexspi_nor_release\obj\ecp_alt.o
#        C:\Users\nxf65135\Desktop\RT1050\smart_washing_machine-master-8266\flexspi_nor_release\obj\ecp_alt_ksdk.o
#        C:\Users\nxf65135\Desktop\RT1050\smart_washing_machine-master-8266\flexspi_nor_release\obj\ecp_curves.o
#        C:\Users\nxf65135\Desktop\RT1050\smart_washing_machine-master-8266\flexspi_nor_release\obj\ecp_curves_alt.o
#        C:\Users\nxf65135\Desktop\RT1050\smart_washing_machine-master-8266\flexspi_nor_release\obj\Effects.o
#        C:\Users\nxf65135\Desktop\RT1050\smart_washing_machine-master-8266\flexspi_nor_release\obj\entropy.o
#        C:\Users\nxf65135\Desktop\RT1050\smart_washing_machine-master-8266\flexspi_nor_release\obj\entropy_poll.o
#        C:\Users\nxf65135\Desktop\RT1050\smart_washing_machine-master-8266\flexspi_nor_release\obj\error.o
#        C:\Users\nxf65135\Desktop\RT1050\smart_washing_machine-master-8266\flexspi_nor_release\obj\esp8266.o
#        C:\Users\nxf65135\Desktop\RT1050\smart_washing_machine-master-8266\flexspi_nor_release\obj\esp8266_at.o
#        C:\Users\nxf65135\Desktop\RT1050\smart_washing_machine-master-8266\flexspi_nor_release\obj\event_groups.o
#        C:\Users\nxf65135\Desktop\RT1050\smart_washing_machine-master-8266\flexspi_nor_release\obj\evkbimxrt1050_flexspi_nor_config.o
#        C:\Users\nxf65135\Desktop\RT1050\smart_washing_machine-master-8266\flexspi_nor_release\obj\evkbimxrt1050_sdram_ini_dcd.o
#        C:\Users\nxf65135\Desktop\RT1050\smart_washing_machine-master-8266\flexspi_nor_release\obj\ew_bsp_clock.o
#        C:\Users\nxf65135\Desktop\RT1050\smart_washing_machine-master-8266\flexspi_nor_release\obj\ew_bsp_display.o
#        C:\Users\nxf65135\Desktop\RT1050\smart_washing_machine-master-8266\flexspi_nor_release\obj\ew_bsp_event.o
#        C:\Users\nxf65135\Desktop\RT1050\smart_washing_machine-master-8266\flexspi_nor_release\obj\ew_bsp_graphics.o
#        C:\Users\nxf65135\Desktop\RT1050\smart_washing_machine-master-8266\flexspi_nor_release\obj\ew_bsp_inout.o
#        C:\Users\nxf65135\Desktop\RT1050\smart_washing_machine-master-8266\flexspi_nor_release\obj\ew_bsp_serial.o
#        C:\Users\nxf65135\Desktop\RT1050\smart_washing_machine-master-8266\flexspi_nor_release\obj\ew_bsp_system.o
#        C:\Users\nxf65135\Desktop\RT1050\smart_washing_machine-master-8266\flexspi_nor_release\obj\ew_bsp_touch.o
#        C:\Users\nxf65135\Desktop\RT1050\smart_washing_machine-master-8266\flexspi_nor_release\obj\ewextgfx.o
#        C:\Users\nxf65135\Desktop\RT1050\smart_washing_machine-master-8266\flexspi_nor_release\obj\ewextrte.o
#        C:\Users\nxf65135\Desktop\RT1050\smart_washing_machine-master-8266\flexspi_nor_release\obj\ewmain.o
#        C:\Users\nxf65135\Desktop\RT1050\smart_washing_machine-master-8266\flexspi_nor_release\obj\flexspi_hyper_flash_ops.o
#        C:\Users\nxf65135\Desktop\RT1050\smart_washing_machine-master-8266\flexspi_nor_release\obj\fsl_assert.o
#        C:\Users\nxf65135\Desktop\RT1050\smart_washing_machine-master-8266\flexspi_nor_release\obj\fsl_cache.o
#        C:\Users\nxf65135\Desktop\RT1050\smart_washing_machine-master-8266\flexspi_nor_release\obj\fsl_clock.o
#        C:\Users\nxf65135\Desktop\RT1050\smart_washing_machine-master-8266\flexspi_nor_release\obj\fsl_common.o
#        C:\Users\nxf65135\Desktop\RT1050\smart_washing_machine-master-8266\flexspi_nor_release\obj\fsl_dcp.o
#        C:\Users\nxf65135\Desktop\RT1050\smart_washing_machine-master-8266\flexspi_nor_release\obj\fsl_debug_console.o
#        C:\Users\nxf65135\Desktop\RT1050\smart_washing_machine-master-8266\flexspi_nor_release\obj\fsl_dmamux.o
#        C:\Users\nxf65135\Desktop\RT1050\smart_washing_machine-master-8266\flexspi_nor_release\obj\fsl_edma.o
#        C:\Users\nxf65135\Desktop\RT1050\smart_washing_machine-master-8266\flexspi_nor_release\obj\fsl_elcdif.o
#        C:\Users\nxf65135\Desktop\RT1050\smart_washing_machine-master-8266\flexspi_nor_release\obj\fsl_flexspi.o
#        C:\Users\nxf65135\Desktop\RT1050\smart_washing_machine-master-8266\flexspi_nor_release\obj\fsl_flexspi_nor_boot.o
#        C:\Users\nxf65135\Desktop\RT1050\smart_washing_machine-master-8266\flexspi_nor_release\obj\fsl_ft5406_rt.o
#        C:\Users\nxf65135\Desktop\RT1050\smart_washing_machine-master-8266\flexspi_nor_release\obj\fsl_gpio.o
#        C:\Users\nxf65135\Desktop\RT1050\smart_washing_machine-master-8266\flexspi_nor_release\obj\fsl_lpi2c.o
#        C:\Users\nxf65135\Desktop\RT1050\smart_washing_machine-master-8266\flexspi_nor_release\obj\fsl_lpuart.o
#        C:\Users\nxf65135\Desktop\RT1050\smart_washing_machine-master-8266\flexspi_nor_release\obj\fsl_lpuart_edma.o
#        C:\Users\nxf65135\Desktop\RT1050\smart_washing_machine-master-8266\flexspi_nor_release\obj\fsl_lpuart_freertos.o
#        C:\Users\nxf65135\Desktop\RT1050\smart_washing_machine-master-8266\flexspi_nor_release\obj\fsl_pwm.o
#        C:\Users\nxf65135\Desktop\RT1050\smart_washing_machine-master-8266\flexspi_nor_release\obj\fsl_pxp.o
#        C:\Users\nxf65135\Desktop\RT1050\smart_washing_machine-master-8266\flexspi_nor_release\obj\fsl_shell.o
#        C:\Users\nxf65135\Desktop\RT1050\smart_washing_machine-master-8266\flexspi_nor_release\obj\fsl_snvs_hp.o
#        C:\Users\nxf65135\Desktop\RT1050\smart_washing_machine-master-8266\flexspi_nor_release\obj\fsl_str.o
#        C:\Users\nxf65135\Desktop\RT1050\smart_washing_machine-master-8266\flexspi_nor_release\obj\fsl_tickless_systick.o
#        C:\Users\nxf65135\Desktop\RT1050\smart_washing_machine-master-8266\flexspi_nor_release\obj\fsl_trng.o
#        C:\Users\nxf65135\Desktop\RT1050\smart_washing_machine-master-8266\flexspi_nor_release\obj\fsl_usdhc.o
#        C:\Users\nxf65135\Desktop\RT1050\smart_washing_machine-master-8266\flexspi_nor_release\obj\fsl_xbara.o
#        C:\Users\nxf65135\Desktop\RT1050\smart_washing_machine-master-8266\flexspi_nor_release\obj\gcm.o
#        C:\Users\nxf65135\Desktop\RT1050\smart_washing_machine-master-8266\flexspi_nor_release\obj\generic_list.o
#        C:\Users\nxf65135\Desktop\RT1050\smart_washing_machine-master-8266\flexspi_nor_release\obj\Graphics.o
#        C:\Users\nxf65135\Desktop\RT1050\smart_washing_machine-master-8266\flexspi_nor_release\obj\HAL_DTLS_mbedtls.o
#        C:\Users\nxf65135\Desktop\RT1050\smart_washing_machine-master-8266\flexspi_nor_release\obj\HAL_TLS_mbedtls.o
#        C:\Users\nxf65135\Desktop\RT1050\smart_washing_machine-master-8266\flexspi_nor_release\obj\havege.o
#        C:\Users\nxf65135\Desktop\RT1050\smart_washing_machine-master-8266\flexspi_nor_release\obj\heap_4.o
#        C:\Users\nxf65135\Desktop\RT1050\smart_washing_machine-master-8266\flexspi_nor_release\obj\hkdf.o
#        C:\Users\nxf65135\Desktop\RT1050\smart_washing_machine-master-8266\flexspi_nor_release\obj\hmac_drbg.o
#        C:\Users\nxf65135\Desktop\RT1050\smart_washing_machine-master-8266\flexspi_nor_release\obj\i2c.o
#        C:\Users\nxf65135\Desktop\RT1050\smart_washing_machine-master-8266\flexspi_nor_release\obj\impl_gateway.o
#        C:\Users\nxf65135\Desktop\RT1050\smart_washing_machine-master-8266\flexspi_nor_release\obj\impl_linkkit.o
#        C:\Users\nxf65135\Desktop\RT1050\smart_washing_machine-master-8266\flexspi_nor_release\obj\impl_ntp.o
#        C:\Users\nxf65135\Desktop\RT1050\smart_washing_machine-master-8266\flexspi_nor_release\obj\impl_solo.o
#        C:\Users\nxf65135\Desktop\RT1050\smart_washing_machine-master-8266\flexspi_nor_release\obj\infra_cjson.o
#        C:\Users\nxf65135\Desktop\RT1050\smart_washing_machine-master-8266\flexspi_nor_release\obj\infra_compat.o
#        C:\Users\nxf65135\Desktop\RT1050\smart_washing_machine-master-8266\flexspi_nor_release\obj\infra_defs.o
#        C:\Users\nxf65135\Desktop\RT1050\smart_washing_machine-master-8266\flexspi_nor_release\obj\infra_log.o
#        C:\Users\nxf65135\Desktop\RT1050\smart_washing_machine-master-8266\flexspi_nor_release\obj\infra_net.o
#        C:\Users\nxf65135\Desktop\RT1050\smart_washing_machine-master-8266\flexspi_nor_release\obj\infra_report.o
#        C:\Users\nxf65135\Desktop\RT1050\smart_washing_machine-master-8266\flexspi_nor_release\obj\infra_sha256.o
#        C:\Users\nxf65135\Desktop\RT1050\smart_washing_machine-master-8266\flexspi_nor_release\obj\infra_string.o
#        C:\Users\nxf65135\Desktop\RT1050\smart_washing_machine-master-8266\flexspi_nor_release\obj\infra_timer.o
#        C:\Users\nxf65135\Desktop\RT1050\smart_washing_machine-master-8266\flexspi_nor_release\obj\iotx_cm.o
#        C:\Users\nxf65135\Desktop\RT1050\smart_washing_machine-master-8266\flexspi_nor_release\obj\iotx_cm_coap.o
#        C:\Users\nxf65135\Desktop\RT1050\smart_washing_machine-master-8266\flexspi_nor_release\obj\iotx_cm_mqtt.o
#        C:\Users\nxf65135\Desktop\RT1050\smart_washing_machine-master-8266\flexspi_nor_release\obj\iotx_mqtt_client.o
#        C:\Users\nxf65135\Desktop\RT1050\smart_washing_machine-master-8266\flexspi_nor_release\obj\ip_cmd.o
#        C:\Users\nxf65135\Desktop\RT1050\smart_washing_machine-master-8266\flexspi_nor_release\obj\ksdk_mbedtls.o
#        C:\Users\nxf65135\Desktop\RT1050\smart_washing_machine-master-8266\flexspi_nor_release\obj\kv.o
#        C:\Users\nxf65135\Desktop\RT1050\smart_washing_machine-master-8266\flexspi_nor_release\obj\kv_adapt.o
#        C:\Users\nxf65135\Desktop\RT1050\smart_washing_machine-master-8266\flexspi_nor_release\obj\kv_cli.o
#        C:\Users\nxf65135\Desktop\RT1050\smart_washing_machine-master-8266\flexspi_nor_release\obj\kv_secure.o
#        C:\Users\nxf65135\Desktop\RT1050\smart_washing_machine-master-8266\emgui\RGB565\libewgfx-m7-iar.a
#        C:\Users\nxf65135\Desktop\RT1050\smart_washing_machine-master-8266\emgui\RTE\libewrte-m7-iar.a
#        C:\Users\nxf65135\Desktop\RT1050\smart_washing_machine-master-8266\flexspi_nor_release\obj\lighting.o
#        C:\Users\nxf65135\Desktop\RT1050\smart_washing_machine-master-8266\flexspi_nor_release\obj\list.o
#        C:\Users\nxf65135\Desktop\RT1050\smart_washing_machine-master-8266\flexspi_nor_release\obj\lpuart_adapter.o
#        C:\Users\nxf65135\Desktop\RT1050\smart_washing_machine-master-8266\flexspi_nor_release\obj\md.o
#        C:\Users\nxf65135\Desktop\RT1050\smart_washing_machine-master-8266\flexspi_nor_release\obj\md2.o
#        C:\Users\nxf65135\Desktop\RT1050\smart_washing_machine-master-8266\flexspi_nor_release\obj\md4.o
#        C:\Users\nxf65135\Desktop\RT1050\smart_washing_machine-master-8266\flexspi_nor_release\obj\md5.o
#        C:\Users\nxf65135\Desktop\RT1050\smart_washing_machine-master-8266\flexspi_nor_release\obj\md_wrap.o
#        C:\Users\nxf65135\Desktop\RT1050\smart_washing_machine-master-8266\flexspi_nor_release\obj\memory_buffer_alloc.o
#        C:\Users\nxf65135\Desktop\RT1050\smart_washing_machine-master-8266\flexspi_nor_release\obj\mqtt_api.o
#        C:\Users\nxf65135\Desktop\RT1050\smart_washing_machine-master-8266\flexspi_nor_release\obj\MQTTConnectClient.o
#        C:\Users\nxf65135\Desktop\RT1050\smart_washing_machine-master-8266\flexspi_nor_release\obj\MQTTDeserializePublish.o
#        C:\Users\nxf65135\Desktop\RT1050\smart_washing_machine-master-8266\flexspi_nor_release\obj\MQTTPacket.o
#        C:\Users\nxf65135\Desktop\RT1050\smart_washing_machine-master-8266\flexspi_nor_release\obj\MQTTSerializePublish.o
#        C:\Users\nxf65135\Desktop\RT1050\smart_washing_machine-master-8266\flexspi_nor_release\obj\MQTTSubscribeClient.o
#        C:\Users\nxf65135\Desktop\RT1050\smart_washing_machine-master-8266\flexspi_nor_release\obj\MQTTUnsubscribeClient.o
#        C:\Users\nxf65135\Desktop\RT1050\smart_washing_machine-master-8266\flexspi_nor_release\obj\net_sockets.o
#        C:\Users\nxf65135\Desktop\RT1050\smart_washing_machine-master-8266\flexspi_nor_release\obj\nist_kw.o
#        C:\Users\nxf65135\Desktop\RT1050\smart_washing_machine-master-8266\flexspi_nor_release\obj\oid.o
#        C:\Users\nxf65135\Desktop\RT1050\smart_washing_machine-master-8266\flexspi_nor_release\obj\padlock.o
#        C:\Users\nxf65135\Desktop\RT1050\smart_washing_machine-master-8266\flexspi_nor_release\obj\pca9634.o
#        C:\Users\nxf65135\Desktop\RT1050\smart_washing_machine-master-8266\flexspi_nor_release\obj\pem.o
#        C:\Users\nxf65135\Desktop\RT1050\smart_washing_machine-master-8266\flexspi_nor_release\obj\pin_mux.o
#        C:\Users\nxf65135\Desktop\RT1050\smart_washing_machine-master-8266\flexspi_nor_release\obj\pk.o
#        C:\Users\nxf65135\Desktop\RT1050\smart_washing_machine-master-8266\flexspi_nor_release\obj\pk_wrap.o
#        C:\Users\nxf65135\Desktop\RT1050\smart_washing_machine-master-8266\flexspi_nor_release\obj\pkcs11.o
#        C:\Users\nxf65135\Desktop\RT1050\smart_washing_machine-master-8266\flexspi_nor_release\obj\pkcs12.o
#        C:\Users\nxf65135\Desktop\RT1050\smart_washing_machine-master-8266\flexspi_nor_release\obj\pkcs5.o
#        C:\Users\nxf65135\Desktop\RT1050\smart_washing_machine-master-8266\flexspi_nor_release\obj\pkparse.o
#        C:\Users\nxf65135\Desktop\RT1050\smart_washing_machine-master-8266\flexspi_nor_release\obj\pkwrite.o
#        C:\Users\nxf65135\Desktop\RT1050\smart_washing_machine-master-8266\flexspi_nor_release\obj\platform.o
#        C:\Users\nxf65135\Desktop\RT1050\smart_washing_machine-master-8266\flexspi_nor_release\obj\platform_util.o
#        C:\Users\nxf65135\Desktop\RT1050\smart_washing_machine-master-8266\flexspi_nor_release\obj\poly1305.o
#        C:\Users\nxf65135\Desktop\RT1050\smart_washing_machine-master-8266\flexspi_nor_release\obj\port.o
#        C:\Users\nxf65135\Desktop\RT1050\smart_washing_machine-master-8266\flexspi_nor_release\obj\portasm.o
#        C:\Users\nxf65135\Desktop\RT1050\smart_washing_machine-master-8266\flexspi_nor_release\obj\queue.o
#        C:\Users\nxf65135\Desktop\RT1050\smart_washing_machine-master-8266\flexspi_nor_release\obj\Resources.o
#        C:\Users\nxf65135\Desktop\RT1050\smart_washing_machine-master-8266\flexspi_nor_release\obj\rgb_light.o
#        C:\Users\nxf65135\Desktop\RT1050\smart_washing_machine-master-8266\flexspi_nor_release\obj\ripemd160.o
#        C:\Users\nxf65135\Desktop\RT1050\smart_washing_machine-master-8266\flexspi_nor_release\obj\root_ca.o
#        C:\Users\nxf65135\Desktop\RT1050\smart_washing_machine-master-8266\flexspi_nor_release\obj\rsa.o
#        C:\Users\nxf65135\Desktop\RT1050\smart_washing_machine-master-8266\flexspi_nor_release\obj\rsa_internal.o
#        C:\Users\nxf65135\Desktop\RT1050\smart_washing_machine-master-8266\flexspi_nor_release\obj\serial_manager.o
#        C:\Users\nxf65135\Desktop\RT1050\smart_washing_machine-master-8266\flexspi_nor_release\obj\serial_port_uart.o
#        C:\Users\nxf65135\Desktop\RT1050\smart_washing_machine-master-8266\flexspi_nor_release\obj\sha1.o
#        C:\Users\nxf65135\Desktop\RT1050\smart_washing_machine-master-8266\flexspi_nor_release\obj\sha256.o
#        C:\Users\nxf65135\Desktop\RT1050\smart_washing_machine-master-8266\flexspi_nor_release\obj\sha512.o
#        C:\Users\nxf65135\Desktop\RT1050\smart_washing_machine-master-8266\flexspi_nor_release\obj\shell.o
#        C:\Users\nxf65135\Desktop\RT1050\smart_washing_machine-master-8266\flexspi_nor_release\obj\ssl_cache.o
#        C:\Users\nxf65135\Desktop\RT1050\smart_washing_machine-master-8266\flexspi_nor_release\obj\ssl_ciphersuites.o
#        C:\Users\nxf65135\Desktop\RT1050\smart_washing_machine-master-8266\flexspi_nor_release\obj\ssl_cli.o
#        C:\Users\nxf65135\Desktop\RT1050\smart_washing_machine-master-8266\flexspi_nor_release\obj\ssl_cookie.o
#        C:\Users\nxf65135\Desktop\RT1050\smart_washing_machine-master-8266\flexspi_nor_release\obj\ssl_srv.o
#        C:\Users\nxf65135\Desktop\RT1050\smart_washing_machine-master-8266\flexspi_nor_release\obj\ssl_ticket.o
#        C:\Users\nxf65135\Desktop\RT1050\smart_washing_machine-master-8266\flexspi_nor_release\obj\ssl_tls.o
#        C:\Users\nxf65135\Desktop\RT1050\smart_washing_machine-master-8266\flexspi_nor_release\obj\startup_MIMXRT1052.o
#        C:\Users\nxf65135\Desktop\RT1050\smart_washing_machine-master-8266\flexspi_nor_release\obj\stream_buffer.o
#        C:\Users\nxf65135\Desktop\RT1050\smart_washing_machine-master-8266\flexspi_nor_release\obj\system_MIMXRT1052.o
#        C:\Users\nxf65135\Desktop\RT1050\smart_washing_machine-master-8266\flexspi_nor_release\obj\tasks.o
#        C:\Users\nxf65135\Desktop\RT1050\smart_washing_machine-master-8266\flexspi_nor_release\obj\Templates.o
#        C:\Users\nxf65135\Desktop\RT1050\smart_washing_machine-master-8266\flexspi_nor_release\obj\threading.o
#        C:\Users\nxf65135\Desktop\RT1050\smart_washing_machine-master-8266\flexspi_nor_release\obj\timers.o
#        C:\Users\nxf65135\Desktop\RT1050\smart_washing_machine-master-8266\flexspi_nor_release\obj\timing.o
#        C:\Users\nxf65135\Desktop\RT1050\smart_washing_machine-master-8266\flexspi_nor_release\obj\tlsf.o
#        C:\Users\nxf65135\Desktop\RT1050\smart_washing_machine-master-8266\flexspi_nor_release\obj\usb_device_cdc_acm.o
#        C:\Users\nxf65135\Desktop\RT1050\smart_washing_machine-master-8266\flexspi_nor_release\obj\usb_device_ch9.o
#        C:\Users\nxf65135\Desktop\RT1050\smart_washing_machine-master-8266\flexspi_nor_release\obj\usb_device_class.o
#        C:\Users\nxf65135\Desktop\RT1050\smart_washing_machine-master-8266\flexspi_nor_release\obj\usb_device_dci.o
#        C:\Users\nxf65135\Desktop\RT1050\smart_washing_machine-master-8266\flexspi_nor_release\obj\usb_device_descriptor.o
#        C:\Users\nxf65135\Desktop\RT1050\smart_washing_machine-master-8266\flexspi_nor_release\obj\usb_device_ehci.o
#        C:\Users\nxf65135\Desktop\RT1050\smart_washing_machine-master-8266\flexspi_nor_release\obj\usb_osa_freertos.o
#        C:\Users\nxf65135\Desktop\RT1050\smart_washing_machine-master-8266\flexspi_nor_release\obj\usb_phy.o
#        C:\Users\nxf65135\Desktop\RT1050\smart_washing_machine-master-8266\flexspi_nor_release\obj\version.o
#        C:\Users\nxf65135\Desktop\RT1050\smart_washing_machine-master-8266\flexspi_nor_release\obj\version_features.o
#        C:\Users\nxf65135\Desktop\RT1050\smart_washing_machine-master-8266\flexspi_nor_release\obj\Views.o
#        C:\Users\nxf65135\Desktop\RT1050\smart_washing_machine-master-8266\flexspi_nor_release\obj\virtual_com.o
#        C:\Users\nxf65135\Desktop\RT1050\smart_washing_machine-master-8266\flexspi_nor_release\obj\Washer.o
#        C:\Users\nxf65135\Desktop\RT1050\smart_washing_machine-master-8266\flexspi_nor_release\obj\washing_machine.o
#        C:\Users\nxf65135\Desktop\RT1050\smart_washing_machine-master-8266\flexspi_nor_release\obj\wiced_iperf.o
#        C:\Users\nxf65135\Desktop\RT1050\smart_washing_machine-master-8266\flexspi_nor_release\obj\wrapper.o
#        C:\Users\nxf65135\Desktop\RT1050\smart_washing_machine-master-8266\flexspi_nor_release\obj\x509.o
#        C:\Users\nxf65135\Desktop\RT1050\smart_washing_machine-master-8266\flexspi_nor_release\obj\x509_create.o
#        C:\Users\nxf65135\Desktop\RT1050\smart_washing_machine-master-8266\flexspi_nor_release\obj\x509_crl.o
#        C:\Users\nxf65135\Desktop\RT1050\smart_washing_machine-master-8266\flexspi_nor_release\obj\x509_crt.o
#        C:\Users\nxf65135\Desktop\RT1050\smart_washing_machine-master-8266\flexspi_nor_release\obj\x509_csr.o
#        C:\Users\nxf65135\Desktop\RT1050\smart_washing_machine-master-8266\flexspi_nor_release\obj\x509write_crt.o
#        C:\Users\nxf65135\Desktop\RT1050\smart_washing_machine-master-8266\flexspi_nor_release\obj\x509write_csr.o
#        C:\Users\nxf65135\Desktop\RT1050\smart_washing_machine-master-8266\flexspi_nor_release\obj\xtea.o
#        --redirect _Printf=_PrintfFullNoMb --redirect _Scanf=_ScanfFullNoMb
#        --no_out_extension -o
#        C:\Users\nxf65135\Desktop\RT1050\smart_washing_machine-master-8266\flexspi_nor_release\smart_washing_machine.out
#        --config_def __stack_size__=0x1000 --config_def __heap_size__=0x1000
#        --map
#        C:\Users\nxf65135\Desktop\RT1050\smart_washing_machine-master-8266\flexspi_nor_release\list\smart_washing_machine.map
#        --config
#        C:\Users\nxf65135\Desktop\RT1050\smart_washing_machine-master-8266\MIMXRT1052xxxxx_flexspi_nor.icf
#        --semihosting --entry __iar_program_start --vfe --text_out locale)
#
###############################################################################

*******************************************************************************
*** RUNTIME MODEL ATTRIBUTES
***

CppFlavor       = *
__Heap_Handler  = DLMalloc
__SystemLibrary = DLib
__dlib_version  = 6


*******************************************************************************
*** HEAP SELECTION
***

The advanced heap was selected because the application calls memory
allocation functions outside of system library functions, and there
are calls to deallocation functions in the application.


*******************************************************************************
*** PLACEMENT SUMMARY
***

"A0":  place at address 0x6000'2000 { ro section .intvec };
"A1":  place at address 0x6000'0000 { section .boot_hdr.conf };
"A2":  place at address 0x6000'1000 { section .boot_hdr.ivt };
"A3":  place at address 0x6000'1020 { ro section .boot_hdr.boot_data };
"A4":  place at address 0x6000'1030 { ro section .boot_hdr.dcd_data };
"P1":  place in [from 0x6000'2000 to 0x6000'23ff] |
                [from 0x6000'2400 to 0x63bf'ffff] { ro };
define block RW { rw };
"P2":  place in [from 0x2000'0000 to 0x2001'efff] { block RW };
define block ZI { zi };
"P3":  place in [from 0x2000'0000 to 0x2001'efff] { block ZI };
define block NCACHE_VAR { section NonCacheable, section NonCacheable.init };
"P5":  place in [from 0x2000'0000 to 0x2001'efff] { block NCACHE_VAR };
define block HEAP with size = 4K, alignment = 8 { };
"P4":  place in [from 0x2000'0000 to 0x2001'efff] { last block HEAP };
define block CSTACK with size = 4K, alignment = 8 { };
"P6":  place in [from 0x2001'f000 to 0x2001'ffff] { block CSTACK };
define block FREERTOSHEAP { section FreeRTOSHeap };
"P7":  place in [from 0x0 to 0x1'ffff] { block FREERTOSHEAP };
initialize by copy {
   rw, object flexspi_hyper_flash_ops.o, object fsl_flexspi.o,
   section .textrw };
keep {
   section .boot_hdr.conf, section .boot_hdr.ivt, section .boot_hdr.boot_data,
   section .boot_hdr.dcd_data };

No sections matched the following patterns:

  section NonCacheable       in block NCACHE_VAR
  section NonCacheable.init  in block NCACHE_VAR


  Section              Kind         Address      Size  Object
  -------              ----         -------      ----  ------
"P7":                                        0x2'0000
  FREERTOSHEAP                          0x0  0x2'0000  <Block>
    FreeRTOSHeap       zero             0x0  0x2'0000  heap_4.o [1]
                                 - 0x2'0000  0x2'0000

"P2-P3|P5", part 1 of 2:                       0x1078
  RW                            0x2000'0000    0x1078  <Block>
    RW-1                        0x2000'0000    0x1078  <Init block>
      .rodata          inited   0x2000'0000       0x4  fsl_flexspi.o [1]
      .text            inited   0x2000'0004     0x2b4  flexspi_hyper_flash_ops.o [1]
      Veneer           inited   0x2000'02b8       0x8  - Linker created -
      .text            inited   0x2000'02c0     0x72c  fsl_flexspi.o [1]
      .data            inited   0x2000'09ec       0xc  cJSON.o [1]
      .data            inited   0x2000'09f8      0x38  dev_sign_mqtt.o [1]
      .data            inited   0x2000'0a30      0xe0  dm_client.o [1]
      .data            inited   0x2000'0b10       0x4  dm_log_report.o [1]
      .data            inited   0x2000'0b14       0x4  dm_log_report.o [1]
      .data            inited   0x2000'0b18      0x14  dm_opt.o [1]
      .data            inited   0x2000'0b2c      0x14  esp8266.o [1]
      .data            inited   0x2000'0b40      0x20  flexspi_hyper_flash_ops.o [1]
      .data            inited   0x2000'0b60     0x100  flexspi_hyper_flash_ops.o [1]
      .data            inited   0x2000'0c60      0x28  fsl_elcdif.o [1]
      .data            inited   0x2000'0c88      0x90  infra_compat.o [1]
      .data            inited   0x2000'0d18      0x18  infra_defs.o [1]
      .data            inited   0x2000'0d30      0x18  infra_defs.o [1]
      .data            inited   0x2000'0d48     0x10c  infra_log.o [1]
      .data            inited   0x2000'0e54      0x1c  infra_log.o [1]
      .data            inited   0x2000'0e70      0x1c  infra_log.o [1]
      .data            inited   0x2000'0e8c       0x4  infra_report.o [1]
      .data            inited   0x2000'0e90       0x4  port.o [1]
      .data            inited   0x2000'0e94       0x4  system_MIMXRT1052.o [1]
      .data            inited   0x2000'0e98      0x5c  washing_machine.o [1]
      .data            inited   0x2000'0ef4      0x44  washing_machine.o [1]
      .data            inited   0x2000'0f38      0x18  wrapper.o [1]
      .data            inited   0x2000'0f50       0x4  ewgfx.o [3]
      .data            inited   0x2000'0f54      0xc8  ewgfx.o [3]
      .data            inited   0x2000'101c      0x50  ewgfxcore.o [3]
      .data            inited   0x2000'106c       0x8  rand.o [2]
      .rodata          inited   0x2000'1074       0x2  fsl_flexspi.o [1]
      .data            inited   0x2000'1076       0x1  ew_bsp_graphics.o [1]
      .data            inited   0x2000'1077       0x1  ewextgfx.o [1]
                              - 0x2000'1078    0x1078

"P2-P3|P5", part 2 of 2:                       0x1a0c
  ZI                            0x2000'1078    0x1a0c  <Block>
    .bss               zero     0x2000'1078     0x138  at_conn_mgmt.o [1]
    .bss               zero     0x2000'11b0       0x4  at_conn_mgmt.o [1]
    .bss               zero     0x2000'11b4       0x4  at_conn_mgmt.o [1]
    .bss               zero     0x2000'11b8      0x14  at_parser.o [1]
    .bss               zero     0x2000'11cc      0xc8  at_parser.o [1]
    .bss               zero     0x2000'1294     0x200  at_parser.o [1]
    .bss               zero     0x2000'1494       0x8  cJSON.o [1]
    .bss               zero     0x2000'149c       0x4  DeviceDriver.o [1]
    .bss               zero     0x2000'14a0      0x10  dm_api.o [1]
    .bss               zero     0x2000'14b0       0xc  dm_client_adapter.o [1]
    .bss               zero     0x2000'14bc      0x14  dm_ipc.o [1]
    .bss               zero     0x2000'14d0       0x4  dm_log_report.o [1]
    .bss               zero     0x2000'14d4       0x4  dm_log_report.o [1]
    .bss               zero     0x2000'14d8       0x4  dm_log_report.o [1]
    .bss               zero     0x2000'14dc      0x40  dm_log_report.o [1]
    .bss               zero     0x2000'151c       0x4  dm_log_report.o [1]
    .bss               zero     0x2000'1520      0x10  dm_manager.o [1]
    .bss               zero     0x2000'1530       0x4  dm_manager.o [1]
    .bss               zero     0x2000'1534       0x4  dm_message.o [1]
    .bss               zero     0x2000'1538      0x10  dm_message_cache.o [1]
    .bss               zero     0x2000'1548      0x3c  esp8266.o [1]
    .bss               zero     0x2000'1584       0x4  esp8266.o [1]
    .bss               zero     0x2000'1588      0x10  esp8266.o [1]
    .bss               zero     0x2000'1598       0x4  esp8266.o [1]
    .bss               zero     0x2000'159c       0x4  esp8266.o [1]
    .bss               zero     0x2000'15a0       0x8  esp8266.o [1]
    .bss               zero     0x2000'15a8       0x4  esp8266.o [1]
    .bss               zero     0x2000'15ac     0x100  esp8266_at.o [1]
    .bss               zero     0x2000'16ac     0x200  esp8266_at.o [1]
    .bss               zero     0x2000'18ac      0x38  esp8266_at.o [1]
    .bss               zero     0x2000'18e4       0x4  ew_bsp_clock.o [1]
    .bss               zero     0x2000'18e8       0x4  ew_bsp_display.o [1]
    .bss               zero     0x2000'18ec       0x4  ew_bsp_display.o [1]
    .bss               zero     0x2000'18f0       0x4  ew_bsp_event.o [1]
    .bss               zero     0x2000'18f4       0x4  ew_bsp_graphics.o [1]
    .bss               zero     0x2000'18f8      0x14  ew_bsp_graphics.o [1]
    .bss               zero     0x2000'190c      0x14  ew_bsp_graphics.o [1]
    .bss               zero     0x2000'1920       0xc  ew_bsp_graphics.o [1]
    .bss               zero     0x2000'192c       0x4  ew_bsp_graphics.o [1]
    .bss               zero     0x2000'1930       0x4  ew_bsp_inout.o [1]
    .bss               zero     0x2000'1934      0x3c  ew_bsp_touch.o [1]
    .bss               zero     0x2000'1970       0x4  ew_bsp_touch.o [1]
    .bss               zero     0x2000'1974       0x4  ew_bsp_touch.o [1]
    .bss               zero     0x2000'1978       0x4  ewextgfx.o [1]
    .bss               zero     0x2000'197c       0x4  ewextgfx.o [1]
    .bss               zero     0x2000'1980       0x4  ewextrte.o [1]
    .bss               zero     0x2000'1984       0x4  ewmain.o [1]
    .bss               zero     0x2000'1988       0x4  ewmain.o [1]
    .bss               zero     0x2000'198c       0x4  ewmain.o [1]
    .bss               zero     0x2000'1990       0x4  ewmain.o [1]
    .bss               zero     0x2000'1994       0x4  fsl_clock.o [1]
    .bss               zero     0x2000'1998       0x4  fsl_clock.o [1]
    .bss               zero     0x2000'199c      0x1c  fsl_debug_console.o [1]
    .bss               zero     0x2000'19b8       0x4  fsl_debug_console.o [1]
    .bss               zero     0x2000'19bc      0x80  fsl_edma.o [1]
    .bss               zero     0x2000'1a3c       0x4  fsl_lpi2c.o [1]
    .bss               zero     0x2000'1a40      0x14  fsl_lpi2c.o [1]
    .bss               zero     0x2000'1a54       0x4  fsl_lpi2c.o [1]
    .bss               zero     0x2000'1a58      0x14  fsl_lpi2c.o [1]
    .bss               zero     0x2000'1a6c      0x24  fsl_lpuart.o [1]
    .bss               zero     0x2000'1a90       0x4  fsl_lpuart.o [1]
    .bss               zero     0x2000'1a94       0xc  fsl_usdhc.o [1]
    .bss               zero     0x2000'1aa0       0x4  fsl_usdhc.o [1]
    .bss               zero     0x2000'1aa4       0x8  heap_4.o [1]
    .bss               zero     0x2000'1aac       0x4  heap_4.o [1]
    .bss               zero     0x2000'1ab0       0x4  heap_4.o [1]
    .bss               zero     0x2000'1ab4       0x4  heap_4.o [1]
    .bss               zero     0x2000'1ab8       0x4  heap_4.o [1]
    .bss               zero     0x2000'1abc      0x18  impl_linkkit.o [1]
    .bss               zero     0x2000'1ad4       0x4  impl_linkkit.o [1]
    .bss               zero     0x2000'1ad8      0xe0  infra_compat.o [1]
    .bss               zero     0x2000'1bb8      0x18  infra_compat.o [1]
    .bss               zero     0x2000'1bd0       0x4  infra_compat.o [1]
    .bss               zero     0x2000'1bd4       0x4  infra_report.o [1]
    .bss               zero     0x2000'1bd8       0x4  infra_report.o [1]
    .bss               zero     0x2000'1bdc       0x4  infra_string.o [1]
    .bss               zero     0x2000'1be0       0x4  infra_string.o [1]
    .bss               zero     0x2000'1be4       0x4  iotx_cm.o [1]
    .bss               zero     0x2000'1be8       0xc  iotx_cm.o [1]
    .bss               zero     0x2000'1bf4       0x4  iotx_cm.o [1]
    .bss               zero     0x2000'1bf8       0x4  iotx_cm_mqtt.o [1]
    .bss               zero     0x2000'1bfc       0x4  iotx_mqtt_client.o [1]
    .bss               zero     0x2000'1c00      0x90  kv.o [1]
    .bss               zero     0x2000'1c90       0x4  kv_adapt.o [1]
    .bss               zero     0x2000'1c94     0x200  kv_adapt.o [1]
    .bss               zero     0x2000'1e94       0x4  mqtt_api.o [1]
    .bss               zero     0x2000'1e98     0x24c  mqtt_api.o [1]
    .bss               zero     0x2000'20e4      0x10  mqtt_api.o [1]
    .bss               zero     0x2000'20f4       0x4  MQTTPacket.o [1]
    .bss               zero     0x2000'20f8       0x4  port.o [1]
    .bss               zero     0x2000'20fc      0x40  queue.o [1]
    .bss               zero     0x2000'213c       0x4  tasks.o [1]
    .bss               zero     0x2000'2140      0x64  tasks.o [1]
    .bss               zero     0x2000'21a4      0x14  tasks.o [1]
    .bss               zero     0x2000'21b8      0x14  tasks.o [1]
    .bss               zero     0x2000'21cc       0x4  tasks.o [1]
    .bss               zero     0x2000'21d0       0x4  tasks.o [1]
    .bss               zero     0x2000'21d4      0x14  tasks.o [1]
    .bss               zero     0x2000'21e8      0x14  tasks.o [1]
    .bss               zero     0x2000'21fc       0x4  tasks.o [1]
    .bss               zero     0x2000'2200      0x14  tasks.o [1]
    .bss               zero     0x2000'2214       0x4  tasks.o [1]
    .bss               zero     0x2000'2218       0x4  tasks.o [1]
    .bss               zero     0x2000'221c       0x4  tasks.o [1]
    .bss               zero     0x2000'2220       0x4  tasks.o [1]
    .bss               zero     0x2000'2224       0x4  tasks.o [1]
    .bss               zero     0x2000'2228       0x4  tasks.o [1]
    .bss               zero     0x2000'222c       0x4  tasks.o [1]
    .bss               zero     0x2000'2230       0x4  tasks.o [1]
    .bss               zero     0x2000'2234       0x4  tasks.o [1]
    .bss               zero     0x2000'2238       0x4  tasks.o [1]
    .bss               zero     0x2000'223c       0x4  tasks.o [1]
    .bss               zero     0x2000'2240      0x14  timers.o [1]
    .bss               zero     0x2000'2254      0x14  timers.o [1]
    .bss               zero     0x2000'2268       0x4  timers.o [1]
    .bss               zero     0x2000'226c       0x4  timers.o [1]
    .bss               zero     0x2000'2270       0x4  timers.o [1]
    .bss               zero     0x2000'2274       0x4  timers.o [1]
    .bss               zero     0x2000'2278       0x4  timers.o [1]
    .bss               zero     0x2000'227c      0x1c  virtual_com.o [1]
    .bss               zero     0x2000'2298      0x10  washing_machine.o [1]
    .bss               zero     0x2000'22a8       0x4  washing_machine.o [1]
    .bss               zero     0x2000'22ac       0x4  washing_machine.o [1]
    .bss               zero     0x2000'22b0       0x8  washing_machine.o [1]
    .bss               zero     0x2000'22b8       0x4  washing_machine.o [1]
    .bss               zero     0x2000'22bc     0x1b0  wrapper.o [1]
    .bss               zero     0x2000'246c      0x38  wrapper.o [1]
    .bss               zero     0x2000'24a4      0x30  wrapper.o [1]
    .bss               zero     0x2000'24d4     0x200  wrapper.o [1]
    .bss               zero     0x2000'26d4       0x4  wrapper.o [1]
    .bss               zero     0x2000'26d8       0x8  ewslot.o [4]
    .bss               zero     0x2000'26e0       0xc  ewslot.o [4]
    .bss               zero     0x2000'26ec      0x3c  ewobject.o [4]
    .bss               zero     0x2000'2728       0x4  ewtimer.o [4]
    .bss               zero     0x2000'272c       0x8  ewtimer.o [4]
    .bss               zero     0x2000'2734       0x4  ewresource.o [4]
    .bss               zero     0x2000'2738       0x8  ewresource.o [4]
    .bss               zero     0x2000'2740      0x10  ewresource.o [4]
    .bss               zero     0x2000'2750       0x4  ewgfx.o [3]
    .bss               zero     0x2000'2754       0x4  ewgfx.o [3]
    .bss               zero     0x2000'2758      0x10  ewstring.o [4]
    .bss               zero     0x2000'2768       0x8  ewgfxcore.o [3]
    .bss               zero     0x2000'2770       0x8  ewgfxcore.o [3]
    .bss               zero     0x2000'2778       0x8  ewgfxcore.o [3]
    .bss               zero     0x2000'2780       0x8  ewgfxcore.o [3]
    .bss               zero     0x2000'2788      0x34  ewgfxtasks.o [3]
    .bss               zero     0x2000'27bc      0x34  ewgfxtasks.o [3]
    .bss               zero     0x2000'27f0       0xc  ewgfxtasks.o [3]
    .bss               zero     0x2000'27fc      0x84  rand.o [2]
    .bss               zero     0x2000'2880      0x18  dlmalloc.o [2]
    .bss               zero     0x2000'2898     0x1d8  dlmalloc.o [2]
    .bss               zero     0x2000'2a70       0x4  xgetmemchunk.o [2]
    .bss               zero     0x2000'2a74       0x4  xfail_s.o [2]
    .bss               zero     0x2000'2a78       0x1  at_parser.o [1]
    .bss               zero     0x2000'2a79       0x1  dm_log_report.o [1]
    .bss               zero     0x2000'2a7a       0x1  esp8266.o [1]
    .bss               zero     0x2000'2a7b       0x1  esp8266.o [1]
    .bss               zero     0x2000'2a7c       0x1  esp8266.o [1]
    .bss               zero     0x2000'2a7d       0x1  ew_bsp_graphics.o [1]
    .bss               zero     0x2000'2a7e       0x1  infra_compat.o [1]
    .bss               zero     0x2000'2a7f       0x1  port.o [1]
    .bss               zero     0x2000'2a80       0x1  washing_machine.o [1]
    .bss               zero     0x2000'2a81       0x1  washing_machine.o [1]
                              - 0x2000'2a84    0x1a0c

"P4":                                          0x1000
  HEAP                          0x2000'2a88    0x1000  <Block>
    HEAP               uninit   0x2000'2a88    0x1000  <Block tail>
                              - 0x2000'3a88    0x1000

"P6":                                          0x1000
  CSTACK                        0x2001'f000    0x1000  <Block>
    CSTACK             uninit   0x2001'f000    0x1000  <Block tail>
                              - 0x2002'0000    0x1000

"A1":                                           0x200
  .boot_hdr.conf       const    0x6000'0000     0x200  evkbimxrt1050_flexspi_nor_config.o [1]
                              - 0x6000'0200     0x200

"A2":                                            0x20
  .boot_hdr.ivt        const    0x6000'1000      0x20  fsl_flexspi_nor_boot.o [1]
                              - 0x6000'1020      0x20

"A3":                                            0x10
  .boot_hdr.boot_data  const    0x6000'1020      0x10  fsl_flexspi_nor_boot.o [1]
                              - 0x6000'1030      0x10

"A4":                                           0x430
  .boot_hdr.dcd_data   const    0x6000'1030     0x430  evkbimxrt1050_sdram_ini_dcd.o [1]
                              - 0x6000'1460     0x430

"A0":                                           0x400
  .intvec              ro code  0x6000'2000     0x400  startup_MIMXRT1052.o [1]
                              - 0x6000'2400     0x400

"P1":                                        0x7'6bed
  .text                ro code  0x6000'2400    0x8b04  Core.o [1]
  .text                ro code  0x6000'af04     0x710  ewdebug.o [4]
  .text                ro code  0x6000'b614     0x16c  ewextrte.o [1]
  .text                ro code  0x6000'b780     0x528  ewobject.o [4]
  .text                ro code  0x6000'bca8     0x53c  ewslot.o [4]
  .text                ro code  0x6000'c1e4     0x36c  ewrect.o [4]
  .text                ro code  0x6000'c550       0x6  ABImemclr4.o [6]
  .text                ro code  0x6000'c556      0x3a  zero_init3.o [6]
  .text                ro code  0x6000'c590      0xa6  ABImemcpy.o [6]
  .text                ro code  0x6000'c636      0x9e  ewpoint.o [4]
  .text                ro code  0x6000'c6d4      0xf0  ewcolor.o [4]
  .text                ro code  0x6000'c7c4     0x21c  Resources.o [1]
  .text                ro code  0x6000'c9e0     0x8ee  Graphics.o [1]
  .text                ro code  0x6000'd2ce      0x1a  xsnprout.o [2]
  .text                ro code  0x6000'd2e8     0xb00  ewstring.o [4]
  .text                ro code  0x6000'dde8      0x12  ewscalars.o [4]
  .text                ro code  0x6000'ddfa       0xa  xsprout.o [2]
  .text                ro code  0x6000'de04    0x3c00  ewgfx.o [3]
  .text                ro code  0x6001'1a04    0x1240  Effects.o [1]
  .text                ro code  0x6001'2c44      0x8a  ewref.o [4]
  .rodata              const    0x6001'2cce       0x2  dev_sign_mqtt.o [1]
  .text                ro code  0x6001'2cd0     0x448  ewresource.o [4]
  .text                ro code  0x6001'3118     0x28c  ewtimer.o [4]
  .text                ro code  0x6001'33a4     0x640  tlsf.o [1]
  .text                ro code  0x6001'39e4       0xa  ew_bsp_serial.o [1]
  .rodata              const    0x6001'39ee       0x2  dev_sign_mqtt.o [1]
  .text                ro code  0x6001'39f0     0x2c4  ew_bsp_clock.o [1]
  .text                ro code  0x6001'3cb4      0x66  ABImemset.o [6]
  .rodata              const    0x6001'3d1a       0x2  dev_sign_mqtt.o [1]
  .text                ro code  0x6001'3d1c      0x96  ABImemmove.o [6]
  .rodata              const    0x6001'3db2       0x2  fsl_elcdif.o [1]
  .text                ro code  0x6001'3db4     0x1d4  cos_sin32.o [5]
  .text                ro code  0x6001'3f88      0x1e  sqrtf.o [5]
  .rodata              const    0x6001'3fa6       0x2  fsl_elcdif.o [1]
  .text                ro code  0x6001'3fa8     0x380  pow32.o [5]
  .text                ro code  0x6001'4328      0xa4  rand.o [2]
  .text                ro code  0x6001'43cc      0x3c  floorf.o [5]
  .text                ro code  0x6001'4408      0x32  ABImemset48.o [6]
  .rodata              const    0x6001'443a       0x2  fsl_pxp.o [1]
  .text                ro code  0x6001'443c     0x5fe  ewgfxattrtext.o [3]
  .text                ro code  0x6001'4a3a       0x2  startup_MIMXRT1052.o [1]
  .text                ro code  0x6001'4a3c    0x1018  ewgfxcore.o [3]
  .text                ro code  0x6001'5a54    0x71e4  ewextpxl_RGB565.o [3]
  .text                ro code  0x6001'cc38     0xb60  ewextgfx.o [1]
  .text                ro code  0x6001'd798     0x3c6  ewextbmp_RGB565.o [3]
  .text                ro code  0x6001'db5e       0x2  startup_MIMXRT1052.o [1]
  .text                ro code  0x6001'db60     0x438  ewextfnt.o [3]
  .text                ro code  0x6001'df98    0x14e4  ewgfxbidi.o [3]
  .text                ro code  0x6001'f47c    0x238c  ewgfxtasks.o [3]
  .text                ro code  0x6002'1808     0x14c  fsl_debug_console.o [1]
  .text                ro code  0x6002'1954     0x7fc  fsl_clock.o [1]
  .text                ro code  0x6002'2150     0xdd4  tasks.o [1]
  .text                ro code  0x6002'2f24     0x258  port.o [1]
  .text                ro code  0x6002'317c     0x27e  fsl_snvs_hp.o [1]
  .text                ro code  0x6002'33fa       0x2  startup_MIMXRT1052.o [1]
  .text                ro code  0x6002'33fc      0x48  frexpf.o [5]
  .text                ro code  0x6002'3444     0x23c  iar_Exp32.o [5]
  .text                ro code  0x6002'3680    0x1ff0  ewgfxdriver.o [3]
  .text                ro code  0x6002'5670     0x414  ew_bsp_graphics.o [1]
  .text                ro code  0x6002'5a84     0x318  ew_bsp_display.o [1]
  .text                ro code  0x6002'5d9c      0x96  serial_manager.o [1]
  .text                ro code  0x6002'5e32       0x2  startup_MIMXRT1052.o [1]
  .text                ro code  0x6002'5e34     0x8bc  fsl_str.o [1]
  .text                ro code  0x6002'66f0     0x260  heap_4.o [1]
  .text                ro code  0x6002'6950      0x98  list.o [1]
  .text                ro code  0x6002'69e8     0x4fc  timers.o [1]
  CODE                 ro code  0x6002'6ee4      0xb0  portasm.o [1]
  .text                ro code  0x6002'6f94      0xc4  ldexpf.o [5]
  .text                ro code  0x6002'7058     0x9c2  queue.o [1]
  .text                ro code  0x6002'7a1a       0x2  startup_MIMXRT1052.o [1]
  .text                ro code  0x6002'7a1c     0x1dc  fsl_pxp.o [1]
  .text                ro code  0x6002'7bf8     0x178  fsl_gpio.o [1]
  .text                ro code  0x6002'7d70     0x14e  fsl_elcdif.o [1]
  .text                ro code  0x6002'7ebe      0x46  serial_port_uart.o [1]
  .text                ro code  0x6002'7f04     0x274  I64DivMod.o [6]
  .text                ro code  0x6002'8178      0x9e  modf.o [5]
  .text                ro code  0x6002'8216       0x2  startup_MIMXRT1052.o [1]
  .text                ro code  0x6002'8218     0x560  pow64.o [5]
  .text                ro code  0x6002'8778      0x5c  DblToS64.o [5]
  .text                ro code  0x6002'87d4      0x52  S64ToDbl.o [5]
  .rodata              const    0x6002'8826       0x1  iotx_mqtt_client.o [1]
  .rodata              const    0x6002'8827       0x1  kv.o [1]
  .text                ro code  0x6002'8828      0x36  strlen.o [6]
  .rodata              const    0x6002'885e       0x1  kv.o [1]
  .rodata              const    0x6002'885f       0x1  MQTTConnectClient.o [1]
  .text                ro code  0x6002'8860      0xb4  lpuart_adapter.o [1]
  .text                ro code  0x6002'8914       0x2  I64DivZer.o [6]
  .rodata              const    0x6002'8916       0x1  MQTTConnectClient.o [1]
  .rodata              const    0x6002'8917       0x1  MQTTConnectClient.o [1]
  .text                ro code  0x6002'8918      0x88  frexp.o [5]
  .text                ro code  0x6002'89a0     0x330  iar_Exp64.o [5]
  .text                ro code  0x6002'8cd0     0x940  fsl_lpuart.o [1]
  .text                ro code  0x6002'9610     0x104  ldexp.o [5]
  .text                ro code  0x6002'9714    0x7884  Washer.o [1]
  .text                ro code  0x6003'0f98     0x1b0  DeviceDriver.o [1]
  .text                ro code  0x6003'1148    0x318c  Views.o [1]
  .text                ro code  0x6003'42d4    0x1e90  washing_machine.o [1]
  .text                ro code  0x6003'6164      0xd0  ew_bsp_inout.o [1]
  .text                ro code  0x6003'6234     0x2e6  wrapper.o [1]
  .rodata              const    0x6003'651a       0x1  MQTTConnectClient.o [1]
  .rodata              const    0x6003'651b       0x1  MQTTDeserializePublish.o [1]
  .text                ro code  0x6003'651c      0x12  strcmp.o [6]
  .rodata              const    0x6003'652e       0x1  MQTTDeserializePublish.o [1]
  .rodata              const    0x6003'652f       0x1  MQTTSerializePublish.o [1]
  .text                ro code  0x6003'6530      0x70  strncpy.o [6]
  .text                ro code  0x6003'65a0     0x9d8  cJSON.o [1]
  .text                ro code  0x6003'6f78      0x18  strcpy.o [6]
  .text                ro code  0x6003'6f90     0x150  iar_Stoulx.o [2]
  .text                ro code  0x6003'70e0    0x15f4  impl_linkkit.o [1]
  .text                ro code  0x6003'86d4      0x68  memcmp.o [6]
  .text                ro code  0x6003'873c     0x338  infra_log.o [1]
  .text                ro code  0x6003'8a74     0x250  infra_compat.o [1]
  .text                ro code  0x6003'8cc4      0x2e  at_api.o [1]
  .rodata              const    0x6003'8cf2       0x1  MQTTSerializePublish.o [1]
  .rodata              const    0x6003'8cf3       0x1  MQTTSubscribeClient.o [1]
  Veneer               ro code  0x6003'8cf4       0x8  - Linker created -
  .text                ro code  0x6003'8cfc     0x194  wiced_iperf.o [1]
  .text                ro code  0x6003'8e90     0x2ec  board.o [1]
  .text                ro code  0x6003'917c     0x318  fsl_lpuart_freertos.o [1]
  .text                ro code  0x6003'9494      0x3c  vsnprint.o [2]
  .text                ro code  0x6003'94d0       0xc  tolower.o [2]
  .text                ro code  0x6003'94dc     0x45e  strto64.o [5]
  .text                ro code  0x6003'993a      0x28  strncmp.o [2]
  .rodata              const    0x6003'9962       0x1  MQTTSubscribeClient.o [1]
  .rodata              const    0x6003'9963       0x1  MQTTUnsubscribeClient.o [1]
  .text                ro code  0x6003'9964      0x58  memchr.o [6]
  .text                ro code  0x6003'99bc     0x2d0  dm_utils.o [1]
  .text                ro code  0x6003'9c8c     0x1ac  infra_string.o [1]
  .text                ro code  0x6003'9e38     0x5f2  dm_api.o [1]
  .rodata              const    0x6003'a42a       0x1  Washer.o [1]
  .rodata              const    0x6003'a42b       0x1  Washer.o [1]
  .text                ro code  0x6003'a42c     0x484  dm_log_report.o [1]
  .text                ro code  0x6003'a8b0     0xa44  at_parser.o [1]
  .text                ro code  0x6003'b2f4     0x6b4  at_conn_mgmt.o [1]
  .text                ro code  0x6003'b9a8     0x508  ewmain.o [1]
  .text                ro code  0x6003'beb0     0x1cc  esp8266_at.o [1]
  .text                ro code  0x6003'c07c     0xedc  pin_mux.o [1]
  .text                ro code  0x6003'cf58     0x778  clock_config.o [1]
  .text                ro code  0x6003'd6d0     0x7cc  kv.o [1]
  .text                ro code  0x6003'de9c     0x2bc  event_groups.o [1]
  .text                ro code  0x6003'e158     0xfa6  xprintffull_nomb.o [2]
  .text                ro code  0x6003'f0fe     0x120  iar_Stopfx.o [2]
  .rodata              const    0x6003'f21e       0x1  Washer.o [1]
  .rodata              const    0x6003'f21f       0x1  Washer.o [1]
  .text                ro code  0x6003'f220     0x1a8  iar_Stoflt.o [2]
  .text                ro code  0x6003'f3c8     0x20c  iar_Stoxflt.o [2]
  .text                ro code  0x6003'f5d4     0xa90  infra_cjson.o [1]
  .text                ro code  0x6004'0064     0x328  dm_message_cache.o [1]
  .text                ro code  0x6004'038c     0x172  dm_client_adapter.o [1]
  .rodata              const    0x6004'04fe       0x1  Washer.o [1]
  .text                ro code  0x6004'0500     0xe80  dm_manager.o [1]
  .text                ro code  0x6004'1380     0x1ea  dm_ipc.o [1]
  .text                ro code  0x6004'156c    0x122c  dm_message.o [1]
  .text                ro code  0x6004'2798     0x4f0  dm_client.o [1]
  .text                ro code  0x6004'2c88      0xa4  dm_opt.o [1]
  .text                ro code  0x6004'2d2c      0x2c  strstr.o [2]
  .text                ro code  0x6004'2d58     0x2ae  at_conn_mbox.o [1]
  .text                ro code  0x6004'3008    0x1064  esp8266.o [1]
  .text                ro code  0x6004'406c      0x9c  ew_bsp_touch.o [1]
  .text                ro code  0x6004'4108      0x34  ew_bsp_event.o [1]
  .text                ro code  0x6004'413c      0x14  memset.o [6]
  .text                ro code  0x6004'4150      0x40  sprintf.o [2]
  Veneer               ro code  0x6004'4190       0x8  - Linker created -
  Veneer               ro code  0x6004'4198       0x8  - Linker created -
  .text                ro code  0x6004'41a0     0x230  kv_adapt.o [1]
  .text                ro code  0x6004'43d0       0x2  kv_cli.o [1]
  .text                ro code  0x6004'43d4      0x16  strchr.o [6]
  .text                ro code  0x6004'43ec      0x40  xfail_s.o [2]
  .text                ro code  0x6004'442c      0x2e  DblCmpLe.o [5]
  .text                ro code  0x6004'445c      0x2e  DblCmpGe.o [5]
  .text                ro code  0x6004'448a       0xe  DblToS32.o [5]
  .text                ro code  0x6004'4498       0xe  S32ToDbl.o [5]
  .text                ro code  0x6004'44a6      0x12  DblSub.o [5]
  .text                ro code  0x6004'44b8      0x12  DblDiv.o [5]
  .text                ro code  0x6004'44ca       0xe  DblToU32.o [5]
  .text                ro code  0x6004'44d8       0xe  U32ToDbl.o [5]
  .text                ro code  0x6004'44e6      0x12  DblMul.o [5]
  .text                ro code  0x6004'44f8     0x414  iotx_cm.o [1]
  .text                ro code  0x6004'490c     0x388  infra_report.o [1]
  .text                ro code  0x6004'4c94     0x5e8  dm_msg_process.o [1]
  .text                ro code  0x6004'527c     0x654  fsl_lpi2c.o [1]
  .text                ro code  0x6004'58d0      0xe4  fsl_ft5406_rt.o [1]
  .text                ro code  0x6004'59b4      0x40  fsl_cache.o [1]
  .text                ro code  0x6004'59f4       0x6  abort.o [2]
  .text                ro code  0x6004'59fc     0x5bc  iotx_cm_mqtt.o [1]
  .text                ro code  0x6004'5fb8      0x14  exit.o [7]
  .text                ro code  0x6004'5fcc      0x8c  infra_timer.o [1]
  .text                ro code  0x6004'6058     0x8c4  mqtt_api.o [1]
  .text                ro code  0x6004'691c    0x2ddc  iotx_mqtt_client.o [1]
  .text                ro code  0x6004'96f8     0x5b0  dev_sign_mqtt.o [1]
  .text                ro code  0x6004'9ca8     0x1c8  infra_net.o [1]
  .text                ro code  0x6004'9e70     0x290  MQTTConnectClient.o [1]
  .text                ro code  0x6004'a100     0x228  MQTTPacket.o [1]
  .text                ro code  0x6004'a328      0xfc  MQTTDeserializePublish.o [1]
  .text                ro code  0x6004'a424     0x160  MQTTSubscribeClient.o [1]
  .text                ro code  0x6004'a584     0x130  MQTTSerializePublish.o [1]
  .text                ro code  0x6004'a6b4      0xf0  MQTTUnsubscribeClient.o [1]
  .text                ro code  0x6004'a7a4     0x49a  infra_sha256.o [1]
  .text                ro code  0x6004'ac40     0x238  at_tcp.o [1]
  .rodata              const    0x6004'ae78    0x643c  Washer.o [1]
  .rodata              const    0x6005'12b4    0x3b5c  Washer.o [1]
  .rodata              const    0x6005'4e10    0x27a4  Washer.o [1]
  .rodata              const    0x6005'75b4    0x2410  Washer.o [1]
  .rodata              const    0x6005'99c4    0x22a4  Washer.o [1]
  .rodata              const    0x6005'bc68    0x215c  Washer.o [1]
  .rodata              const    0x6005'ddc4    0x1f2c  Washer.o [1]
  .text                ro code  0x6005'fcf0    0x1ce4  dlmalloc.o [2]
  .text                ro code  0x6006'19d4      0x2c  xgetmemchunk.o [2]
  .rodata              const    0x6006'1a00    0x1ba0  Washer.o [1]
  .rodata              const    0x6006'35a0    0x1914  Washer.o [1]
  .rodata              const    0x6006'4eb4    0x11fc  Washer.o [1]
  .rodata              const    0x6006'60b0    0x113c  Washer.o [1]
  .rodata              const    0x6006'71ec     0xe58  ewgfx.o [3]
  .rodata              const    0x6006'8044     0xce4  ewgfxbidi.o [3]
  .rodata              const    0x6006'8d28     0xc20  Washer.o [1]
  .rodata              const    0x6006'9948     0xc20  Washer.o [1]
  .rodata              const    0x6006'a568     0xc20  Washer.o [1]
  .rodata              const    0x6006'b188     0xc20  Washer.o [1]
  .rodata              const    0x6006'bda8     0xbec  Washer.o [1]
  .rodata              const    0x6006'c994     0x6a0  Washer.o [1]
  .rodata              const    0x6006'd034     0x5b0  ewgfxbidi.o [3]
  .text                ro code  0x6006'd5e4     0x550  usb_device_ehci.o [1]
  .text                ro code  0x6006'db34     0x1a0  usb_device_dci.o [1]
  .text                ro code  0x6006'dcd4      0x9c  usb_osa_freertos.o [1]
  .rodata              const    0x6006'dd70     0x450  ewgfxtasks.o [3]
  .text                ro code  0x6006'e1c0     0x430  fsl_edma.o [1]
  .rodata              const    0x6006'e5f0     0x420  pow64.o [5]
  .rodata              const    0x6006'ea10     0x280  ewgfxbidi.o [3]
  .rodata              const    0x6006'ec90     0x218  Core.o [1]
  .rodata              const    0x6006'eea8     0x200  ewextpxl_RGB565.o [3]
  .rodata              const    0x6006'f0a8     0x1f4  ewgfxtasks.o [3]
  .rodata              const    0x6006'f29c     0x1f4  ewgfxtasks.o [3]
  .rodata              const    0x6006'f490     0x1f4  ewgfxtasks.o [3]
  .text                ro code  0x6006'f684     0x1f0  lz77_init.o [6]
  .rodata              const    0x6006'f874     0x190  Graphics.o [1]
  .rodata              const    0x6006'fa04     0x174  Washer.o [1]
  .text                ro code  0x6006'fb78     0x14a  system_MIMXRT1052.o [1]
  .rodata              const    0x6006'fcc4     0x108  Washer.o [1]
  .rodata              const    0x6006'fdcc     0x100  infra_sha256.o [1]
  .rodata              const    0x6006'fecc      0xf4  ewgfxtasks.o [3]
  .rodata              const    0x6006'ffc0      0xf4  ewgfxtasks.o [3]
  .rodata              const    0x6007'00b4      0xf4  ewgfxtasks.o [3]
  .rodata              const    0x6007'01a8      0xd0  infra_report.o [1]
  .rodata              const    0x6007'0278      0xd0  Washer.o [1]
  .rodata              const    0x6007'0348      0x94  ewgfxtasks.o [3]
  .rodata              const    0x6007'03dc      0x84  Application.o [1]
  .rodata              const    0x6007'0460      0x84  Core.o [1]
  .rodata              const    0x6007'04e4      0x84  Core.o [1]
  .rodata              const    0x6007'0568      0x84  Core.o [1]
  .rodata              const    0x6007'05ec      0x84  Core.o [1]
  .rodata              const    0x6007'0670      0x84  Washer.o [1]
  .rodata              const    0x6007'06f4      0x84  Washer.o [1]
  .rodata              const    0x6007'0778      0x84  Washer.o [1]
  .rodata              const    0x6007'07fc      0x84  Washer.o [1]
  .rodata              const    0x6007'0880      0x84  Washer.o [1]
  .rodata              const    0x6007'0904      0x84  Washer.o [1]
  .rodata              const    0x6007'0988      0x84  Washer.o [1]
  .rodata              const    0x6007'0a0c      0x84  Washer.o [1]
  .rodata              const    0x6007'0a90      0x84  Washer.o [1]
  .rodata              const    0x6007'0b14      0x84  Washer.o [1]
  .rodata              const    0x6007'0b98      0x84  Washer.o [1]
  .rodata              const    0x6007'0c1c      0x84  Washer.o [1]
  .rodata              const    0x6007'0ca0      0x84  Washer.o [1]
  .rodata              const    0x6007'0d24      0x84  Washer.o [1]
  .rodata              const    0x6007'0da8      0x84  Washer.o [1]
  .rodata              const    0x6007'0e2c      0x84  Washer.o [1]
  .rodata              const    0x6007'0eb0      0x84  Washer.o [1]
  .rodata              const    0x6007'0f34      0x84  Washer.o [1]
  .rodata              const    0x6007'0fb8      0x84  Washer.o [1]
  .rodata              const    0x6007'103c      0x84  ewgfxcore.o [3]
  .text                ro code  0x6007'10c0      0x7c  Application.o [1]
  .rodata              const    0x6007'113c      0x6c  ewdebug.o [4]
  .rodata              const    0x6007'11a8      0x6c  ewdebug.o [4]
  .rodata              const    0x6007'1214      0x64  Effects.o [1]
  .rodata              const    0x6007'1278      0x64  ewdebug.o [4]
  .rodata              const    0x6007'12dc      0x60  Core.o [1]
  .rodata              const    0x6007'133c      0x60  Core.o [1]
  .rodata              const    0x6007'139c      0x60  Core.o [1]
  .rodata              const    0x6007'13fc      0x60  Core.o [1]
  .rodata              const    0x6007'145c      0x60  Views.o [1]
  .rodata              const    0x6007'14bc      0x60  Views.o [1]
  .rodata              const    0x6007'151c      0x60  Views.o [1]
  .rodata              const    0x6007'157c      0x60  Views.o [1]
  .rodata              const    0x6007'15dc      0x60  Views.o [1]
  .rodata              const    0x6007'163c      0x60  Washer.o [1]
  .rodata              const    0x6007'169c      0x5c  Core.o [1]
  .rodata              const    0x6007'16f8      0x5c  Core.o [1]
  .rodata              const    0x6007'1754      0x5c  Core.o [1]
  .rodata              const    0x6007'17b0      0x5c  ewextgfx.o [1]
  .rodata              const    0x6007'180c      0x58  ewextgfx.o [1]
  .rodata              const    0x6007'1864      0x58  iotx_mqtt_client.o [1]
  .rodata              const    0x6007'18bc      0x58  Resources.o [1]
  .rodata              const    0x6007'1914      0x58  washing_machine.o [1]
  .rodata              const    0x6007'196c      0x58  ewdebug.o [4]
  .rodata              const    0x6007'19c4      0x54  washing_machine.o [1]
  .rodata              const    0x6007'1a18      0x54  ewdebug.o [4]
  .rodata              const    0x6007'1a6c      0x50  fsl_lpuart_freertos.o [1]
  .rodata              const    0x6007'1abc      0x50  iar_Stoulx.o [2]
  .rodata              const    0x6007'1b0c      0x4c  dm_message.o [1]
  .rodata              const    0x6007'1b58      0x48  dm_message.o [1]
  .rodata              const    0x6007'1ba0      0x48  infra_log.o [1]
  .rodata              const    0x6007'1be8      0x48  iotx_mqtt_client.o [1]
  .rodata              const    0x6007'1c30      0x48  iotx_mqtt_client.o [1]
  .rodata              const    0x6007'1c78      0x48  strto64.o [5]
  .rodata              const    0x6007'1cc0      0x44  dm_api.o [1]
  .rodata              const    0x6007'1d04      0x44  dm_message.o [1]
  .rodata              const    0x6007'1d48      0x44  esp8266.o [1]
  .rodata              const    0x6007'1d8c      0x44  iotx_mqtt_client.o [1]
  .rodata              const    0x6007'1dd0      0x44  mqtt_api.o [1]
  .rodata              const    0x6007'1e14      0x44  washing_machine.o [1]
  .rodata              const    0x6007'1e58      0x40  esp8266.o [1]
  .rodata              const    0x6007'1e98      0x40  esp8266.o [1]
  .rodata              const    0x6007'1ed8      0x40  Graphics.o [1]
  .rodata              const    0x6007'1f18      0x40  infra_sha256.o [1]
  .rodata              const    0x6007'1f58      0x40  Resources.o [1]
  .rodata              const    0x6007'1f98      0x40  tlsf.o [1]
  .rodata              const    0x6007'1fd8      0x3c  at_tcp.o [1]
  .rodata              const    0x6007'2014      0x3c  Core.o [1]
  .rodata              const    0x6007'2050      0x3c  Core.o [1]
  .rodata              const    0x6007'208c      0x3c  Core.o [1]
  .rodata              const    0x6007'20c8      0x3c  dm_api.o [1]
  .rodata              const    0x6007'2104      0x3c  Effects.o [1]
  .rodata              const    0x6007'2140      0x3c  Effects.o [1]
  .rodata              const    0x6007'217c      0x3c  Effects.o [1]
  .rodata              const    0x6007'21b8      0x3c  Effects.o [1]
  .rodata              const    0x6007'21f4      0x3c  ewextgfx.o [1]
  .rodata              const    0x6007'2230      0x3c  iotx_mqtt_client.o [1]
  .rodata              const    0x6007'226c      0x3c  iotx_mqtt_client.o [1]
  .rodata              const    0x6007'22a8      0x3c  iotx_mqtt_client.o [1]
  .rodata              const    0x6007'22e4      0x3c  washing_machine.o [1]
  .rodata              const    0x6007'2320      0x3c  washing_machine.o [1]
  .rodata              const    0x6007'235c      0x38  Core.o [1]
  .rodata              const    0x6007'2394      0x38  Core.o [1]
  .rodata              const    0x6007'23cc      0x38  Core.o [1]
  .rodata              const    0x6007'2404      0x38  Core.o [1]
  .rodata              const    0x6007'243c      0x38  Core.o [1]
  .rodata              const    0x6007'2474      0x38  Core.o [1]
  .rodata              const    0x6007'24ac      0x38  Core.o [1]
  .rodata              const    0x6007'24e4      0x38  Core.o [1]
  .rodata              const    0x6007'251c      0x38  Core.o [1]
  .rodata              const    0x6007'2554      0x38  Core.o [1]
  .rodata              const    0x6007'258c      0x38  Core.o [1]
  .rodata              const    0x6007'25c4      0x38  Core.o [1]
  .rodata              const    0x6007'25fc      0x38  Core.o [1]
  .rodata              const    0x6007'2634      0x38  Core.o [1]
  .rodata              const    0x6007'266c      0x38  Core.o [1]
  .rodata              const    0x6007'26a4      0x38  dm_message.o [1]
  .rodata              const    0x6007'26dc      0x38  Effects.o [1]
  .rodata              const    0x6007'2714      0x38  Effects.o [1]
  .rodata              const    0x6007'274c      0x38  esp8266.o [1]
  .rodata              const    0x6007'2784      0x38  esp8266.o [1]
  .rodata              const    0x6007'27bc      0x38  ewmain.o [1]
  .rodata              const    0x6007'27f4      0x38  ewmain.o [1]
  .rodata              const    0x6007'282c      0x38  ewmain.o [1]
  .rodata              const    0x6007'2864      0x38  ewmain.o [1]
  .rodata              const    0x6007'289c      0x38  ewmain.o [1]
  .rodata              const    0x6007'28d4      0x38  ewmain.o [1]
  .rodata              const    0x6007'290c      0x38  ewmain.o [1]
  .rodata              const    0x6007'2944      0x38  ewmain.o [1]
  .rodata              const    0x6007'297c      0x38  ewmain.o [1]
  .rodata              const    0x6007'29b4      0x38  ewmain.o [1]
  .rodata              const    0x6007'29ec      0x38  ewmain.o [1]
  .rodata              const    0x6007'2a24      0x38  ewmain.o [1]
  .rodata              const    0x6007'2a5c      0x38  ewmain.o [1]
  .rodata              const    0x6007'2a94      0x38  ewmain.o [1]
  .rodata              const    0x6007'2acc      0x38  ewmain.o [1]
  .rodata              const    0x6007'2b04      0x38  ewmain.o [1]
  .rodata              const    0x6007'2b3c      0x38  ewmain.o [1]
  .rodata              const    0x6007'2b74      0x38  ewmain.o [1]
  .rodata              const    0x6007'2bac      0x38  ewmain.o [1]
  .rodata              const    0x6007'2be4      0x38  ewmain.o [1]
  .rodata              const    0x6007'2c1c      0x38  ewmain.o [1]
  .rodata              const    0x6007'2c54      0x38  ewmain.o [1]
  .rodata              const    0x6007'2c8c      0x38  ewmain.o [1]
  .rodata              const    0x6007'2cc4      0x38  ewmain.o [1]
  .rodata              const    0x6007'2cfc      0x38  ewmain.o [1]
  .rodata              const    0x6007'2d34      0x38  infra_report.o [1]
  .rodata              const    0x6007'2d6c      0x38  iotx_mqtt_client.o [1]
  .rodata              const    0x6007'2da4      0x38  iotx_mqtt_client.o [1]
  .rodata              const    0x6007'2ddc      0x38  Resources.o [1]
  .rodata              const    0x6007'2e14      0x38  Washer.o [1]
  .rodata              const    0x6007'2e4c      0x38  Washer.o [1]
  .rodata              const    0x6007'2e84      0x38  washing_machine.o [1]
  .rodata              const    0x6007'2ebc      0x38  washing_machine.o [1]
  .rodata              const    0x6007'2ef4      0x38  washing_machine.o [1]
  .rodata              const    0x6007'2f2c      0x38  washing_machine.o [1]
  .rodata              const    0x6007'2f64      0x38  washing_machine.o [1]
  .rodata              const    0x6007'2f9c      0x38  wiced_iperf.o [1]
  .rodata              const    0x6007'2fd4      0x34  at_tcp.o [1]
  .rodata              const    0x6007'3008      0x34  dm_log_report.o [1]
  .rodata              const    0x6007'303c      0x34  dm_manager.o [1]
  .rodata              const    0x6007'3070      0x34  dm_message.o [1]
  .rodata              const    0x6007'30a4      0x34  esp8266.o [1]
  .rodata              const    0x6007'30d8      0x34  esp8266.o [1]
  .rodata              const    0x6007'310c      0x34  ew_bsp_clock.o [1]
  .rodata              const    0x6007'3140      0x34  ew_bsp_clock.o [1]
  .rodata              const    0x6007'3174      0x34  tlsf.o [1]
  .rodata              const    0x6007'31a8      0x34  tlsf.o [1]
  .rodata              const    0x6007'31dc      0x34  wiced_iperf.o [1]
  .rodata              const    0x6007'3210      0x34  ewobject.o [4]
  .rodata              const    0x6007'3244      0x34  ewgfxtasks.o [3]
  .rodata              const    0x6007'3278      0x34  ewgfxtasks.o [3]
  .rodata              const    0x6007'32ac      0x30  dev_sign_mqtt.o [1]
  .rodata              const    0x6007'32dc      0x30  dm_message.o [1]
  .rodata              const    0x6007'330c      0x30  esp8266.o [1]
  .rodata              const    0x6007'333c      0x30  esp8266.o [1]
  .rodata              const    0x6007'336c      0x30  esp8266.o [1]
  .rodata              const    0x6007'339c      0x30  esp8266.o [1]
  .rodata              const    0x6007'33cc      0x30  ewextgfx.o [1]
  .rodata              const    0x6007'33fc      0x30  ewmain.o [1]
  .rodata              const    0x6007'342c      0x30  ewmain.o [1]
  .rodata              const    0x6007'345c      0x30  ewmain.o [1]
  .rodata              const    0x6007'348c      0x30  ewmain.o [1]
  .rodata              const    0x6007'34bc      0x30  ewmain.o [1]
  .rodata              const    0x6007'34ec      0x30  ewmain.o [1]
  .rodata              const    0x6007'351c      0x30  ewmain.o [1]
  .rodata              const    0x6007'354c      0x30  ewmain.o [1]
  .rodata              const    0x6007'357c      0x30  ewmain.o [1]
  .rodata              const    0x6007'35ac      0x30  ewmain.o [1]
  .rodata              const    0x6007'35dc      0x30  infra_report.o [1]
  .rodata              const    0x6007'360c      0x30  iotx_mqtt_client.o [1]
  .rodata              const    0x6007'363c      0x30  iotx_mqtt_client.o [1]
  .rodata              const    0x6007'366c      0x30  kv_adapt.o [1]
  .rodata              const    0x6007'369c      0x30  Washer.o [1]
  .rodata              const    0x6007'36cc      0x30  Washer.o [1]
  .rodata              const    0x6007'36fc      0x30  Washer.o [1]
  .rodata              const    0x6007'372c      0x30  Washer.o [1]
  .rodata              const    0x6007'375c      0x30  Washer.o [1]
  .rodata              const    0x6007'378c      0x30  Washer.o [1]
  .rodata              const    0x6007'37bc      0x30  Washer.o [1]
  .rodata              const    0x6007'37ec      0x30  Washer.o [1]
  .rodata              const    0x6007'381c      0x30  Washer.o [1]
  .rodata              const    0x6007'384c      0x30  washing_machine.o [1]
  .rodata              const    0x6007'387c      0x30  washing_machine.o [1]
  .rodata              const    0x6007'38ac      0x30  washing_machine.o [1]
  .rodata              const    0x6007'38dc      0x30  wiced_iperf.o [1]
  .rodata              const    0x6007'390c      0x30  ewdebug.o [4]
  .text                ro code  0x6007'393c      0x30  fsl_usdhc.o [1]
  .rodata              const    0x6007'396c      0x2c  dm_manager.o [1]
  .rodata              const    0x6007'3998      0x2c  dm_manager.o [1]
  .rodata              const    0x6007'39c4      0x2c  dm_message.o [1]
  .rodata              const    0x6007'39f0      0x2c  dm_message.o [1]
  .rodata              const    0x6007'3a1c      0x2c  esp8266.o [1]
  .rodata              const    0x6007'3a48      0x2c  esp8266.o [1]
  .rodata              const    0x6007'3a74      0x2c  esp8266.o [1]
  .rodata              const    0x6007'3aa0      0x2c  iotx_mqtt_client.o [1]
  .rodata              const    0x6007'3acc      0x2c  iotx_mqtt_client.o [1]
  .rodata              const    0x6007'3af8      0x2c  Washer.o [1]
  .rodata              const    0x6007'3b24      0x2c  Washer.o [1]
  .rodata              const    0x6007'3b50      0x2c  Washer.o [1]
  .rodata              const    0x6007'3b7c      0x2c  Washer.o [1]
  .rodata              const    0x6007'3ba8      0x2c  Washer.o [1]
  .rodata              const    0x6007'3bd4      0x2c  washing_machine.o [1]
  .rodata              const    0x6007'3c00      0x2c  washing_machine.o [1]
  .rodata              const    0x6007'3c2c      0x2c  washing_machine.o [1]
  .rodata              const    0x6007'3c58      0x2c  ewstring.o [4]
  .rodata              const    0x6007'3c84      0x28  DeviceDriver.o [1]
  .rodata              const    0x6007'3cac      0x28  DeviceDriver.o [1]
  .rodata              const    0x6007'3cd4      0x28  DeviceDriver.o [1]
  .rodata              const    0x6007'3cfc      0x28  DeviceDriver.o [1]
  .rodata              const    0x6007'3d24      0x28  DeviceDriver.o [1]
  .rodata              const    0x6007'3d4c      0x28  DeviceDriver.o [1]
  .rodata              const    0x6007'3d74      0x28  DeviceDriver.o [1]
  .rodata              const    0x6007'3d9c      0x28  dm_log_report.o [1]
  .rodata              const    0x6007'3dc4      0x28  dm_manager.o [1]
  .rodata              const    0x6007'3dec      0x28  dm_message.o [1]
  .rodata              const    0x6007'3e14      0x28  dm_message.o [1]
  .rodata              const    0x6007'3e3c      0x28  dm_message.o [1]
  .rodata              const    0x6007'3e64      0x28  dm_msg_process.o [1]
  .rodata              const    0x6007'3e8c      0x28  esp8266.o [1]
  .rodata              const    0x6007'3eb4      0x28  esp8266.o [1]
  .rodata              const    0x6007'3edc      0x28  esp8266.o [1]
  .rodata              const    0x6007'3f04      0x28  infra_defs.o [1]
  .rodata              const    0x6007'3f2c      0x28  infra_defs.o [1]
  .rodata              const    0x6007'3f54      0x28  infra_defs.o [1]
  .rodata              const    0x6007'3f7c      0x28  infra_defs.o [1]
  .rodata              const    0x6007'3fa4      0x28  infra_defs.o [1]
  .rodata              const    0x6007'3fcc      0x28  infra_defs.o [1]
  .rodata              const    0x6007'3ff4      0x28  infra_log.o [1]
  .rodata              const    0x6007'401c      0x28  infra_net.o [1]
  .rodata              const    0x6007'4044      0x28  infra_report.o [1]
  .rodata              const    0x6007'406c      0x28  infra_report.o [1]
  .rodata              const    0x6007'4094      0x28  iotx_mqtt_client.o [1]
[...]
sqrtf                   0x6001'3f89            Code  Gb  sqrtf.o [5]
srand                   0x6001'43b3       0xa  Code  Gb  rand.o [2]
start_cmd_type_str      0x2000'0b2c      0x14  Data  Lc  esp8266.o [1]
stop_sample             0x6003'a5fd      0x26  Code  Gb  dm_log_report.o [1]
strchr                  0x6004'43d5            Code  Gb  strchr.o [6]
strcmp                  0x6003'651d            Code  Gb  strcmp.o [6]
strcpy                  0x6003'6f79            Code  Gb  strcpy.o [6]
strlen                  0x6002'8829            Code  Gb  strlen.o [6]
strncmp                 0x6003'993b      0x28  Code  Gb  strncmp.o [2]
strncpy                 0x6003'6531            Code  Gb  strncpy.o [6]
strstr                  0x6004'2d2d      0x2c  Code  Gb  strstr.o [2]
strtod                  0x6003'9935       0x6  Code  Gb  strto64.o [5]
strtold                 0x6003'9935       0x6  Code  Gb  strto64.o [5]
switch_status           0x2000'14d8       0x4  Data  Lc  dm_log_report.o [1]
sysPllConfig_BOARD_BootClockRUN
                        0x6007'6054      0x14  Data  Gb  clock_config.o [1]
t_handle                0x2000'24a4      0x30  Data  Gb  wrapper.o [1]
tlsf_add_pool           0x6001'3871      0xa6  Code  Gb  tlsf.o [1]
tlsf_create             0x6001'3917      0x2a  Code  Gb  tlsf.o [1]
tlsf_create_with_pool   0x6001'3941      0x2a  Code  Gb  tlsf.o [1]
tlsf_destroy            0x6001'396b       0x2  Code  Gb  tlsf.o [1]
tlsf_ffs                0x6001'33e3      0x10  Code  Lc  tlsf.o [1]
tlsf_fls                0x6001'33f3       0xa  Code  Lc  tlsf.o [1]
tlsf_fls_generic        0x6001'33a5      0x3e  Code  Lc  tlsf.o [1]
tlsf_free               0x6001'398f      0x30  Code  Gb  tlsf.o [1]
tlsf_malloc             0x6001'396d      0x22  Code  Gb  tlsf.o [1]
tlsf_pool_overhead      0x6001'3869       0x8  Code  Gb  tlsf.o [1]
tlsf_size               0x6001'3863       0x6  Code  Gb  tlsf.o [1]
tolower                 0x6003'94d1       0xc  Code  Gb  tolower.o [2]
touchHandle             0x2000'1934      0x3c  Data  Lc  ew_bsp_touch.o [1]
try_realloc_chunk       0x6006'1631     0x318  Code  Lc  dlmalloc.o [2]
uart3                   0x2000'18ac      0x38  Data  Gb  esp8266_at.o [1]
uart3_rxbuf             0x2000'16ac     0x200  Data  Gb  esp8266_at.o [1]
uart3_txbuf             0x2000'15ac     0x100  Data  Gb  esp8266_at.o [1]
ucHeap                          0x0  0x2'0000  Data  Lc  heap_4.o [1]
ucMaxSysCallPriority    0x2000'2a7f       0x1  Data  Lc  port.o [1]
udpTaskNotify           0x2000'159c       0x4  Data  Lc  esp8266.o [1]
udp_broad_list          0x2000'15a0       0x8  Data  Gb  esp8266.o [1]
udp_broadcast_cnt       0x2000'15a8       0x4  Data  Gb  esp8266.o [1]
ulMaxPRIGROUPValue      0x2000'20f8       0x4  Data  Lc  port.o [1]
utf16_literal_to_utf8   0x6003'67ab      0xf6  Code  Lc  cJSON.o [1]
utils_hmac_sha256       0x6004'ab75      0xca  Code  Gb  infra_sha256.o [1]
utils_net_read          0x6004'9d27      0x2a  Code  Gb  infra_net.o [1]
utils_net_read::__FUNCTION__
                        0x6007'6d6c      0x10  Data  Lc  infra_net.o [1]
utils_net_write         0x6004'9d51      0x2c  Code  Gb  infra_net.o [1]
utils_net_write::__FUNCTION__
                        0x6007'6d7c      0x10  Data  Lc  infra_net.o [1]
utils_sha256_finish     0x6004'aa2f     0x11e  Code  Gb  infra_sha256.o [1]
utils_sha256_init       0x6004'a7a5      0x10  Code  Gb  infra_sha256.o [1]
utils_sha256_process    0x6004'a7e7     0x1b4  Code  Gb  infra_sha256.o [1]
utils_sha256_starts     0x6004'a7b5      0x32  Code  Gb  infra_sha256.o [1]
utils_sha256_update     0x6004'a99b      0x94  Code  Gb  infra_sha256.o [1]
utils_time_countdown_ms
                        0x6004'6045      0x14  Code  Gb  infra_timer.o [1]
utils_time_is_expired   0x6004'6017      0x24  Code  Gb  infra_timer.o [1]
utils_time_spend        0x6004'5fdd      0x16  Code  Gb  infra_timer.o [1]
uxCriticalNesting       0x2000'0e90       0x4  Data  Lc  port.o [1]
uxCurrentNumberOfTasks  0x2000'2214       0x4  Data  Lc  tasks.o [1]
uxDeletedTasksWaitingCleanUp
                        0x2000'21fc       0x4  Data  Lc  tasks.o [1]
uxListRemove            0x6002'69c3      0x26  Code  Gb  list.o [1]
uxPendedTicks           0x2000'2224       0x4  Data  Lc  tasks.o [1]
uxSchedulerSuspended    0x2000'223c       0x4  Data  Lc  tasks.o [1]
uxTaskNumber            0x2000'2230       0x4  Data  Lc  tasks.o [1]
uxTaskResetEventItemValue
                        0x6002'2ca1      0x16  Code  Gb  tasks.o [1]
uxTopReadyPriority      0x2000'221c       0x4  Data  Lc  tasks.o [1]
vEventGroupDelete       0x6003'e0d7      0x42  Code  Gb  event_groups.o [1]
vEventGroupSetBitsCallback
                        0x6003'e119       0x8  Code  Gb  event_groups.o [1]
vListInitialise         0x6002'6951      0x1e  Code  Gb  list.o [1]
vListInitialiseItem     0x6002'696f       0x6  Code  Gb  list.o [1]
vListInsert             0x6002'698d      0x36  Code  Gb  list.o [1]
vListInsertEnd          0x6002'6975      0x18  Code  Gb  list.o [1]
vPortEnableVFP          0x6002'6f79            Code  Gb  portasm.o [1]
vPortEnterCritical      0x6002'3045      0x34  Code  Gb  port.o [1]
vPortExitCritical       0x6002'3079      0x2c  Code  Gb  port.o [1]
vPortFree               0x6002'6805      0x72  Code  Gb  heap_4.o [1]
vPortStartFirstTask     0x6002'6f59            Code  Gb  portasm.o [1]
vPortValidateInterruptPriority
                        0x6002'30cd      0x4a  Code  Gb  port.o [1]
vQueueAddToRegistry     0x6002'7983      0x24  Code  Gb  queue.o [1]
vQueueDelete            0x6002'77f1      0x26  Code  Gb  queue.o [1]
vQueueUnregisterQueue   0x6002'79a7      0x26  Code  Gb  queue.o [1]
vQueueWaitForMessageRestricted
                        0x6002'79d1      0x4a  Code  Gb  queue.o [1]
vTaskDelay              0x6002'23f1      0x4c  Code  Gb  tasks.o [1]
vTaskDelete             0x6002'2325      0xcc  Code  Gb  tasks.o [1]
vTaskInternalSetTimeOutState
                        0x6002'28bd      0x12  Code  Gb  tasks.o [1]
vTaskMissedYield        0x6002'2955       0xa  Code  Gb  tasks.o [1]
vTaskPlaceOnEventList   0x6002'26e9      0x2e  Code  Gb  tasks.o [1]
vTaskPlaceOnEventListRestricted
                        0x6002'2765      0x38  Code  Gb  tasks.o [1]
vTaskPlaceOnUnorderedEventList
                        0x6002'2717      0x4e  Code  Gb  tasks.o [1]
vTaskPriorityDisinheritAfterTimeout
                        0x6002'2bdb      0xb4  Code  Gb  tasks.o [1]
vTaskRemoveFromUnorderedEventList
                        0x6002'2839      0x7c  Code  Gb  tasks.o [1]
vTaskStartScheduler     0x6002'243d      0x6c  Code  Gb  tasks.o [1]
vTaskSuspendAll         0x6002'24a9       0xc  Code  Gb  tasks.o [1]
vTaskSwitchContext      0x6002'267f      0x6a  Code  Gb  tasks.o [1]
vsnprintf               0x6003'9495      0x3c  Code  Gb  vsnprint.o [2]
wifi_init               0x6003'8d77      0x56  Code  Gb  wiced_iperf.o [1]
wm_build_property_name_value
                        0x6003'5655     0x3a8  Code  Lc  washing_machine.o [1]
wm_button_pressed       0x6003'5e99       0x8  Code  Gb  washing_machine.o [1]
wm_connected_event_handler
                        0x6003'47b3      0x2e  Code  Lc  washing_machine.o [1]
wm_connected_event_handler::__func__
                        0x6007'5738      0x1c  Data  Lc  washing_machine.o [1]
wm_cota_event_handler   0x6003'550d      0xea  Code  Lc  washing_machine.o [1]
wm_cota_event_handler::__func__
                        0x6007'5fb8      0x18  Data  Lc  washing_machine.o [1]
wm_disconnected_event_handler
                        0x6003'47e1      0x2e  Code  Lc  washing_machine.o [1]
wm_disconnected_event_handler::__func__
                        0x6007'4efc      0x20  Data  Lc  washing_machine.o [1]
wm_dry_switch_set_handle
                        0x6003'4985      0x5e  Code  Gb  washing_machine.o [1]
wm_dryswitch_changed_by_gui
                        0x6003'5dd9      0x5c  Code  Gb  washing_machine.o [1]
wm_finish_timer_periodic_cb
                        0x6003'4be5      0x64  Code  Lc  washing_machine.o [1]
wm_finish_timer_periodic_cb::cnt
                        0x2000'22b8       0x4  Data  Lc  washing_machine.o [1]
wm_finishtimer_timeout_cb
                        0x6003'4bbf      0x26  Code  Lc  washing_machine.o [1]
wm_fota_event_handler   0x6003'54b5      0x4e  Code  Lc  washing_machine.o [1]
wm_fota_event_handler::__func__
                        0x6007'5fa0      0x18  Data  Lc  washing_machine.o [1]
wm_ib                   0x2000'0ef4      0x44  Data  Lc  washing_machine.o [1]
wm_ib_default_set       0x6003'43b9      0x18  Code  Lc  washing_machine.o [1]
wm_init                 0x6003'5ead      0x4a  Code  Lc  washing_machine.o [1]
wm_initialized          0x6003'480f      0x2e  Code  Lc  washing_machine.o [1]
wm_initialized::__func__
                        0x6007'74ac      0x10  Data  Lc  washing_machine.o [1]
wm_left_time_calculate  0x6003'4345      0x74  Code  Lc  washing_machine.o [1]
wm_left_time_valid_check
                        0x6003'430d      0x38  Code  Lc  washing_machine.o [1]
wm_lefttime_set_handle  0x6003'4cf1      0x5a  Code  Gb  washing_machine.o [1]
wm_local_periodic_cb    0x6003'466b       0xe  Code  Lc  washing_machine.o [1]
wm_local_timer_event_hdl
                        0x6003'467d     0x136  Code  Lc  washing_machine.o [1]
wm_localtimer_timeout_cb
                        0x6003'4641      0x2a  Code  Lc  washing_machine.o [1]
wm_minute_changed_by_gui
                        0x6003'5bcd      0xc4  Code  Gb  washing_machine.o [1]
wm_post_event           0x6003'5a91      0x52  Code  Gb  washing_machine.o [1]
wm_post_event::__func__
                        0x6007'74fc      0x10  Data  Lc  washing_machine.o [1]
wm_properties           0x2000'0e98      0x5c  Data  Gb  washing_machine.o [1]
wm_property_hal_set     0x6003'5191      0x30  Code  Lc  washing_machine.o [1]
wm_property_ib_set      0x6003'4df9     0x38e  Code  Lc  washing_machine.o [1]
wm_property_post        0x6003'5a01      0x78  Code  Gb  washing_machine.o [1]
wm_property_set_event_handler
                        0x6003'51e1      0xa6  Code  Lc  washing_machine.o [1]
wm_property_set_event_handler::__func__
                        0x6007'4f5c      0x20  Data  Lc  washing_machine.o [1]
wm_report_all_pro_to_cloud
                        0x6003'5ae3      0x58  Code  Gb  washing_machine.o [1]
wm_report_all_to_gui    0x6003'5b3d      0x5c  Code  Gb  washing_machine.o [1]
wm_report_dryswitch_to_gui
                        0x6003'5b99      0x34  Code  Gb  washing_machine.o [1]
wm_report_reply_event_handler
                        0x6003'483d      0x76  Code  Lc  washing_machine.o [1]
wm_report_reply_event_handler::__func__
                        0x6007'4f1c      0x20  Data  Lc  washing_machine.o [1]
wm_reservation_periodic_cb
                        0x6003'4633       0xe  Code  Lc  washing_machine.o [1]
wm_reservation_timeout_cb
                        0x6003'4617      0x1c  Code  Lc  washing_machine.o [1]
wm_reservation_timer_set_hdl
                        0x6003'48f1      0x3a  Code  Lc  washing_machine.o [1]
wm_run                  0x6003'5f31     0x186  Code  Gb  washing_machine.o [1]
wm_run::__func__        0x6007'828c       0x8  Data  Lc  washing_machine.o [1]
wm_s_timer_cb           0x6003'43d1      0xb0  Code  Lc  washing_machine.o [1]
wm_s_timer_event_find   0x6003'4481      0x3a  Code  Lc  washing_machine.o [1]
wm_s_timer_start        0x6003'44bb      0xd0  Code  Lc  washing_machine.o [1]
wm_s_timer_stop         0x6003'4599      0x7e  Code  Lc  washing_machine.o [1]
wm_second_changed_by_gui
                        0x6003'5ca1      0xc2  Code  Gb  washing_machine.o [1]
wm_second_timer         0x2000'22a8       0x4  Data  Lc  washing_machine.o [1]
wm_service_request_event_handler
                        0x6003'52d1     0x19e  Code  Lc  washing_machine.o [1]
wm_service_request_event_handler::__func__
                        0x6007'4914      0x24  Data  Lc  washing_machine.o [1]
wm_targetspin_changed_by_ui
                        0x6003'5d63      0x28  Code  Gb  washing_machine.o [1]
wm_targetspin_set_handle
                        0x6003'4d4b      0x28  Code  Gb  washing_machine.o [1]
wm_timer_event_head     0x2000'22b0       0x8  Data  Gb  washing_machine.o [1]
wm_timer_event_mutex    0x2000'22ac       0x4  Data  Lc  washing_machine.o [1]
wm_timestamp_reply_event_handler
                        0x6003'547d      0x2a  Code  Lc  washing_machine.o [1]
wm_timestamp_reply_event_handler::__func__
                        0x6007'4938      0x24  Data  Lc  washing_machine.o [1]
wm_trigger_event_reply_event_handler
                        0x6003'48b3      0x3e  Code  Lc  washing_machine.o [1]
wm_trigger_event_reply_event_handler::__func__
                        0x6007'415c      0x28  Data  Lc  washing_machine.o [1]
wm_ui_handle_work_switch_off
                        0x6003'492b      0x1a  Code  Gb  washing_machine.o [1]
wm_ui_handle_work_switch_on
                        0x6003'4945      0x40  Code  Gb  washing_machine.o [1]
wm_washing_mode_set_handle
                        0x6003'49e5     0x1da  Code  Gb  washing_machine.o [1]
wm_watertemp_changed_by_ui
                        0x6003'5d99      0x30  Code  Gb  washing_machine.o [1]
wm_watertemp_set_handle
                        0x6003'4d79      0x36  Code  Gb  washing_machine.o [1]
wm_work_switch_changed  0x6003'4c51      0x8e  Code  Gb  washing_machine.o [1]
wm_workmode_changed_by_ui
                        0x6003'5e41      0x2e  Code  Gb  washing_machine.o [1]
wm_workswitch_changed_by_ui
                        0x6003'5e79      0x20  Code  Gb  washing_machine.o [1]
wrapper_mqtt_check_state
                        0x6004'9173      0x1a  Code  Gb  iotx_mqtt_client.o [1]
wrapper_mqtt_connect    0x6004'8f65      0xc8  Code  Gb  iotx_mqtt_client.o [1]
wrapper_mqtt_connect::__FUNCTION__
                        0x6007'5da8      0x18  Data  Lc  iotx_mqtt_client.o [1]
wrapper_mqtt_init       0x6004'8ee9      0x6c  Code  Gb  iotx_mqtt_client.o [1]
wrapper_mqtt_init::__FUNCTION__
                        0x6007'661c      0x14  Data  Lc  iotx_mqtt_client.o [1]
wrapper_mqtt_publish    0x6004'9585      0xe8  Code  Gb  iotx_mqtt_client.o [1]
wrapper_mqtt_publish::__FUNCTION__
                        0x6007'5dd8      0x18  Data  Lc  iotx_mqtt_client.o [1]
wrapper_mqtt_release    0x6004'903d      0xd8  Code  Gb  iotx_mqtt_client.o [1]
wrapper_mqtt_subscribe  0x6004'918d     0x118  Code  Gb  iotx_mqtt_client.o [1]
wrapper_mqtt_subscribe::__FUNCTION__
                        0x6007'5dc0      0x18  Data  Lc  iotx_mqtt_client.o [1]
wrapper_mqtt_subscribe_sync
                        0x6004'92bd     0x1fa  Code  Gb  iotx_mqtt_client.o [1]
wrapper_mqtt_subscribe_sync::__FUNCTION__
                        0x6007'5658      0x1c  Data  Lc  iotx_mqtt_client.o [1]
wrapper_mqtt_unsubscribe
                        0x6004'94c9      0xac  Code  Gb  iotx_mqtt_client.o [1]
wrapper_mqtt_unsubscribe::__FUNCTION__
                        0x6007'5690      0x1c  Data  Lc  iotx_mqtt_client.o [1]
wrapper_mqtt_yield      0x6004'9115      0x5e  Code  Gb  iotx_mqtt_client.o [1]
wrapper_mqtt_yield::__FUNCTION__
                        0x6007'6658      0x14  Data  Lc  iotx_mqtt_client.o [1]
writeCString            0x6004'a22f      0x2a  Code  Gb  MQTTPacket.o [1]
writeChar               0x6004'a1f9       0xc  Code  Gb  MQTTPacket.o [1]
writeInt                0x6004'a205      0x2a  Code  Gb  MQTTPacket.o [1]
writeMQTTString         0x6004'a259      0x42  Code  Gb  MQTTPacket.o [1]
write_tcp               0x6004'9cb3       0xa  Code  Lc  infra_net.o [1]
xActiveTimerList1       0x2000'2240      0x14  Data  Lc  timers.o [1]
xActiveTimerList2       0x2000'2254      0x14  Data  Lc  timers.o [1]
xBlockAllocatedBit      0x2000'1ab8       0x4  Data  Lc  heap_4.o [1]
xDelayedTaskList1       0x2000'21a4      0x14  Data  Lc  tasks.o [1]
xDelayedTaskList2       0x2000'21b8      0x14  Data  Lc  tasks.o [1]
xEventGroupClearBits    0x6003'dfe5      0x46  Code  Gb  event_groups.o [1]
xEventGroupCreate       0x6003'de9d      0x1c  Code  Gb  event_groups.o [1]
xEventGroupSetBits      0x6003'e02b      0xac  Code  Gb  event_groups.o [1]
xEventGroupSetBitsFromISR
                        0x6003'e13d      0x10  Code  Gb  event_groups.o [1]
xEventGroupWaitBits     0x6003'deb9     0x12c  Code  Gb  event_groups.o [1]
xFreeBytesRemaining     0x2000'1ab0       0x4  Data  Lc  heap_4.o [1]
xHeapStructSize         0x6007'847c       0x4  Data  Lc  heap_4.o [1]
xIdleTaskHandle         0x2000'2238       0x4  Data  Lc  tasks.o [1]
xMinimumEverFreeBytesRemaining
                        0x2000'1ab4       0x4  Data  Lc  heap_4.o [1]
xNextTaskUnblockTime    0x2000'2234       0x4  Data  Lc  tasks.o [1]
xNumOfOverflows         0x2000'222c       0x4  Data  Lc  tasks.o [1]
xPendingReadyList       0x2000'21d4      0x14  Data  Lc  tasks.o [1]
xPortStartScheduler     0x6002'2f77      0xce  Code  Gb  port.o [1]
xPortSysTickHandler     0x6002'30a5      0x28  Code  Gb  port.o [1]
xQueueCreateCountingSemaphore
                        0x6002'7191      0x3c  Code  Gb  queue.o [1]
xQueueCreateMutex       0x6002'7177      0x1a  Code  Gb  queue.o [1]
xQueueGenericCreate     0x6002'70eb      0x4c  Code  Gb  queue.o [1]
xQueueGenericReset      0x6002'7059      0x92  Code  Gb  queue.o [1]
xQueueGenericSend       0x6002'71cd     0x196  Code  Gb  queue.o [1]
xQueueGenericSendFromISR
                        0x6002'7363      0xde  Code  Gb  queue.o [1]
xQueueGiveFromISR       0x6002'7441      0xb8  Code  Gb  queue.o [1]
xQueueReceive           0x6002'74f9     0x15a  Code  Gb  queue.o [1]
xQueueRegistry          0x2000'20fc      0x40  Data  Gb  queue.o [1]
xQueueSemaphoreTake     0x6002'7653     0x198  Code  Gb  queue.o [1]
xSchedulerRunning       0x2000'2220       0x4  Data  Lc  tasks.o [1]
xStart                  0x2000'1aa4       0x8  Data  Lc  heap_4.o [1]
xSuspendedTaskList      0x2000'2200      0x14  Data  Lc  tasks.o [1]
xTaskCheckForTimeOut    0x6002'28d5      0x80  Code  Gb  tasks.o [1]
xTaskCreate             0x6002'2151      0x6c  Code  Gb  tasks.o [1]
xTaskGenericNotify      0x6002'2d69      0xfa  Code  Gb  tasks.o [1]
xTaskGetCurrentTaskHandle
                        0x6002'2a5d       0x8  Code  Gb  tasks.o [1]
xTaskGetSchedulerState  0x6002'2a65      0x20  Code  Gb  tasks.o [1]
xTaskGetTickCount       0x6002'2599       0x8  Code  Gb  tasks.o [1]
xTaskIncrementTick      0x6002'25a1      0xde  Code  Gb  tasks.o [1]
xTaskNotifyWait         0x6002'2cd1      0x8e  Code  Gb  tasks.o [1]
xTaskPriorityDisinherit
                        0x6002'2b2d      0xae  Code  Gb  tasks.o [1]
xTaskPriorityInherit    0x6002'2a8d      0xa0  Code  Gb  tasks.o [1]
xTaskRemoveFromEventList
                        0x6002'27b9      0x80  Code  Gb  tasks.o [1]
xTaskResumeAll          0x6002'24b5      0xe4  Code  Gb  tasks.o [1]
xTasksWaitingTermination
                        0x2000'21e8      0x14  Data  Lc  tasks.o [1]
xTickCount              0x2000'2218       0x4  Data  Lc  tasks.o [1]
xTimerCreate            0x6002'6a31      0x36  Code  Gb  timers.o [1]
xTimerCreateTimerTask   0x6002'69e9      0x48  Code  Gb  timers.o [1]
xTimerGenericCommand    0x6002'6abb      0x64  Code  Gb  timers.o [1]
xTimerPendFunctionCallFromISR
                        0x6002'6e99      0x22  Code  Gb  timers.o [1]
xTimerQueue             0x2000'2270       0x4  Data  Lc  timers.o [1]
xTimerTaskHandle        0x2000'2274       0x4  Data  Lc  timers.o [1]
xYieldPending           0x2000'2228       0x4  Data  Lc  tasks.o [1]


[1] = C:\Users\nxf65135\Desktop\RT1050\smart_washing_machine-master-8266\flexspi_nor_release\obj
[2] = dl7M_tln.a
[3] = libewgfx-m7-iar.a
[4] = libewrte-m7-iar.a
[5] = m7M_tlv.a
[6] = rt7M_tl.a
[7] = shb_l.a

  310'607 bytes of readonly  code memory
    2'536 bytes of readwrite code memory
  178'430 bytes of readonly  data memory
  147'610 bytes of readwrite data memory

Errors: none
Warnings: none
