###############################################################################
#
# IAR ELF Linker V8.50.4.261/W32 for ARM                  12/Nov/2020  17:07:20
# Copyright 2007-2020 IAR Systems AB.
#
#    Output file  =
#        C:\Users\nxf65135\Desktop\RT1050\smart_washing_machine-master-8266\flexspi_nor_release\smart_washing_machine.out
#    Map file     =
#        C:\Users\nxf65135\Desktop\RT1050\smart_washing_machine-master-8266\flexspi_nor_release\list\smart_washing_machine.map
#    Command line =
#        -f C:\Users\nxf65135\AppData\Local\Temp\1\EW6D46.tmp
#        (C:\Users\nxf65135\Desktop\RT1050\smart_washing_machine-master-8266\flexspi_nor_release\obj\aes.o
#        C:\Users\nxf65135\Desktop\RT1050\smart_washing_machine-master-8266\flexspi_nor_release\obj\aes_alt.o
#        C:\Users\nxf65135\Desktop\RT1050\smart_washing_machine-master-8266\flexspi_nor_release\obj\aesni.o
#        C:\Users\nxf65135\Desktop\RT1050\smart_washing_machine-master-8266\flexspi_nor_release\obj\Application.o
#        C:\Users\nxf65135\Desktop\RT1050\smart_washing_machine-master-8266\flexspi_nor_release\obj\arc4.o
#        C:\Users\nxf65135\Desktop\RT1050\smart_washing_machine-master-8266\flexspi_nor_release\obj\aria.o
#        C:\Users\nxf65135\Desktop\RT1050\smart_washing_machine-master-8266\flexspi_nor_release\obj\asn1parse.o
#        C:\Users\nxf65135\Desktop\RT1050\smart_washing_machine-master-8266\flexspi_nor_release\obj\asn1write.o
#        C:\Users\nxf65135\Desktop\RT1050\smart_washing_machine-master-8266\flexspi_nor_release\obj\at_api.o
#        C:\Users\nxf65135\Desktop\RT1050\smart_washing_machine-master-8266\flexspi_nor_release\obj\at_parser.o
#        C:\Users\nxf65135\Desktop\RT1050\smart_washing_machine-master-8266\flexspi_nor_release\obj\base64.o
#        C:\Users\nxf65135\Desktop\RT1050\smart_washing_machine-master-8266\flexspi_nor_release\obj\bignum.o
#        C:\Users\nxf65135\Desktop\RT1050\smart_washing_machine-master-8266\flexspi_nor_release\obj\blowfish.o
#        C:\Users\nxf65135\Desktop\RT1050\smart_washing_machine-master-8266\flexspi_nor_release\obj\board.o
#        C:\Users\nxf65135\Desktop\RT1050\smart_washing_machine-master-8266\flexspi_nor_release\obj\camellia.o
#        C:\Users\nxf65135\Desktop\RT1050\smart_washing_machine-master-8266\flexspi_nor_release\obj\ccm.o
#        C:\Users\nxf65135\Desktop\RT1050\smart_washing_machine-master-8266\flexspi_nor_release\obj\certs.o
#        C:\Users\nxf65135\Desktop\RT1050\smart_washing_machine-master-8266\flexspi_nor_release\obj\chacha20.o
#        C:\Users\nxf65135\Desktop\RT1050\smart_washing_machine-master-8266\flexspi_nor_release\obj\chachapoly.o
#        C:\Users\nxf65135\Desktop\RT1050\smart_washing_machine-master-8266\flexspi_nor_release\obj\cipher.o
#        C:\Users\nxf65135\Desktop\RT1050\smart_washing_machine-master-8266\flexspi_nor_release\obj\cipher_wrap.o
#        C:\Users\nxf65135\Desktop\RT1050\smart_washing_machine-master-8266\flexspi_nor_release\obj\cJSON.o
#        C:\Users\nxf65135\Desktop\RT1050\smart_washing_machine-master-8266\flexspi_nor_release\obj\clock_config.o
#        C:\Users\nxf65135\Desktop\RT1050\smart_washing_machine-master-8266\flexspi_nor_release\obj\cmac.o
#        C:\Users\nxf65135\Desktop\RT1050\smart_washing_machine-master-8266\flexspi_nor_release\obj\Core.o
#        C:\Users\nxf65135\Desktop\RT1050\smart_washing_machine-master-8266\flexspi_nor_release\obj\ctr_drbg.o
#        C:\Users\nxf65135\Desktop\RT1050\smart_washing_machine-master-8266\flexspi_nor_release\obj\debug.o
#        C:\Users\nxf65135\Desktop\RT1050\smart_washing_machine-master-8266\flexspi_nor_release\obj\des.o
#        C:\Users\nxf65135\Desktop\RT1050\smart_washing_machine-master-8266\flexspi_nor_release\obj\des_alt.o
#        C:\Users\nxf65135\Desktop\RT1050\smart_washing_machine-master-8266\flexspi_nor_release\obj\dev_sign_mqtt.o
#        C:\Users\nxf65135\Desktop\RT1050\smart_washing_machine-master-8266\flexspi_nor_release\obj\DeviceDriver.o
#        C:\Users\nxf65135\Desktop\RT1050\smart_washing_machine-master-8266\flexspi_nor_release\obj\dhm.o
#        C:\Users\nxf65135\Desktop\RT1050\smart_washing_machine-master-8266\flexspi_nor_release\obj\dm_api.o
#        C:\Users\nxf65135\Desktop\RT1050\smart_washing_machine-master-8266\flexspi_nor_release\obj\dm_client.o
#        C:\Users\nxf65135\Desktop\RT1050\smart_washing_machine-master-8266\flexspi_nor_release\obj\dm_client_adapter.o
#        C:\Users\nxf65135\Desktop\RT1050\smart_washing_machine-master-8266\flexspi_nor_release\obj\dm_cota.o
#        C:\Users\nxf65135\Desktop\RT1050\smart_washing_machine-master-8266\flexspi_nor_release\obj\dm_fota.o
#        C:\Users\nxf65135\Desktop\RT1050\smart_washing_machine-master-8266\flexspi_nor_release\obj\dm_ipc.o
#        C:\Users\nxf65135\Desktop\RT1050\smart_washing_machine-master-8266\flexspi_nor_release\obj\dm_log_report.o
#        C:\Users\nxf65135\Desktop\RT1050\smart_washing_machine-master-8266\flexspi_nor_release\obj\dm_manager.o
#        C:\Users\nxf65135\Desktop\RT1050\smart_washing_machine-master-8266\flexspi_nor_release\obj\dm_message.o
#        C:\Users\nxf65135\Desktop\RT1050\smart_washing_machine-master-8266\flexspi_nor_release\obj\dm_message_cache.o
#        C:\Users\nxf65135\Desktop\RT1050\smart_washing_machine-master-8266\flexspi_nor_release\obj\dm_msg_process.o
#        C:\Users\nxf65135\Desktop\RT1050\smart_washing_machine-master-8266\flexspi_nor_release\obj\dm_opt.o
#        C:\Users\nxf65135\Desktop\RT1050\smart_washing_machine-master-8266\flexspi_nor_release\obj\dm_ota.o
#        C:\Users\nxf65135\Desktop\RT1050\smart_washing_machine-master-8266\flexspi_nor_release\obj\dm_server.o
#        C:\Users\nxf65135\Desktop\RT1050\smart_washing_machine-master-8266\flexspi_nor_release\obj\dm_server_adapter.o
#        C:\Users\nxf65135\Desktop\RT1050\smart_washing_machine-master-8266\flexspi_nor_release\obj\dm_shadow.o
#        C:\Users\nxf65135\Desktop\RT1050\smart_washing_machine-master-8266\flexspi_nor_release\obj\dm_tsl_alink.o
#        C:\Users\nxf65135\Desktop\RT1050\smart_washing_machine-master-8266\flexspi_nor_release\obj\dm_utils.o
#        C:\Users\nxf65135\Desktop\RT1050\smart_washing_machine-master-8266\flexspi_nor_release\obj\ecdh.o
#        C:\Users\nxf65135\Desktop\RT1050\smart_washing_machine-master-8266\flexspi_nor_release\obj\ecdsa.o
#        C:\Users\nxf65135\Desktop\RT1050\smart_washing_machine-master-8266\flexspi_nor_release\obj\ecjpake.o
#        C:\Users\nxf65135\Desktop\RT1050\smart_washing_machine-master-8266\flexspi_nor_release\obj\ecp.o
#        C:\Users\nxf65135\Desktop\RT1050\smart_washing_machine-master-8266\flexspi_nor_release\obj\ecp_alt.o
#        C:\Users\nxf65135\Desktop\RT1050\smart_washing_machine-master-8266\flexspi_nor_release\obj\ecp_alt_ksdk.o
#        C:\Users\nxf65135\Desktop\RT1050\smart_washing_machine-master-8266\flexspi_nor_release\obj\ecp_curves.o
#        C:\Users\nxf65135\Desktop\RT1050\smart_washing_machine-master-8266\flexspi_nor_release\obj\ecp_curves_alt.o
#        C:\Users\nxf65135\Desktop\RT1050\smart_washing_machine-master-8266\flexspi_nor_release\obj\Effects.o
#        C:\Users\nxf65135\Desktop\RT1050\smart_washing_machine-master-8266\flexspi_nor_release\obj\entropy.o
#        C:\Users\nxf65135\Desktop\RT1050\smart_washing_machine-master-8266\flexspi_nor_release\obj\entropy_poll.o
#        C:\Users\nxf65135\Desktop\RT1050\smart_washing_machine-master-8266\flexspi_nor_release\obj\error.o
#        C:\Users\nxf65135\Desktop\RT1050\smart_washing_machine-master-8266\flexspi_nor_release\obj\esp8266_at.o
#        C:\Users\nxf65135\Desktop\RT1050\smart_washing_machine-master-8266\flexspi_nor_release\obj\event_groups.o
#        C:\Users\nxf65135\Desktop\RT1050\smart_washing_machine-master-8266\flexspi_nor_release\obj\evkbimxrt1050_flexspi_nor_config.o
#        C:\Users\nxf65135\Desktop\RT1050\smart_washing_machine-master-8266\flexspi_nor_release\obj\evkbimxrt1050_sdram_ini_dcd.o
#        C:\Users\nxf65135\Desktop\RT1050\smart_washing_machine-master-8266\flexspi_nor_release\obj\ew_bsp_clock.o
#        C:\Users\nxf65135\Desktop\RT1050\smart_washing_machine-master-8266\flexspi_nor_release\obj\ew_bsp_display.o
#        C:\Users\nxf65135\Desktop\RT1050\smart_washing_machine-master-8266\flexspi_nor_release\obj\ew_bsp_event.o
#        C:\Users\nxf65135\Desktop\RT1050\smart_washing_machine-master-8266\flexspi_nor_release\obj\ew_bsp_graphics.o
#        C:\Users\nxf65135\Desktop\RT1050\smart_washing_machine-master-8266\flexspi_nor_release\obj\ew_bsp_inout.o
#        C:\Users\nxf65135\Desktop\RT1050\smart_washing_machine-master-8266\flexspi_nor_release\obj\ew_bsp_serial.o
#        C:\Users\nxf65135\Desktop\RT1050\smart_washing_machine-master-8266\flexspi_nor_release\obj\ew_bsp_system.o
#        C:\Users\nxf65135\Desktop\RT1050\smart_washing_machine-master-8266\flexspi_nor_release\obj\ew_bsp_touch.o
#        C:\Users\nxf65135\Desktop\RT1050\smart_washing_machine-master-8266\flexspi_nor_release\obj\ewextgfx.o
#        C:\Users\nxf65135\Desktop\RT1050\smart_washing_machine-master-8266\flexspi_nor_release\obj\ewextrte.o
#        C:\Users\nxf65135\Desktop\RT1050\smart_washing_machine-master-8266\flexspi_nor_release\obj\ewmain.o
#        C:\Users\nxf65135\Desktop\RT1050\smart_washing_machine-master-8266\flexspi_nor_release\obj\flexspi_hyper_flash_ops.o
#        C:\Users\nxf65135\Desktop\RT1050\smart_washing_machine-master-8266\flexspi_nor_release\obj\fsl_assert.o
#        C:\Users\nxf65135\Desktop\RT1050\smart_washing_machine-master-8266\flexspi_nor_release\obj\fsl_cache.o
#        C:\Users\nxf65135\Desktop\RT1050\smart_washing_machine-master-8266\flexspi_nor_release\obj\fsl_clock.o
#        C:\Users\nxf65135\Desktop\RT1050\smart_washing_machine-master-8266\flexspi_nor_release\obj\fsl_common.o
#        C:\Users\nxf65135\Desktop\RT1050\smart_washing_machine-master-8266\flexspi_nor_release\obj\fsl_dcp.o
#        C:\Users\nxf65135\Desktop\RT1050\smart_washing_machine-master-8266\flexspi_nor_release\obj\fsl_debug_console.o
#        C:\Users\nxf65135\Desktop\RT1050\smart_washing_machine-master-8266\flexspi_nor_release\obj\fsl_dmamux.o
#        C:\Users\nxf65135\Desktop\RT1050\smart_washing_machine-master-8266\flexspi_nor_release\obj\fsl_edma.o
#        C:\Users\nxf65135\Desktop\RT1050\smart_washing_machine-master-8266\flexspi_nor_release\obj\fsl_elcdif.o
#        C:\Users\nxf65135\Desktop\RT1050\smart_washing_machine-master-8266\flexspi_nor_release\obj\fsl_flexspi.o
#        C:\Users\nxf65135\Desktop\RT1050\smart_washing_machine-master-8266\flexspi_nor_release\obj\fsl_flexspi_nor_boot.o
#        C:\Users\nxf65135\Desktop\RT1050\smart_washing_machine-master-8266\flexspi_nor_release\obj\fsl_ft5406_rt.o
#        C:\Users\nxf65135\Desktop\RT1050\smart_washing_machine-master-8266\flexspi_nor_release\obj\fsl_gpio.o
#        C:\Users\nxf65135\Desktop\RT1050\smart_washing_machine-master-8266\flexspi_nor_release\obj\fsl_lpi2c.o
#        C:\Users\nxf65135\Desktop\RT1050\smart_washing_machine-master-8266\flexspi_nor_release\obj\fsl_lpuart.o
#        C:\Users\nxf65135\Desktop\RT1050\smart_washing_machine-master-8266\flexspi_nor_release\obj\fsl_lpuart_edma.o
#        C:\Users\nxf65135\Desktop\RT1050\smart_washing_machine-master-8266\flexspi_nor_release\obj\fsl_lpuart_freertos.o
#        C:\Users\nxf65135\Desktop\RT1050\smart_washing_machine-master-8266\flexspi_nor_release\obj\fsl_pwm.o
#        C:\Users\nxf65135\Desktop\RT1050\smart_washing_machine-master-8266\flexspi_nor_release\obj\fsl_pxp.o
#        C:\Users\nxf65135\Desktop\RT1050\smart_washing_machine-master-8266\flexspi_nor_release\obj\fsl_shell.o
#        C:\Users\nxf65135\Desktop\RT1050\smart_washing_machine-master-8266\flexspi_nor_release\obj\fsl_snvs_hp.o
#        C:\Users\nxf65135\Desktop\RT1050\smart_washing_machine-master-8266\flexspi_nor_release\obj\fsl_str.o
#        C:\Users\nxf65135\Desktop\RT1050\smart_washing_machine-master-8266\flexspi_nor_release\obj\fsl_tickless_systick.o
#        C:\Users\nxf65135\Desktop\RT1050\smart_washing_machine-master-8266\flexspi_nor_release\obj\fsl_trng.o
#        C:\Users\nxf65135\Desktop\RT1050\smart_washing_machine-master-8266\flexspi_nor_release\obj\fsl_usdhc.o
#        C:\Users\nxf65135\Desktop\RT1050\smart_washing_machine-master-8266\flexspi_nor_release\obj\fsl_xbara.o
#        C:\Users\nxf65135\Desktop\RT1050\smart_washing_machine-master-8266\flexspi_nor_release\obj\gcm.o
#        C:\Users\nxf65135\Desktop\RT1050\smart_washing_machine-master-8266\flexspi_nor_release\obj\generic_list.o
#        C:\Users\nxf65135\Desktop\RT1050\smart_washing_machine-master-8266\flexspi_nor_release\obj\Graphics.o
#        C:\Users\nxf65135\Desktop\RT1050\smart_washing_machine-master-8266\flexspi_nor_release\obj\havege.o
#        C:\Users\nxf65135\Desktop\RT1050\smart_washing_machine-master-8266\flexspi_nor_release\obj\heap_4.o
#        C:\Users\nxf65135\Desktop\RT1050\smart_washing_machine-master-8266\flexspi_nor_release\obj\hkdf.o
#        C:\Users\nxf65135\Desktop\RT1050\smart_washing_machine-master-8266\flexspi_nor_release\obj\hmac_drbg.o
#        C:\Users\nxf65135\Desktop\RT1050\smart_washing_machine-master-8266\flexspi_nor_release\obj\i2c.o
#        C:\Users\nxf65135\Desktop\RT1050\smart_washing_machine-master-8266\flexspi_nor_release\obj\impl_gateway.o
#        C:\Users\nxf65135\Desktop\RT1050\smart_washing_machine-master-8266\flexspi_nor_release\obj\impl_linkkit.o
#        C:\Users\nxf65135\Desktop\RT1050\smart_washing_machine-master-8266\flexspi_nor_release\obj\impl_ntp.o
#        C:\Users\nxf65135\Desktop\RT1050\smart_washing_machine-master-8266\flexspi_nor_release\obj\impl_solo.o
#        C:\Users\nxf65135\Desktop\RT1050\smart_washing_machine-master-8266\flexspi_nor_release\obj\infra_cjson.o
#        C:\Users\nxf65135\Desktop\RT1050\smart_washing_machine-master-8266\flexspi_nor_release\obj\infra_compat.o
#        C:\Users\nxf65135\Desktop\RT1050\smart_washing_machine-master-8266\flexspi_nor_release\obj\infra_defs.o
#        C:\Users\nxf65135\Desktop\RT1050\smart_washing_machine-master-8266\flexspi_nor_release\obj\infra_log.o
#        C:\Users\nxf65135\Desktop\RT1050\smart_washing_machine-master-8266\flexspi_nor_release\obj\infra_net.o
#        C:\Users\nxf65135\Desktop\RT1050\smart_washing_machine-master-8266\flexspi_nor_release\obj\infra_report.o
#        C:\Users\nxf65135\Desktop\RT1050\smart_washing_machine-master-8266\flexspi_nor_release\obj\infra_sha256.o
#        C:\Users\nxf65135\Desktop\RT1050\smart_washing_machine-master-8266\flexspi_nor_release\obj\infra_string.o
#        C:\Users\nxf65135\Desktop\RT1050\smart_washing_machine-master-8266\flexspi_nor_release\obj\infra_timer.o
#        C:\Users\nxf65135\Desktop\RT1050\smart_washing_machine-master-8266\flexspi_nor_release\obj\iotx_cm.o
#        C:\Users\nxf65135\Desktop\RT1050\smart_washing_machine-master-8266\flexspi_nor_release\obj\iotx_cm_coap.o
#        C:\Users\nxf65135\Desktop\RT1050\smart_washing_machine-master-8266\flexspi_nor_release\obj\iotx_cm_mqtt.o
#        C:\Users\nxf65135\Desktop\RT1050\smart_washing_machine-master-8266\flexspi_nor_release\obj\iotx_mqtt_client.o
#        C:\Users\nxf65135\Desktop\RT1050\smart_washing_machine-master-8266\flexspi_nor_release\obj\ip_cmd.o
#        C:\Users\nxf65135\Desktop\RT1050\smart_washing_machine-master-8266\flexspi_nor_release\obj\ksdk_mbedtls.o
#        C:\Users\nxf65135\Desktop\RT1050\smart_washing_machine-master-8266\flexspi_nor_release\obj\kv.o
#        C:\Users\nxf65135\Desktop\RT1050\smart_washing_machine-master-8266\flexspi_nor_release\obj\kv_adapt.o
#        C:\Users\nxf65135\Desktop\RT1050\smart_washing_machine-master-8266\flexspi_nor_release\obj\kv_cli.o
#        C:\Users\nxf65135\Desktop\RT1050\smart_washing_machine-master-8266\flexspi_nor_release\obj\kv_secure.o
#        C:\Users\nxf65135\Desktop\RT1050\smart_washing_machine-master-8266\emgui\RGB565\libewgfx-m7-iar.a
#        C:\Users\nxf65135\Desktop\RT1050\smart_washing_machine-master-8266\emgui\RTE\libewrte-m7-iar.a
#        C:\Users\nxf65135\Desktop\RT1050\smart_washing_machine-master-8266\flexspi_nor_release\obj\lighting.o
#        C:\Users\nxf65135\Desktop\RT1050\smart_washing_machine-master-8266\flexspi_nor_release\obj\list.o
#        C:\Users\nxf65135\Desktop\RT1050\smart_washing_machine-master-8266\flexspi_nor_release\obj\lpuart_adapter.o
#        C:\Users\nxf65135\Desktop\RT1050\smart_washing_machine-master-8266\flexspi_nor_release\obj\md.o
#        C:\Users\nxf65135\Desktop\RT1050\smart_washing_machine-master-8266\flexspi_nor_release\obj\md2.o
#        C:\Users\nxf65135\Desktop\RT1050\smart_washing_machine-master-8266\flexspi_nor_release\obj\md4.o
#        C:\Users\nxf65135\Desktop\RT1050\smart_washing_machine-master-8266\flexspi_nor_release\obj\md5.o
#        C:\Users\nxf65135\Desktop\RT1050\smart_washing_machine-master-8266\flexspi_nor_release\obj\md_wrap.o
#        C:\Users\nxf65135\Desktop\RT1050\smart_washing_machine-master-8266\flexspi_nor_release\obj\memory_buffer_alloc.o
#        C:\Users\nxf65135\Desktop\RT1050\smart_washing_machine-master-8266\flexspi_nor_release\obj\mqtt_api.o
#        C:\Users\nxf65135\Desktop\RT1050\smart_washing_machine-master-8266\flexspi_nor_release\obj\MQTTConnectClient.o
#        C:\Users\nxf65135\Desktop\RT1050\smart_washing_machine-master-8266\flexspi_nor_release\obj\MQTTDeserializePublish.o
#        C:\Users\nxf65135\Desktop\RT1050\smart_washing_machine-master-8266\flexspi_nor_release\obj\MQTTPacket.o
#        C:\Users\nxf65135\Desktop\RT1050\smart_washing_machine-master-8266\flexspi_nor_release\obj\MQTTSerializePublish.o
#        C:\Users\nxf65135\Desktop\RT1050\smart_washing_machine-master-8266\flexspi_nor_release\obj\MQTTSubscribeClient.o
#        C:\Users\nxf65135\Desktop\RT1050\smart_washing_machine-master-8266\flexspi_nor_release\obj\MQTTUnsubscribeClient.o
#        C:\Users\nxf65135\Desktop\RT1050\smart_washing_machine-master-8266\flexspi_nor_release\obj\net_sockets.o
#        C:\Users\nxf65135\Desktop\RT1050\smart_washing_machine-master-8266\flexspi_nor_release\obj\nist_kw.o
#        C:\Users\nxf65135\Desktop\RT1050\smart_washing_machine-master-8266\flexspi_nor_release\obj\oid.o
#        C:\Users\nxf65135\Desktop\RT1050\smart_washing_machine-master-8266\flexspi_nor_release\obj\padlock.o
#        C:\Users\nxf65135\Desktop\RT1050\smart_washing_machine-master-8266\flexspi_nor_release\obj\pca9634.o
#        C:\Users\nxf65135\Desktop\RT1050\smart_washing_machine-master-8266\flexspi_nor_release\obj\pem.o
#        C:\Users\nxf65135\Desktop\RT1050\smart_washing_machine-master-8266\flexspi_nor_release\obj\pin_mux.o
#        C:\Users\nxf65135\Desktop\RT1050\smart_washing_machine-master-8266\flexspi_nor_release\obj\pk.o
#        C:\Users\nxf65135\Desktop\RT1050\smart_washing_machine-master-8266\flexspi_nor_release\obj\pk_wrap.o
#        C:\Users\nxf65135\Desktop\RT1050\smart_washing_machine-master-8266\flexspi_nor_release\obj\pkcs11.o
#        C:\Users\nxf65135\Desktop\RT1050\smart_washing_machine-master-8266\flexspi_nor_release\obj\pkcs12.o
#        C:\Users\nxf65135\Desktop\RT1050\smart_washing_machine-master-8266\flexspi_nor_release\obj\pkcs5.o
#        C:\Users\nxf65135\Desktop\RT1050\smart_washing_machine-master-8266\flexspi_nor_release\obj\pkparse.o
#        C:\Users\nxf65135\Desktop\RT1050\smart_washing_machine-master-8266\flexspi_nor_release\obj\pkwrite.o
#        C:\Users\nxf65135\Desktop\RT1050\smart_washing_machine-master-8266\flexspi_nor_release\obj\platform.o
#        C:\Users\nxf65135\Desktop\RT1050\smart_washing_machine-master-8266\flexspi_nor_release\obj\platform_util.o
#        C:\Users\nxf65135\Desktop\RT1050\smart_washing_machine-master-8266\flexspi_nor_release\obj\poly1305.o
#        C:\Users\nxf65135\Desktop\RT1050\smart_washing_machine-master-8266\flexspi_nor_release\obj\port.o
#        C:\Users\nxf65135\Desktop\RT1050\smart_washing_machine-master-8266\flexspi_nor_release\obj\portasm.o
#        C:\Users\nxf65135\Desktop\RT1050\smart_washing_machine-master-8266\flexspi_nor_release\obj\queue.o
#        C:\Users\nxf65135\Desktop\RT1050\smart_washing_machine-master-8266\flexspi_nor_release\obj\Resources.o
#        C:\Users\nxf65135\Desktop\RT1050\smart_washing_machine-master-8266\flexspi_nor_release\obj\rgb_light.o
#        C:\Users\nxf65135\Desktop\RT1050\smart_washing_machine-master-8266\flexspi_nor_release\obj\ripemd160.o
#        C:\Users\nxf65135\Desktop\RT1050\smart_washing_machine-master-8266\flexspi_nor_release\obj\root_ca.o
#        C:\Users\nxf65135\Desktop\RT1050\smart_washing_machine-master-8266\flexspi_nor_release\obj\rsa.o
#        C:\Users\nxf65135\Desktop\RT1050\smart_washing_machine-master-8266\flexspi_nor_release\obj\rsa_internal.o
#        C:\Users\nxf65135\Desktop\RT1050\smart_washing_machine-master-8266\flexspi_nor_release\obj\serial_manager.o
#        C:\Users\nxf65135\Desktop\RT1050\smart_washing_machine-master-8266\flexspi_nor_release\obj\serial_port_uart.o
#        C:\Users\nxf65135\Desktop\RT1050\smart_washing_machine-master-8266\flexspi_nor_release\obj\sha1.o
#        C:\Users\nxf65135\Desktop\RT1050\smart_washing_machine-master-8266\flexspi_nor_release\obj\sha256.o
#        C:\Users\nxf65135\Desktop\RT1050\smart_washing_machine-master-8266\flexspi_nor_release\obj\sha512.o
#        C:\Users\nxf65135\Desktop\RT1050\smart_washing_machine-master-8266\flexspi_nor_release\obj\shell.o
#        C:\Users\nxf65135\Desktop\RT1050\smart_washing_machine-master-8266\flexspi_nor_release\obj\ssl_cache.o
#        C:\Users\nxf65135\Desktop\RT1050\smart_washing_machine-master-8266\flexspi_nor_release\obj\ssl_ciphersuites.o
#        C:\Users\nxf65135\Desktop\RT1050\smart_washing_machine-master-8266\flexspi_nor_release\obj\ssl_cli.o
#        C:\Users\nxf65135\Desktop\RT1050\smart_washing_machine-master-8266\flexspi_nor_release\obj\ssl_cookie.o
#        C:\Users\nxf65135\Desktop\RT1050\smart_washing_machine-master-8266\flexspi_nor_release\obj\ssl_srv.o
#        C:\Users\nxf65135\Desktop\RT1050\smart_washing_machine-master-8266\flexspi_nor_release\obj\ssl_ticket.o
#        C:\Users\nxf65135\Desktop\RT1050\smart_washing_machine-master-8266\flexspi_nor_release\obj\ssl_tls.o
#        C:\Users\nxf65135\Desktop\RT1050\smart_washing_machine-master-8266\flexspi_nor_release\obj\startup_MIMXRT1052.o
#        C:\Users\nxf65135\Desktop\RT1050\smart_washing_machine-master-8266\flexspi_nor_release\obj\stream_buffer.o
#        C:\Users\nxf65135\Desktop\RT1050\smart_washing_machine-master-8266\flexspi_nor_release\obj\system_MIMXRT1052.o
#        C:\Users\nxf65135\Desktop\RT1050\smart_washing_machine-master-8266\flexspi_nor_release\obj\tasks.o
#        C:\Users\nxf65135\Desktop\RT1050\smart_washing_machine-master-8266\flexspi_nor_release\obj\Templates.o
#        C:\Users\nxf65135\Desktop\RT1050\smart_washing_machine-master-8266\flexspi_nor_release\obj\threading.o
#        C:\Users\nxf65135\Desktop\RT1050\smart_washing_machine-master-8266\flexspi_nor_release\obj\timers.o
#        C:\Users\nxf65135\Desktop\RT1050\smart_washing_machine-master-8266\flexspi_nor_release\obj\timing.o
#        C:\Users\nxf65135\Desktop\RT1050\smart_washing_machine-master-8266\flexspi_nor_release\obj\tlsf.o
#        C:\Users\nxf65135\Desktop\RT1050\smart_washing_machine-master-8266\flexspi_nor_release\obj\usb_device_cdc_acm.o
#        C:\Users\nxf65135\Desktop\RT1050\smart_washing_machine-master-8266\flexspi_nor_release\obj\usb_device_ch9.o
#        C:\Users\nxf65135\Desktop\RT1050\smart_washing_machine-master-8266\flexspi_nor_release\obj\usb_device_class.o
#        C:\Users\nxf65135\Desktop\RT1050\smart_washing_machine-master-8266\flexspi_nor_release\obj\usb_device_dci.o
#        C:\Users\nxf65135\Desktop\RT1050\smart_washing_machine-master-8266\flexspi_nor_release\obj\usb_device_descriptor.o
#        C:\Users\nxf65135\Desktop\RT1050\smart_washing_machine-master-8266\flexspi_nor_release\obj\usb_device_ehci.o
#        C:\Users\nxf65135\Desktop\RT1050\smart_washing_machine-master-8266\flexspi_nor_release\obj\usb_osa_freertos.o
#        C:\Users\nxf65135\Desktop\RT1050\smart_washing_machine-master-8266\flexspi_nor_release\obj\usb_phy.o
#        C:\Users\nxf65135\Desktop\RT1050\smart_washing_machine-master-8266\flexspi_nor_release\obj\version.o
#        C:\Users\nxf65135\Desktop\RT1050\smart_washing_machine-master-8266\flexspi_nor_release\obj\version_features.o
#        C:\Users\nxf65135\Desktop\RT1050\smart_washing_machine-master-8266\flexspi_nor_release\obj\Views.o
#        C:\Users\nxf65135\Desktop\RT1050\smart_washing_machine-master-8266\flexspi_nor_release\obj\virtual_com.o
#        C:\Users\nxf65135\Desktop\RT1050\smart_washing_machine-master-8266\flexspi_nor_release\obj\Washer.o
#        C:\Users\nxf65135\Desktop\RT1050\smart_washing_machine-master-8266\flexspi_nor_release\obj\washing_machine.o
#        C:\Users\nxf65135\Desktop\RT1050\smart_washing_machine-master-8266\flexspi_nor_release\obj\wiced_iperf.o
#        C:\Users\nxf65135\Desktop\RT1050\smart_washing_machine-master-8266\flexspi_nor_release\obj\wrapper.o
#        C:\Users\nxf65135\Desktop\RT1050\smart_washing_machine-master-8266\flexspi_nor_release\obj\x509.o
#        C:\Users\nxf65135\Desktop\RT1050\smart_washing_machine-master-8266\flexspi_nor_release\obj\x509_create.o
#        C:\Users\nxf65135\Desktop\RT1050\smart_washing_machine-master-8266\flexspi_nor_release\obj\x509_crl.o
#        C:\Users\nxf65135\Desktop\RT1050\smart_washing_machine-master-8266\flexspi_nor_release\obj\x509_crt.o
#        C:\Users\nxf65135\Desktop\RT1050\smart_washing_machine-master-8266\flexspi_nor_release\obj\x509_csr.o
#        C:\Users\nxf65135\Desktop\RT1050\smart_washing_machine-master-8266\flexspi_nor_release\obj\x509write_crt.o
#        C:\Users\nxf65135\Desktop\RT1050\smart_washing_machine-master-8266\flexspi_nor_release\obj\x509write_csr.o
#        C:\Users\nxf65135\Desktop\RT1050\smart_washing_machine-master-8266\flexspi_nor_release\obj\xtea.o
#        --redirect _Printf=_PrintfFullNoMb --redirect _Scanf=_ScanfFullNoMb
#        --no_out_extension -o
#        C:\Users\nxf65135\Desktop\RT1050\smart_washing_machine-master-8266\flexspi_nor_release\smart_washing_machine.out
#        --config_def __stack_size__=0x1000 --config_def __heap_size__=0x1000
#        --map
#        C:\Users\nxf65135\Desktop\RT1050\smart_washing_machine-master-8266\flexspi_nor_release\list\smart_washing_machine.map
#        --config
#        C:\Users\nxf65135\Desktop\RT1050\smart_washing_machine-master-8266\MIMXRT1052xxxxx_flexspi_nor.icf
#        --semihosting --entry __iar_program_start --vfe --text_out locale)
#
###############################################################################

*******************************************************************************
*** RUNTIME MODEL ATTRIBUTES
***

CppFlavor       = *
__Heap_Handler  = DLMalloc
__SystemLibrary = DLib
__dlib_version  = 6


*******************************************************************************
*** HEAP SELECTION
***

The advanced heap was selected because the application calls memory
allocation functions outside of system library functions, and there
are calls to deallocation functions in the application.


*******************************************************************************
*** PLACEMENT SUMMARY
***

"A0":  place at address 0x6000'2000 { ro section .intvec };
"A1":  place at address 0x6000'0000 { section .boot_hdr.conf };
"A2":  place at address 0x6000'1000 { section .boot_hdr.ivt };
"A3":  place at address 0x6000'1020 { ro section .boot_hdr.boot_data };
"A4":  place at address 0x6000'1030 { ro section .boot_hdr.dcd_data };
"P1":  place in [from 0x6000'2000 to 0x6000'23ff] |
                [from 0x6000'2400 to 0x63bf'ffff] { ro };
define block RW { rw };
"P2":  place in [from 0x2000'0000 to 0x2001'efff] { block RW };
define block ZI { zi };
"P3":  place in [from 0x2000'0000 to 0x2001'efff] { block ZI };
define block NCACHE_VAR { section NonCacheable, section NonCacheable.init };
"P5":  place in [from 0x2000'0000 to 0x2001'efff] { block NCACHE_VAR };
define block HEAP with size = 4K, alignment = 8 { };
"P4":  place in [from 0x2000'0000 to 0x2001'efff] { last block HEAP };
define block CSTACK with size = 4K, alignment = 8 { };
"P6":  place in [from 0x2001'f000 to 0x2001'ffff] { block CSTACK };
define block FREERTOSHEAP { section FreeRTOSHeap };
"P7":  place in [from 0x0 to 0x1'ffff] { block FREERTOSHEAP };
initialize by copy {
   rw, object flexspi_hyper_flash_ops.o, object fsl_flexspi.o,
   section .textrw };
keep {
   section .boot_hdr.conf, section .boot_hdr.ivt, section .boot_hdr.boot_data,
   section .boot_hdr.dcd_data };

No sections matched the following patterns:

  section NonCacheable       in block NCACHE_VAR
  section NonCacheable.init  in block NCACHE_VAR


  Section              Kind         Address      Size  Object
  -------              ----         -------      ----  ------
"P7":                                        0x2'0000
  FREERTOSHEAP                          0x0  0x2'0000  <Block>
    FreeRTOSHeap       zero             0x0  0x2'0000  heap_4.o [1]
                                 - 0x2'0000  0x2'0000

"P2-P3|P5", part 1 of 2:                       0x13e4
  RW                            0x2000'0000    0x13e4  <Block>
    RW-1                        0x2000'0000    0x13e4  <Init block>
      .text            inited   0x2000'0000     0x260  flexspi_hyper_flash_ops.o [1]
      Veneer           inited   0x2000'0260       0x8  - Linker created -
      .text            inited   0x2000'0268     0x5fe  fsl_flexspi.o [1]
      .data            inited   0x2000'0868      0x14  cJSON.o [1]
      .data            inited   0x2000'087c      0x38  dev_sign_mqtt.o [1]
      .data            inited   0x2000'08b4      0xe0  dm_client.o [1]
      .data            inited   0x2000'0994      0x5c  dm_log_report.o [1]
      .data            inited   0x2000'09f0      0x14  dm_opt.o [1]
      .data            inited   0x2000'0a04      0x20  ew_bsp_graphics.o [1]
      .data            inited   0x2000'0a24       0xc  ewextgfx.o [1]
      .data            inited   0x2000'0a30     0x120  flexspi_hyper_flash_ops.o [1]
      .data            inited   0x2000'0b50      0x28  fsl_elcdif.o [1]
      .data            inited   0x2000'0b78      0x90  infra_compat.o [1]
      .data            inited   0x2000'0c08      0x18  infra_defs.o [1]
      .data            inited   0x2000'0c20      0x18  infra_defs.o [1]
      .data            inited   0x2000'0c38       0x8  infra_report.o [1]
      .data            inited   0x2000'0c40       0xc  port.o [1]
      .data            inited   0x2000'0c4c       0x4  root_ca.o [1]
      .data            inited   0x2000'0c50       0x4  system_MIMXRT1052.o [1]
      .data            inited   0x2000'0c54      0x50  usb_device_descriptor.o [1]
      .data            inited   0x2000'0ca4      0x10  usb_device_descriptor.o [1]
      .data            inited   0x2000'0cb4      0x10  usb_device_descriptor.o [1]
      .data            inited   0x2000'0cc4      0x18  usb_device_descriptor.o [1]
      .data            inited   0x2000'0cdc       0x8  usb_device_descriptor.o [1]
      .data            inited   0x2000'0ce4       0x8  usb_device_descriptor.o [1]
      .data            inited   0x2000'0cec      0x14  usb_device_descriptor.o [1]
      .data            inited   0x2000'0d00       0x4  usb_device_descriptor.o [1]
      .data            inited   0x2000'0d04      0x28  usb_device_descriptor.o [1]
      .data            inited   0x2000'0d2c      0x2c  usb_device_descriptor.o [1]
      .data            inited   0x2000'0d58       0xc  usb_device_descriptor.o [1]
      .data            inited   0x2000'0d64       0xc  usb_device_descriptor.o [1]
      .data            inited   0x2000'0d70       0xc  usb_device_descriptor.o [1]
      .data            inited   0x2000'0d7c      0x10  usb_device_descriptor.o [1]
      .data            inited   0x2000'0d8c     0x230  virtual_com.o [1]
      .data            inited   0x2000'0fbc      0x22  virtual_com.o [1]
      .data            inited   0x2000'0fe0       0xc  virtual_com.o [1]
      .data            inited   0x2000'0fec      0x5c  washing_machine.o [1]
      .data            inited   0x2000'1048      0x48  washing_machine.o [1]
      .data            inited   0x2000'1090     0x230  wrapper.o [1]
      .data            inited   0x2000'12c0       0x4  ewgfx.o [3]
      .data            inited   0x2000'12c4      0xc8  ewgfx.o [3]
      .data            inited   0x2000'138c      0x50  ewgfxcore.o [3]
      .data            inited   0x2000'13dc       0x8  rand.o [2]
                              - 0x2000'13e4    0x13e4

"P2-P3|P5", part 2 of 2:                       0x1630
  ZI                            0x2000'13e4    0x1630  <Block>
    .bss               zero     0x2000'13e4      0xdc  at_parser.o [1]
    .bss               zero     0x2000'14c0     0x200  at_parser.o [1]
    .bss               zero     0x2000'16c0       0x4  DeviceDriver.o [1]
    .bss               zero     0x2000'16c4      0x10  dm_api.o [1]
    .bss               zero     0x2000'16d4       0xc  dm_client_adapter.o [1]
    .bss               zero     0x2000'16e0      0x14  dm_ipc.o [1]
    .bss               zero     0x2000'16f4      0x10  dm_manager.o [1]
    .bss               zero     0x2000'1704       0x4  dm_manager.o [1]
    .bss               zero     0x2000'1708       0x4  dm_message.o [1]
    .bss               zero     0x2000'170c      0x10  dm_message_cache.o [1]
    .bss               zero     0x2000'171c     0x300  esp8266_at.o [1]
    .bss               zero     0x2000'1a1c      0x38  esp8266_at.o [1]
    .bss               zero     0x2000'1a54       0x4  ew_bsp_clock.o [1]
    .bss               zero     0x2000'1a58       0x8  ew_bsp_display.o [1]
    .bss               zero     0x2000'1a60       0x4  ew_bsp_event.o [1]
    .bss               zero     0x2000'1a64      0x20  ew_bsp_graphics.o [1]
    .bss               zero     0x2000'1a84       0x4  ew_bsp_inout.o [1]
    .bss               zero     0x2000'1a88      0x44  ew_bsp_touch.o [1]
    .bss               zero     0x2000'1acc       0x4  ewextrte.o [1]
    .bss               zero     0x2000'1ad0      0x10  ewmain.o [1]
    .bss               zero     0x2000'1ae0       0x4  fsl_clock.o [1]
    .bss               zero     0x2000'1ae4       0x4  fsl_clock.o [1]
    .bss               zero     0x2000'1ae8      0x20  fsl_debug_console.o [1]
    .bss               zero     0x2000'1b08      0x80  fsl_edma.o [1]
    .bss               zero     0x2000'1b88      0x30  fsl_lpi2c.o [1]
    .bss               zero     0x2000'1bb8      0x28  fsl_lpuart.o [1]
    .bss               zero     0x2000'1be0      0x10  fsl_usdhc.o [1]
    .bss               zero     0x2000'1bf0      0x18  heap_4.o [1]
    .bss               zero     0x2000'1c08      0x18  impl_linkkit.o [1]
    .bss               zero     0x2000'1c20       0x4  impl_linkkit.o [1]
    .bss               zero     0x2000'1c24      0xe0  infra_compat.o [1]
    .bss               zero     0x2000'1d04      0x19  infra_compat.o [1]
    .bss               zero     0x2000'1d1d       0x1  at_parser.o [1]
    .bss               zero     0x2000'1d20       0x4  infra_compat.o [1]
    .bss               zero     0x2000'1d24       0x4  infra_report.o [1]
    .bss               zero     0x2000'1d28       0x8  infra_string.o [1]
    .bss               zero     0x2000'1d30      0x14  iotx_cm.o [1]
    .bss               zero     0x2000'1d44       0x4  iotx_cm_mqtt.o [1]
    .bss               zero     0x2000'1d48       0x4  iotx_mqtt_client.o [1]
    .bss               zero     0x2000'1d4c      0x90  kv.o [1]
    .bss               zero     0x2000'1ddc       0x4  kv_adapt.o [1]
    .bss               zero     0x2000'1de0     0x200  kv_adapt.o [1]
    .bss               zero     0x2000'1fe0       0x4  mqtt_api.o [1]
    .bss               zero     0x2000'1fe4     0x2a4  mqtt_api.o [1]
    .bss               zero     0x2000'2288      0x10  mqtt_api.o [1]
    .bss               zero     0x2000'2298       0x4  MQTTPacket.o [1]
    .bss               zero     0x2000'229c      0x40  queue.o [1]
    .bss               zero     0x2000'22dc      0x80  tasks.o [1]
    .bss               zero     0x2000'235c      0x84  tasks.o [1]
    .bss               zero     0x2000'23e0      0x38  timers.o [1]
    .bss               zero     0x2000'2418       0x4  timers.o [1]
    .bss               zero     0x2000'241c      0x12  washing_machine.o [1]
    .bss               zero     0x2000'2430      0x10  washing_machine.o [1]
    .bss               zero     0x2000'2440     0x200  wrapper.o [1]
    .bss               zero     0x2000'2640       0x4  wrapper.o [1]
    .bss               zero     0x2000'2644       0x8  ewslot.o [4]
    .bss               zero     0x2000'264c       0xc  ewslot.o [4]
    .bss               zero     0x2000'2658      0x3c  ewobject.o [4]
    .bss               zero     0x2000'2694       0x4  ewtimer.o [4]
    .bss               zero     0x2000'2698       0x8  ewtimer.o [4]
    .bss               zero     0x2000'26a0       0x4  ewresource.o [4]
    .bss               zero     0x2000'26a4       0x8  ewresource.o [4]
    .bss               zero     0x2000'26ac      0x10  ewresource.o [4]
    .bss               zero     0x2000'26bc       0x4  ewgfx.o [3]
    .bss               zero     0x2000'26c0       0x4  ewgfx.o [3]
    .bss               zero     0x2000'26c4      0x10  ewstring.o [4]
    .bss               zero     0x2000'26d4       0x8  ewgfxcore.o [3]
    .bss               zero     0x2000'26dc       0x8  ewgfxcore.o [3]
    .bss               zero     0x2000'26e4       0x8  ewgfxcore.o [3]
    .bss               zero     0x2000'26ec       0x8  ewgfxcore.o [3]
    .bss               zero     0x2000'26f4      0x34  ewgfxtasks.o [3]
    .bss               zero     0x2000'2728      0x34  ewgfxtasks.o [3]
    .bss               zero     0x2000'275c       0xc  ewgfxtasks.o [3]
    .bss               zero     0x2000'2768      0x84  rand.o [2]
    .bss               zero     0x2000'27ec      0x18  dlmalloc.o [2]
    .bss               zero     0x2000'2804     0x1d8  dlmalloc.o [2]
    .bss               zero     0x2000'29dc       0x4  xgetmemchunk.o [2]
    .bss               zero     0x2000'29e0       0x4  xfail_s.o [2]
    .bss.m_usb_global  zero     0x2000'29e4      0x30  usb_device_class.o [1]
                              - 0x2000'2a14    0x1630

"P4":                                          0x1000
  HEAP                          0x2000'2a18    0x1000  <Block>
    HEAP               uninit   0x2000'2a18    0x1000  <Block tail>
                              - 0x2000'3a18    0x1000

"P6":                                          0x1000
  CSTACK                        0x2001'f000    0x1000  <Block>
    CSTACK             uninit   0x2001'f000    0x1000  <Block tail>
                              - 0x2002'0000    0x1000

"A1":                                           0x200
  .boot_hdr.conf       const    0x6000'0000     0x200  evkbimxrt1050_flexspi_nor_config.o [1]
                              - 0x6000'0200     0x200

"A2":                                            0x20
  .boot_hdr.ivt        const    0x6000'1000      0x20  fsl_flexspi_nor_boot.o [1]
                              - 0x6000'1020      0x20

"A3":                                            0x10
  .boot_hdr.boot_data  const    0x6000'1020      0x10  fsl_flexspi_nor_boot.o [1]
                              - 0x6000'1030      0x10

"A4":                                           0x430
  .boot_hdr.dcd_data   const    0x6000'1030     0x430  evkbimxrt1050_sdram_ini_dcd.o [1]
                              - 0x6000'1460     0x430

"A0":                                           0x400
  .intvec              ro code  0x6000'2000     0x400  startup_MIMXRT1052.o [1]
                              - 0x6000'2400     0x400

"P1":                                        0x6'd332
  .text                ro code  0x6000'2400    0x8190  Core.o [1]
  .text                ro code  0x6000'a590     0x710  ewdebug.o [4]
  .text                ro code  0x6000'aca0     0x134  ewextrte.o [1]
  .text                ro code  0x6000'add4     0x528  ewobject.o [4]
  .text                ro code  0x6000'b2fc     0x53c  ewslot.o [4]
  .text                ro code  0x6000'b838     0x36c  ewrect.o [4]
  .text                ro code  0x6000'bba4       0x6  ABImemclr4.o [6]
  .text                ro code  0x6000'bbaa      0x3a  zero_init3.o [6]
  .text                ro code  0x6000'bbe4      0xa6  ABImemcpy.o [6]
  .text                ro code  0x6000'bc8a      0x9e  ewpoint.o [4]
  .text                ro code  0x6000'bd28      0xf0  ewcolor.o [4]
  .text                ro code  0x6000'be18     0x1f8  Resources.o [1]
  .text                ro code  0x6000'c010     0x854  Graphics.o [1]
  .text                ro code  0x6000'c864     0xb00  ewstring.o [4]
  .text                ro code  0x6000'd364      0x12  ewscalars.o [4]
  .text                ro code  0x6000'd376      0x1a  xsnprout.o [2]
  .text                ro code  0x6000'd390    0x3c00  ewgfx.o [3]
  .text                ro code  0x6001'0f90    0x1144  Effects.o [1]
  .text                ro code  0x6001'20d4      0x8a  ewref.o [4]
  .text                ro code  0x6001'215e       0xa  xsprout.o [2]
  .text                ro code  0x6001'2168     0x448  ewresource.o [4]
  .text                ro code  0x6001'25b0     0x28c  ewtimer.o [4]
  .text                ro code  0x6001'283c     0x560  tlsf.o [1]
  .text                ro code  0x6001'2d9c       0x4  ew_bsp_serial.o [1]
  .text                ro code  0x6001'2da0     0x28c  ew_bsp_clock.o [1]
  .text                ro code  0x6001'302c      0x66  ABImemset.o [6]
  .rodata              const    0x6001'3092       0x2  dev_sign_mqtt.o [1]
  .text                ro code  0x6001'3094      0x96  ABImemmove.o [6]
  .rodata              const    0x6001'312a       0x2  dev_sign_mqtt.o [1]
  .text                ro code  0x6001'312c     0x1d4  cos_sin32.o [5]
  .text                ro code  0x6001'3300      0x1e  sqrtf.o [5]
  .rodata              const    0x6001'331e       0x2  dev_sign_mqtt.o [1]
  .text                ro code  0x6001'3320     0x380  pow32.o [5]
  .text                ro code  0x6001'36a0      0xa4  rand.o [2]
  .text                ro code  0x6001'3744      0x3c  floorf.o [5]
  .text                ro code  0x6001'3780      0x3a  ABImemset48.o [6]
  .text                ro code  0x6001'37ba       0x2  startup_MIMXRT1052.o [1]
  .text                ro code  0x6001'37bc     0x5fe  ewgfxattrtext.o [3]
  .text                ro code  0x6001'3dba       0x2  startup_MIMXRT1052.o [1]
  .text                ro code  0x6001'3dbc    0x1018  ewgfxcore.o [3]
  .text                ro code  0x6001'4dd4    0x71e4  ewextpxl_RGB565.o [3]
  .text                ro code  0x6001'bfb8     0xa44  ewextgfx.o [1]
  .text                ro code  0x6001'c9fc     0x3c6  ewextbmp_RGB565.o [3]
  .text                ro code  0x6001'cdc2       0x2  startup_MIMXRT1052.o [1]
  .text                ro code  0x6001'cdc4     0x438  ewextfnt.o [3]
  .text                ro code  0x6001'd1fc    0x14e4  ewgfxbidi.o [3]
  .text                ro code  0x6001'e6e0    0x238c  ewgfxtasks.o [3]
  .text                ro code  0x6002'0a6c     0x118  fsl_debug_console.o [1]
  .text                ro code  0x6002'0b84     0x6c4  fsl_clock.o [1]
  .text                ro code  0x6002'1248     0xb50  tasks.o [1]
  .text                ro code  0x6002'1d98     0x214  port.o [1]
  .text                ro code  0x6002'1fac     0x27c  fsl_snvs_hp.o [1]
  .text                ro code  0x6002'2228      0x48  frexpf.o [5]
  .text                ro code  0x6002'2270     0x23c  iar_Exp32.o [5]
  .text                ro code  0x6002'24ac    0x1ff0  ewgfxdriver.o [3]
  .text                ro code  0x6002'449c     0x40c  ew_bsp_graphics.o [1]
  .text                ro code  0x6002'48a8     0x2e8  ew_bsp_display.o [1]
  .text                ro code  0x6002'4b90      0x76  serial_manager.o [1]
  .text                ro code  0x6002'4c06       0x2  startup_MIMXRT1052.o [1]
  .text                ro code  0x6002'4c08     0x7dc  fsl_str.o [1]
  .text                ro code  0x6002'53e4     0x1d8  heap_4.o [1]
  .text                ro code  0x6002'55bc      0x92  list.o [1]
  .text                ro code  0x6002'564e       0x2  startup_MIMXRT1052.o [1]
  .text                ro code  0x6002'5650     0x48c  timers.o [1]
  CODE                 ro code  0x6002'5adc      0xb0  portasm.o [1]
  .text                ro code  0x6002'5b8c      0xc4  ldexpf.o [5]
  .text                ro code  0x6002'5c50     0x956  queue.o [1]
  .text                ro code  0x6002'65a6       0x2  startup_MIMXRT1052.o [1]
  .text                ro code  0x6002'65a8     0x19e  fsl_pxp.o [1]
  .rodata              const    0x6002'6746       0x1  Washer.o [1]
  .rodata              const    0x6002'6747       0x1  Washer.o [1]
  .text                ro code  0x6002'6748     0x14c  fsl_gpio.o [1]
  .text                ro code  0x6002'6894     0x132  fsl_elcdif.o [1]
  .text                ro code  0x6002'69c6      0x42  serial_port_uart.o [1]
  .text                ro code  0x6002'6a08     0x274  I64DivMod.o [6]
  .text                ro code  0x6002'6c7c      0x9e  modf.o [5]
  .rodata              const    0x6002'6d1a       0x1  Washer.o [1]
  .rodata              const    0x6002'6d1b       0x1  Washer.o [1]
  .text                ro code  0x6002'6d1c     0x560  pow64.o [5]
  .text                ro code  0x6002'727c      0x5c  DblToS64.o [5]
  .text                ro code  0x6002'72d8      0x52  S64ToDbl.o [5]
  .rodata              const    0x6002'732a       0x1  Washer.o [1]
  .text                ro code  0x6002'732c      0x36  strlen.o [6]
  .text                ro code  0x6002'7364      0xac  lpuart_adapter.o [1]
  .text                ro code  0x6002'7410       0x2  I64DivZer.o [6]
  .text                ro code  0x6002'7414      0x88  frexp.o [5]
  .text                ro code  0x6002'749c     0x330  iar_Exp64.o [5]
  .text                ro code  0x6002'77cc     0x8b8  fsl_lpuart.o [1]
  .text                ro code  0x6002'8084     0x104  ldexp.o [5]
  .text                ro code  0x6002'8188    0x789c  Washer.o [1]
  .text                ro code  0x6002'fa24     0x1a8  DeviceDriver.o [1]
  .text                ro code  0x6002'fbcc    0x2ef8  Views.o [1]
  .text                ro code  0x6003'2ac4    0x2024  washing_machine.o [1]
  .text                ro code  0x6003'4ae8      0xd0  ew_bsp_inout.o [1]
  .text                ro code  0x6003'4bb8     0x2d0  wrapper.o [1]
  .text                ro code  0x6003'4e88      0x12  strcmp.o [6]
  .text                ro code  0x6003'4e9c      0x70  strncpy.o [6]
  .text                ro code  0x6003'4f0c     0x8a6  cJSON.o [1]
  .text                ro code  0x6003'57b4      0x18  strcpy.o [6]
  .text                ro code  0x6003'57cc     0x150  iar_Stoulx.o [2]
  .text                ro code  0x6003'591c     0xdbc  impl_linkkit.o [1]
  .text                ro code  0x6003'66d8      0x68  memcmp.o [6]
  .text                ro code  0x6003'6740       0x4  infra_log.o [1]
  .text                ro code  0x6003'6744     0x210  infra_compat.o [1]
  .text                ro code  0x6003'6954      0x14  at_api.o [1]
  Veneer               ro code  0x6003'6968       0x8  - Linker created -
  .text                ro code  0x6003'6970     0x274  wiced_iperf.o [1]
  .text                ro code  0x6003'6be4     0x2b4  board.o [1]
  .text                ro code  0x6003'6e98     0x2f0  fsl_lpuart_freertos.o [1]
  .text                ro code  0x6003'7188      0x3c  vsnprint.o [2]
  .text                ro code  0x6003'71c4       0xc  tolower.o [2]
  .text                ro code  0x6003'71d0     0x45e  strto64.o [5]
  .text                ro code  0x6003'762e      0x28  strncmp.o [2]
  .text                ro code  0x6003'7658      0x58  memchr.o [6]
  .text                ro code  0x6003'76b0     0x26e  dm_utils.o [1]
  .text                ro code  0x6003'7920     0x17c  infra_string.o [1]
  .text                ro code  0x6003'7a9c     0x540  dm_api.o [1]
  .text                ro code  0x6003'7fdc     0x378  dm_log_report.o [1]
  .text                ro code  0x6003'8354     0x600  at_parser.o [1]
  .text                ro code  0x6003'8954     0x4c4  ewmain.o [1]
  .text                ro code  0x6003'8e18     0x1fc  esp8266_at.o [1]
  .text                ro code  0x6003'9014     0xecc  pin_mux.o [1]
  .text                ro code  0x6003'9ee0     0x73c  clock_config.o [1]
  .text                ro code  0x6003'a61c     0x694  kv.o [1]
  .text                ro code  0x6003'acb0     0x284  event_groups.o [1]
  .text                ro code  0x6003'af34     0xfa6  xprintffull_nomb.o [2]
  .text                ro code  0x6003'beda     0x120  iar_Stopfx.o [2]
  .text                ro code  0x6003'bffc     0x1a8  iar_Stoflt.o [2]
  .text                ro code  0x6003'c1a4     0x20c  iar_Stoxflt.o [2]
  .text                ro code  0x6003'c3b0     0x888  infra_cjson.o [1]
  .text                ro code  0x6003'cc38     0x2a0  dm_message_cache.o [1]
  .text                ro code  0x6003'ced8    0x1008  dm_message.o [1]
  .text                ro code  0x6003'dee0     0x1a0  dm_ipc.o [1]
  .text                ro code  0x6003'e080     0xd6c  dm_manager.o [1]
  .text                ro code  0x6003'edec     0x14a  dm_client_adapter.o [1]
  .text                ro code  0x6003'ef38     0x424  dm_client.o [1]
  .text                ro code  0x6003'f35c      0x9c  dm_opt.o [1]
  .text                ro code  0x6003'f3f8      0x2c  strstr.o [2]
  .text                ro code  0x6003'f424      0x94  ew_bsp_touch.o [1]
  .text                ro code  0x6003'f4b8      0x34  ew_bsp_event.o [1]
  .text                ro code  0x6003'f4ec      0x14  memset.o [6]
  .text                ro code  0x6003'f500      0x40  sprintf.o [2]
  Veneer               ro code  0x6003'f540       0x8  - Linker created -
  Veneer               ro code  0x6003'f548       0x8  - Linker created -
  .text                ro code  0x6003'f550     0x1ec  kv_adapt.o [1]
  .text                ro code  0x6003'f73c       0x2  kv_cli.o [1]
  .text                ro code  0x6003'f740      0x16  strchr.o [6]
  .text                ro code  0x6003'f758      0x40  xfail_s.o [2]
  .text                ro code  0x6003'f798      0x2e  DblCmpLe.o [5]
  .text                ro code  0x6003'f7c8      0x2e  DblCmpGe.o [5]
  .text                ro code  0x6003'f7f6       0xe  DblToS32.o [5]
  .text                ro code  0x6003'f804       0xe  S32ToDbl.o [5]
  .text                ro code  0x6003'f812      0x12  DblSub.o [5]
  .text                ro code  0x6003'f824      0x12  DblDiv.o [5]
  .text                ro code  0x6003'f836       0xe  DblToU32.o [5]
  .text                ro code  0x6003'f844       0xe  U32ToDbl.o [5]
  .text                ro code  0x6003'f852      0x12  DblMul.o [5]
  .text                ro code  0x6003'f864     0x1c8  infra_report.o [1]
  .text                ro code  0x6003'fa2c     0x2e8  iotx_cm.o [1]
  .text                ro code  0x6003'fd14     0x554  dm_msg_process.o [1]
  .text                ro code  0x6004'0268     0x59c  fsl_lpi2c.o [1]
  .text                ro code  0x6004'0804      0xc8  fsl_ft5406_rt.o [1]
  .text                ro code  0x6004'08cc      0x32  fsl_cache.o [1]
  .text                ro code  0x6004'08fe       0x6  abort.o [2]
  .text                ro code  0x6004'0904     0x428  iotx_cm_mqtt.o [1]
  .text                ro code  0x6004'0d2c      0x14  exit.o [7]
  .text                ro code  0x6004'0d40      0x7e  infra_timer.o [1]
  .text                ro code  0x6004'0dc0     0x6d0  mqtt_api.o [1]
  .text                ro code  0x6004'1490    0x1dca  iotx_mqtt_client.o [1]
  .text                ro code  0x6004'325c     0x504  dev_sign_mqtt.o [1]
  .text                ro code  0x6004'3760      0xf8  infra_net.o [1]
  .text                ro code  0x6004'3858     0x24c  MQTTConnectClient.o [1]
  .text                ro code  0x6004'3aa4     0x1ec  MQTTPacket.o [1]
  .text                ro code  0x6004'3c90      0xc6  MQTTDeserializePublish.o [1]
  .text                ro code  0x6004'3d56     0x12c  MQTTSubscribeClient.o [1]
  .text                ro code  0x6004'3e84     0x119  MQTTSerializePublish.o [1]
  .text                ro code  0x6004'3f9e      0xc6  MQTTUnsubscribeClient.o [1]
  .text                ro code  0x6004'4064     0x3fa  infra_sha256.o [1]
  .rodata              const    0x6004'4460    0x643c  Washer.o [1]
  .rodata              const    0x6004'a89c    0x3b5c  Washer.o [1]
  .rodata              const    0x6004'e3f8    0x27a4  Washer.o [1]
  .rodata              const    0x6005'0b9c    0x2410  Washer.o [1]
  .rodata              const    0x6005'2fac    0x22a4  Washer.o [1]
  .rodata              const    0x6005'5250    0x215c  Washer.o [1]
  .rodata              const    0x6005'73ac    0x1f2c  Washer.o [1]
  .text                ro code  0x6005'92d8    0x1ce4  dlmalloc.o [2]
  .text                ro code  0x6005'afbc      0x2c  xgetmemchunk.o [2]
  .rodata              const    0x6005'afe8    0x1ba0  Washer.o [1]
  .rodata              const    0x6005'cb88    0x1914  Washer.o [1]
  .rodata              const    0x6005'e49c    0x11fc  Washer.o [1]
  .rodata              const    0x6005'f698    0x113c  Washer.o [1]
  .rodata              const    0x6006'07d4     0xe58  ewgfx.o [3]
  .rodata              const    0x6006'162c     0xce4  ewgfxbidi.o [3]
  .rodata              const    0x6006'2310     0xc20  Washer.o [1]
  .rodata              const    0x6006'2f30     0xc20  Washer.o [1]
  .rodata              const    0x6006'3b50     0xc20  Washer.o [1]
  .rodata              const    0x6006'4770     0xc20  Washer.o [1]
  .rodata              const    0x6006'5390     0xbec  Washer.o [1]
  .rodata              const    0x6006'5f7c     0xa64  Washer.o [1]
  .rodata              const    0x6006'69e0     0x6a0  Washer.o [1]
  .rodata              const    0x6006'7080     0x5b0  ewgfxbidi.o [3]
  .rodata              const    0x6006'7630     0x5a8  ewmain.o [1]
  .rodata              const    0x6006'7bd8     0x504  root_ca.o [1]
  .rodata              const    0x6006'80dc     0x450  ewgfxtasks.o [3]
  .text                ro code  0x6006'852c     0x43a  usb_device_ehci.o [1]
  .text                ro code  0x6006'8968     0x238  usb_device_dci.o [1]
  .text                ro code  0x6006'8ba0      0x84  usb_osa_freertos.o [1]
  .rodata              const    0x6006'8c24      0x74  tlsf.o [1]
  .rodata              const    0x6006'8c98     0x420  pow64.o [5]
  .text                ro code  0x6006'90b8     0x418  fsl_edma.o [1]
  .rodata              const    0x6006'94d0     0x370  Washer.o [1]
  .text                ro code  0x6006'9840     0x2c8  virtual_com.o [1]
  .text                ro code  0x6006'9b08      0xe4  usb_device_cdc_acm.o [1]
  .text                ro code  0x6006'9bec      0x64  usb_device_class.o [1]
  .text                ro code  0x6006'9c50     0x15c  usb_device_descriptor.o [1]
  .rodata              const    0x6006'9dac     0x280  ewgfxbidi.o [3]
  .rodata              const    0x6006'a02c     0x218  Core.o [1]
  .rodata              const    0x6006'a244     0x200  ewextpxl_RGB565.o [3]
  .rodata              const    0x6006'a444     0x1f4  ewgfxtasks.o [3]
  .rodata              const    0x6006'a638     0x1f4  ewgfxtasks.o [3]
  .rodata              const    0x6006'a82c     0x1f4  ewgfxtasks.o [3]
  .text                ro code  0x6006'aa20     0x1f0  lz77_init.o [6]
  .rodata              const    0x6006'ac10     0x1e8  Core.o [1]
  .rodata              const    0x6006'adf8     0x190  Graphics.o [1]
  .rodata              const    0x6006'af88     0x174  Washer.o [1]
  .rodata              const    0x6006'b0fc     0x160  ewextgfx.o [1]
  .rodata              const    0x6006'b25c     0x150  ewmain.o [1]
  .text                ro code  0x6006'b3ac     0x11e  system_MIMXRT1052.o [1]
  .rodata              const    0x6006'b4cc     0x108  Washer.o [1]
  .rodata              const    0x6006'b5d4     0x100  infra_sha256.o [1]
  .rodata              const    0x6006'b6d4      0xf4  ewgfxtasks.o [3]
  .rodata              const    0x6006'b7c8      0xf4  ewgfxtasks.o [3]
  .rodata              const    0x6006'b8bc      0xf4  ewgfxtasks.o [3]
  .rodata              const    0x6006'b9b0      0xd0  infra_report.o [1]
  .rodata              const    0x6006'ba80      0xd0  Washer.o [1]
  .rodata              const    0x6006'bb50      0xa8  Core.o [1]
  .rodata              const    0x6006'bbf8      0x9c  Effects.o [1]
  .rodata              const    0x6006'bc94      0x94  ewgfxtasks.o [3]
  .text                ro code  0x6006'bd28      0x8c  Application.o [1]
  .rodata              const    0x6006'bdb4      0x84  Application.o [1]
  .rodata              const    0x6006'be38      0x84  Core.o [1]
  .rodata              const    0x6006'bebc      0x84  Core.o [1]
  .rodata              const    0x6006'bf40      0x84  Core.o [1]
  .rodata              const    0x6006'bfc4      0x84  ewgfxcore.o [3]
  .rodata              const    0x6006'c048      0x80  washing_machine.o [1]
  .rodata              const    0x6006'c0c8      0x70  Core.o [1]
  .rodata              const    0x6006'c138      0x6c  wiced_iperf.o [1]
  .rodata              const    0x6006'c1a4      0x6c  ewdebug.o [4]
  .rodata              const    0x6006'c210      0x6c  ewdebug.o [4]
  .rodata              const    0x6006'c27c      0x68  ew_bsp_clock.o [1]
  .rodata              const    0x6006'c2e4      0x68  washing_machine.o [1]
  .rodata              const    0x6006'c34c      0x64  ewdebug.o [4]
  .rodata              const    0x6006'c3b0      0x60  Core.o [1]
  .rodata              const    0x6006'c410      0x60  Core.o [1]
  .rodata              const    0x6006'c470      0x60  Core.o [1]
  .rodata              const    0x6006'c4d0      0x60  ewmain.o [1]
  .rodata              const    0x6006'c530      0x60  Views.o [1]
  .rodata              const    0x6006'c590      0x60  Views.o [1]
  .rodata              const    0x6006'c5f0      0x60  Views.o [1]
  .rodata              const    0x6006'c650      0x60  Views.o [1]
  .rodata              const    0x6006'c6b0      0x60  Views.o [1]
  .rodata              const    0x6006'c710      0x5c  Core.o [1]
  .rodata              const    0x6006'c76c      0x5c  Core.o [1]
  .rodata              const    0x6006'c7c8      0x5c  washing_machine.o [1]
  .rodata              const    0x6006'c824      0x58  iotx_mqtt_client.o [1]
  .rodata              const    0x6006'c87c      0x58  Resources.o [1]
  .rodata              const    0x6006'c8d4      0x58  ewdebug.o [4]
  .rodata              const    0x6006'c92c      0x54  washing_machine.o [1]
  .rodata              const    0x6006'c980      0x54  ewdebug.o [4]
  .rodata              const    0x6006'c9d4      0x50  fsl_lpuart_freertos.o [1]
  .rodata              const    0x6006'ca24      0x50  iar_Stoulx.o [2]
  .rodata              const    0x6006'ca74      0x4c  dm_message.o [1]
  .rodata              const    0x6006'cac0      0x48  dm_message.o [1]
  .rodata              const    0x6006'cb08      0x48  strto64.o [5]
  .rodata              const    0x6006'cb50      0x44  dm_message.o [1]
  .rodata              const    0x6006'cb94      0x44  washing_machine.o [1]
  .rodata              const    0x6006'cbd8      0x40  Graphics.o [1]
  .rodata              const    0x6006'cc18      0x40  infra_sha256.o [1]
  .rodata              const    0x6006'cc58      0x40  Resources.o [1]
  .rodata              const    0x6006'cc98      0x3c  Core.o [1]
  .rodata              const    0x6006'ccd4      0x3c  Core.o [1]
  .rodata              const    0x6006'cd10      0x3c  Core.o [1]
  .rodata              const    0x6006'cd4c      0x3c  Effects.o [1]
  .rodata              const    0x6006'cd88      0x3c  Effects.o [1]
  .rodata              const    0x6006'cdc4      0x3c  Effects.o [1]
  .rodata              const    0x6006'ce00      0x3c  Effects.o [1]
  .rodata              const    0x6006'ce3c      0x3c  washing_machine.o [1]
  .rodata              const    0x6006'ce78      0x3c  washing_machine.o [1]
  .rodata              const    0x6006'ceb4      0x38  Core.o [1]
  .rodata              const    0x6006'ceec      0x38  Core.o [1]
  .rodata              const    0x6006'cf24      0x38  Core.o [1]
  .rodata              const    0x6006'cf5c      0x38  Core.o [1]
  .rodata              const    0x6006'cf94      0x38  Core.o [1]
  .rodata              const    0x6006'cfcc      0x38  Core.o [1]
  .rodata              const    0x6006'd004      0x38  Core.o [1]
  .rodata              const    0x6006'd03c      0x38  dm_message.o [1]
  .rodata              const    0x6006'd074      0x38  Effects.o [1]
  .rodata              const    0x6006'd0ac      0x38  Resources.o [1]
  .rodata              const    0x6006'd0e4      0x38  Washer.o [1]
  .rodata              const    0x6006'd11c      0x38  washing_machine.o [1]
  .rodata              const    0x6006'd154      0x38  washing_machine.o [1]
  .rodata              const    0x6006'd18c      0x38  washing_machine.o [1]
  .rodata              const    0x6006'd1c4      0x34  dm_log_report.o [1]
  .rodata              const    0x6006'd1f8      0x34  dm_message.o [1]
  .rodata              const    0x6006'd22c      0x34  tlsf.o [1]
  .rodata              const    0x6006'd260      0x34  ewobject.o [4]
  .rodata              const    0x6006'd294      0x34  ewgfxtasks.o [3]
  .rodata              const    0x6006'd2c8      0x34  ewgfxtasks.o [3]
  .rodata              const    0x6006'd2fc      0x30  dm_message.o [1]
  .rodata              const    0x6006'd32c      0x30  kv_adapt.o [1]
  .rodata              const    0x6006'd35c      0x30  Washer.o [1]
  .rodata              const    0x6006'd38c      0x30  Washer.o [1]
  .rodata              const    0x6006'd3bc      0x30  Washer.o [1]
  .rodata              const    0x6006'd3ec      0x30  Washer.o [1]
  .rodata              const    0x6006'd41c      0x30  Washer.o [1]
  .rodata              const    0x6006'd44c      0x30  Washer.o [1]
  .rodata              const    0x6006'd47c      0x30  Washer.o [1]
  .rodata              const    0x6006'd4ac      0x30  Washer.o [1]
  .rodata              const    0x6006'd4dc      0x30  Washer.o [1]
  .rodata              const    0x6006'd50c      0x30  washing_machine.o [1]
  .rodata              const    0x6006'd53c      0x30  washing_machine.o [1]
  .rodata              const    0x6006'd56c      0x30  wiced_iperf.o [1]
  .rodata              const    0x6006'd59c      0x30  ewdebug.o [4]
  .rodata              const    0x6006'd5cc      0x2c  dm_message.o [1]
  .rodata              const    0x6006'd5f8      0x2c  dm_message.o [1]
  .rodata              const    0x6006'd624      0x2c  Washer.o [1]
  .rodata              const    0x6006'd650      0x2c  Washer.o [1]
  .rodata              const    0x6006'd67c      0x2c  Washer.o [1]
  .rodata              const    0x6006'd6a8      0x2c  Washer.o [1]
  .rodata              const    0x6006'd6d4      0x2c  Washer.o [1]
  .rodata              const    0x6006'd700      0x2c  washing_machine.o [1]
  .rodata              const    0x6006'd72c      0x2c  washing_machine.o [1]
  .rodata              const    0x6006'd758      0x2c  washing_machine.o [1]
  .rodata              const    0x6006'd784      0x2c  ewstring.o [4]
  .rodata              const    0x6006'd7b0      0x28  DeviceDriver.o [1]
  .rodata              const    0x6006'd7d8      0x28  DeviceDriver.o [1]
  .rodata              const    0x6006'd800      0x28  DeviceDriver.o [1]
  .rodata              const    0x6006'd828      0x28  DeviceDriver.o [1]
  .rodata              const    0x6006'd850      0x28  DeviceDriver.o [1]
  .rodata              const    0x6006'd878      0x28  DeviceDriver.o [1]
  .rodata              const    0x6006'd8a0      0x28  DeviceDriver.o [1]
  .rodata              const    0x6006'd8c8      0x28  dm_log_report.o [1]
  .rodata              const    0x6006'd8f0      0x28  infra_defs.o [1]
  .rodata              const    0x6006'd918      0x28  infra_defs.o [1]
  .rodata              const    0x6006'd940      0x28  infra_defs.o [1]
  .rodata              const    0x6006'd968      0x28  infra_defs.o [1]
  .rodata              const    0x6006'd990      0x28  infra_defs.o [1]
  .rodata              const    0x6006'd9b8      0x28  infra_defs.o [1]
  .rodata              const    0x6006'd9e0      0x28  infra_report.o [1]
  .rodata              const    0x6006'da08      0x28  washing_machine.o [1]
  .rodata              const    0x6006'da30      0x28  washing_machine.o [1]
  .rodata              const    0x6006'da58      0x28  washing_machine.o [1]
  .rodata              const    0x6006'da80      0x28  washing_machine.o [1]
  .rodata              const    0x6006'daa8      0x28  washing_machine.o [1]
  .text                ro code  0x6006'dad0      0x28  startup_MIMXRT1052.o [1]
  .text                ro code  0x6006'daf8      0x28  data_init.o [6]
  .rodata              const    0x6006'db20      0x24  dm_manager.o [1]
  .rodata              const    0x6006'db44      0x24  dm_message.o [1]
  .rodata              const    0x6006'db68      0x24  dm_msg_process.o [1]
  .rodata              const    0x6006'db8c      0x24  dm_msg_process.o [1]
  .rodata              const    0x6006'dbb0      0x24  dm_msg_process.o [1]
  .rodata              const    0x6006'dbd4      0x24  dm_msg_process.o [1]
  .rodata              const    0x6006'dbf8      0x24  ew_bsp_touch.o [1]
  .rodata              const    0x6006'dc1c      0x24  fsl_lpuart.o [1]
  .rodata              const    0x6006'dc40      0x24  infra_defs.o [1]
  .rodata              const    0x6006'dc64      0x24  infra_defs.o [1]
  .rodata              const    0x6006'dc88      0x24  infra_defs.o [1]
  .rodata              const    0x6006'dcac      0x24  infra_report.o [1]
  .rodata              const    0x6006'dcd0      0x24  lpuart_adapter.o [1]
  .rodata              const    0x6006'dcf4      0x24  washing_machine.o [1]
  .rodata              const    0x6006'dd18      0x24  washing_machine.o [1]
  .rodata              const    0x6006'dd3c      0x24  washing_machine.o [1]
  .rodata              const    0x6006'dd60      0x24  washing_machine.o [1]
  .rodata              const    0x6006'dd84      0x24  wiced_iperf.o [1]
  .rodata              const    0x6006'dda8      0x24  wrapper.o [1]
  .text                ro code  0x6006'ddcc      0x24  fsl_usdhc.o [1]
  .text                ro code  0x6006'ddf0      0x22  fpinit_M.o [5]
  .iar.init_table      const    0x6006'de14      0x34  - Linker created -
  .rodata              const    0x6006'de48      0x20  dm_msg_process.o [1]
  .rodata              const    0x6006'de68      0x20  dm_msg_process.o [1]
  .rodata              const    0x6006'de88      0x20  dm_msg_process.o [1]
  .rodata              const    0x6006'dea8      0x20  infra_defs.o [1]
  .text                ro code  0x6006'dec8      0x1e  cmain.o [6]
  .text                ro code  0x6006'dee6       0x4  low_level_init.o [2]
  .text                ro code  0x6006'deea       0x4  exit.o [2]
  .text                ro code  0x6006'def0       0xa  cexit.o [6]
  .rodata              const    0x6006'defc      0x1c  Application.o [1]
  .rodata              const    0x6006'df18      0x1c  Core.o [1]
  .rodata              const    0x6006'df34      0x1c  Core.o [1]
  .rodata              const    0x6006'df50      0x1c  dm_msg_process.o [1]
  .rodata              const    0x6006'df6c      0x1c  dm_msg_process.o [1]
  .rodata              const    0x6006'df88      0x1c  dm_msg_process.o [1]
  .rodata              const    0x6006'dfa4      0x1c  dm_msg_process.o [1]
  .rodata              const    0x6006'dfc0      0x1c  dm_msg_process.o [1]
  .rodata              const    0x6006'dfdc      0x1c  dm_msg_process.o [1]
  .rodata              const    0x6006'dff8      0x1c  dm_msg_process.o [1]
  .rodata              const    0x6006'e014      0x1c  dm_msg_process.o [1]
  .rodata              const    0x6006'e030      0x1c  Effects.o [1]
  .rodata              const    0x6006'e04c      0x18  Core.o [1]
  .rodata              const    0x6006'e064      0x18  Core.o [1]
  .rodata              const    0x6006'e07c      0x18  Core.o [1]
  .rodata              const    0x6006'e094      0x18  Core.o [1]
  .rodata              const    0x6006'e0ac      0x18  Core.o [1]
  .rodata              const    0x6006'e0c4      0x18  Core.o [1]
  .rodata              const    0x6006'e0dc      0x18  dm_msg_process.o [1]
  .rodata              const    0x6006'e0f4      0x18  dm_msg_process.o [1]
  .rodata              const    0x6006'e10c      0x18  dm_msg_process.o [1]
  .rodata              const    0x6006'e124      0x18  dm_msg_process.o [1]
  .rodata              const    0x6006'e13c      0x18  Effects.o [1]
  .rodata              const    0x6006'e154      0x18  Views.o [1]
  .rodata              const    0x6006'e16c      0x18  Washer.o [1]
  .rodata              const    0x6006'e184      0x18  Washer.o [1]
  .rodata              const    0x6006'e19c      0x18  Washer.o [1]
  .rodata              const    0x6006'e1b4      0x18  Washer.o [1]
  .rodata              const    0x6006'e1cc      0x18  Washer.o [1]
  .rodata              const    0x6006'e1e4      0x18  Washer.o [1]
  .rodata              const    0x6006'e1fc      0x18  Washer.o [1]
  .rodata              const    0x6006'e214      0x18  Washer.o [1]
  .rodata              const    0x6006'e22c      0x18  Washer.o [1]
  .rodata              const    0x6006'e244      0x18  washing_machine.o [1]
  .rodata              const    0x6006'e25c      0x14  Core.o [1]
  .rodata              const    0x6006'e270      0x14  Core.o [1]
  .rodata              const    0x6006'e284      0x14  Core.o [1]
  .rodata              const    0x6006'e298      0x14  Core.o [1]
  .rodata              const    0x6006'e2ac      0x14  dm_msg_process.o [1]
  .rodata              const    0x6006'e2c0      0x14  dm_msg_process.o [1]
  .rodata              const    0x6006'e2d4      0x14  Effects.o [1]
  .rodata              const    0x6006'e2e8      0x14  Effects.o [1]
  .rodata              const    0x6006'e2fc      0x14  Graphics.o [1]
  .rodata              const    0x6006'e310      0x14  Resources.o [1]
  .rodata              const    0x6006'e324      0x14  Views.o [1]
  .rodata              const    0x6006'e338      0x14  Washer.o [1]
  .rodata              const    0x6006'e34c      0x14  Washer.o [1]
  .rodata              const    0x6006'e360      0x14  Washer.o [1]
  .rodata              const    0x6006'e374      0x14  Washer.o [1]
  .rodata              const    0x6006'e388      0x14  Washer.o [1]
  .rodata              const    0x6006'e39c      0x14  Washer.o [1]
  .rodata              const    0x6006'e3b0      0x14  Washer.o [1]
  .rodata              const    0x6006'e3c4      0x14  Washer.o [1]
  .rodata              const    0x6006'e3d8      0x14  Washer.o [1]
  .rodata              const    0x6006'e3ec      0x14  Washer.o [1]
  .rodata              const    0x6006'e400      0x14  Washer.o [1]
  .rodata              const    0x6006'e414      0x14  Washer.o [1]
  .rodata              const    0x6006'e428      0x14  Washer.o [1]
  .rodata              const    0x6006'e43c      0x14  Washer.o [1]
  .rodata              const    0x6006'e450      0x14  Washer.o [1]
  .rodata              const    0x6006'e464      0x14  Washer.o [1]
  .rodata              const    0x6006'e478      0x14  Washer.o [1]
  .rodata              const    0x6006'e48c      0x14  Washer.o [1]
  .rodata              const    0x6006'e4a0      0x14  Washer.o [1]
  .rodata              const    0x6006'e4b4      0x14  Washer.o [1]
  .rodata              const    0x6006'e4c8      0x14  Washer.o [1]
  .rodata              const    0x6006'e4dc      0x14  washing_machine.o [1]
  .rodata              const    0x6006'e4f0      0x14  washing_machine.o [1]
  .rodata              const    0x6006'e504      0x14  washing_machine.o [1]
  .rodata              const    0x6006'e518      0x10  Core.o [1]
  .rodata              const    0x6006'e528      0x10  Core.o [1]
  .rodata              const    0x6006'e538      0x10  Core.o [1]
  .rodata              const    0x6006'e548      0x10  Core.o [1]
  .rodata              const    0x6006'e558      0x10  Core.o [1]
  .rodata              const    0x6006'e568      0x10  Core.o [1]
  .rodata              const    0x6006'e578      0x10  Core.o [1]
  .rodata              const    0x6006'e588      0x10  Core.o [1]
  .rodata              const    0x6006'e598      0x10  dm_msg_process.o [1]
  .rodata              const    0x6006'e5a8      0x10  dm_msg_process.o [1]
  .rodata              const    0x6006'e5b8      0x10  dm_msg_process.o [1]
  .rodata              const    0x6006'e5c8      0x10  dm_msg_process.o [1]
  .rodata              const    0x6006'e5d8      0x10  Effects.o [1]
  .rodata              const    0x6006'e5e8      0x10  Resources.o [1]
  .rodata              const    0x6006'e5f8      0x10  Views.o [1]
  .rodata              const    0x6006'e608      0x10  Views.o [1]
  .rodata              const    0x6006'e618      0x10  Views.o [1]
  .rodata              const    0x6006'e628      0x10  Washer.o [1]
  .rodata              const    0x6006'e638      0x10  Washer.o [1]
  .rodata              const    0x6006'e648      0x10  Washer.o [1]
  .rodata              const    0x6006'e658      0x10  Washer.o [1]
  .rodata              const    0x6006'e668      0x10  Washer.o [1]
  .rodata              const    0x6006'e678      0x10  Washer.o [1]
  .rodata              const    0x6006'e688      0x10  washing_machine.o [1]
  .rodata              const    0x6006'e698      0x10  washing_machine.o [1]
  .rodata              const    0x6006'e6a8      0x10  washing_machine.o [1]
  .rodata              const    0x6006'e6b8      0x10  washing_machine.o [1]
  .rodata              const    0x6006'e6c8       0xc  Core.o [1]
  .rodata              const    0x6006'e6d4       0xc  Core.o [1]
  .rodata              const    0x6006'e6e0       0xc  Core.o [1]
  .rodata              const    0x6006'e6ec       0xc  Core.o [1]
  .rodata              const    0x6006'e6f8       0xc  Core.o [1]
  .rodata              const    0x6006'e704       0xc  Core.o [1]
  .rodata              const    0x6006'e710       0xc  dev_sign_mqtt.o [1]
  .rodata              const    0x6006'e71c       0xc  dev_sign_mqtt.o [1]
  .rodata              const    0x6006'e728       0xc  dev_sign_mqtt.o [1]
  .rodata              const    0x6006'e734       0xc  dev_sign_mqtt.o [1]
  .rodata              const    0x6006'e740       0xc  dm_msg_process.o [1]
  .rodata              const    0x6006'e74c       0xc  Views.o [1]
  .rodata              const    0x6006'e758       0xc  Washer.o [1]
  .rodata              const    0x6006'e764       0xc  Washer.o [1]
  .rodata              const    0x6006'e770       0xc  washing_machine.o [1]
  .rodata              const    0x6006'e77c       0xc  washing_machine.o [1]
  .rodata              const    0x6006'e788       0xc  washing_machine.o [1]
  .rodata              const    0x6006'e794       0xc  washing_machine.o [1]
  .rodata              const    0x6006'e7a0       0xc  washing_machine.o [1]
  .rodata              const    0x6006'e7ac       0xc  washing_machine.o [1]
  .rodata              const    0x6006'e7b8       0xc  washing_machine.o [1]
  .rodata              const    0x6006'e7c4       0xc  washing_machine.o [1]
  .rodata              const    0x6006'e7d0       0xc  washing_machine.o [1]
  .rodata              const    0x6006'e7dc       0xc  washing_machine.o [1]
  .rodata              const    0x6006'e7e8       0xc  washing_machine.o [1]
  .rodata              const    0x6006'e7f4       0xc  ewref.o [4]
  .text                ro code  0x6006'e800       0xc  cstartup_M.o [6]
  .rodata              const    0x6006'e80c       0x8  Application.o [1]
  .rodata              const    0x6006'e814       0x8  Core.o [1]
  .rodata              const    0x6006'e81c       0x8  Core.o [1]
  .rodata              const    0x6006'e824       0x8  Core.o [1]
  .rodata              const    0x6006'e82c       0x8  Core.o [1]
  .rodata              const    0x6006'e834       0x8  Core.o [1]
  .rodata              const    0x6006'e83c       0x8  Core.o [1]
  .rodata              const    0x6006'e844       0x8  Core.o [1]
  .rodata              const    0x6006'e84c       0x8  Core.o [1]
  .rodata              const    0x6006'e854       0x8  Core.o [1]
  .rodata              const    0x6006'e85c       0x8  Core.o [1]
  .rodata              const    0x6006'e864       0x8  Core.o [1]
  .rodata              const    0x6006'e86c       0x8  Core.o [1]
  .rodata              const    0x6006'e874       0x8  Core.o [1]
  .rodata              const    0x6006'e87c       0x8  Core.o [1]
  .rodata              const    0x6006'e884       0x8  Core.o [1]
  .rodata              const    0x6006'e88c       0x8  Core.o [1]
  .rodata              const    0x6006'e894       0x8  Core.o [1]
  .rodata              const    0x6006'e89c       0x8  Core.o [1]
  .rodata              const    0x6006'e8a4       0x8  Core.o [1]
  .rodata              const    0x6006'e8ac       0x8  Core.o [1]
  .rodata              const    0x6006'e8b4       0x8  Core.o [1]
  .rodata              const    0x6006'e8bc       0x8  Core.o [1]
  .rodata              const    0x6006'e8c4       0x8  Core.o [1]
  .rodata              const    0x6006'e8cc       0x8  Core.o [1]
  .rodata              const    0x6006'e8d4       0x8  Core.o [1]
  .rodata              const    0x6006'e8dc       0x8  Core.o [1]
  .rodata              const    0x6006'e8e4       0x8  Core.o [1]
  .rodata              const    0x6006'e8ec       0x8  Core.o [1]
  .rodata              const    0x6006'e8f4       0x8  dm_msg_process.o [1]
  .rodata              const    0x6006'e8fc       0x8  Effects.o [1]
  .rodata              const    0x6006'e904       0x8  Effects.o [1]
  .rodata              const    0x6006'e90c       0x8  Effects.o [1]
  .rodata              const    0x6006'e914       0x8  Effects.o [1]
  .rodata              const    0x6006'e91c       0x8  Effects.o [1]
  .rodata              const    0x6006'e924       0x8  Effects.o [1]
  .rodata              const    0x6006'e92c       0x8  Graphics.o [1]
  .rodata              const    0x6006'e934       0x8  Resources.o [1]
  .rodata              const    0x6006'e93c       0x8  Resources.o [1]
  .rodata              const    0x6006'e944       0x8  Views.o [1]
  .rodata              const    0x6006'e94c       0x8  Views.o [1]
  .rodata              const    0x6006'e954       0x8  Views.o [1]
  .rodata              const    0x6006'e95c       0x8  Views.o [1]
  .rodata              const    0x6006'e964       0x8  Views.o [1]
  .rodata              const    0x6006'e96c       0x8  Washer.o [1]
  .rodata              const    0x6006'e974       0x8  Washer.o [1]
  .rodata              const    0x6006'e97c       0x8  Washer.o [1]
  .rodata              const    0x6006'e984       0x8  Washer.o [1]
  .rodata              const    0x6006'e98c       0x8  Washer.o [1]
  .rodata              const    0x6006'e994       0x8  Washer.o [1]
  .rodata              const    0x6006'e99c       0x8  Washer.o [1]
  .rodata              const    0x6006'e9a4       0x8  Washer.o [1]
  .rodata              const    0x6006'e9ac       0x8  Washer.o [1]
  .rodata              const    0x6006'e9b4       0x8  Washer.o [1]
  .rodata              const    0x6006'e9bc       0x8  Washer.o [1]
  .rodata              const    0x6006'e9c4       0x8  Washer.o [1]
  .rodata              const    0x6006'e9cc       0x8  Washer.o [1]
[...]
sample_interval         0x2000'09a4       0x4  Data  Lc  dm_log_report.o [1]
scalbln                 0x6002'8099            Code  Gb  ldexp.o [5]
scalblnf                0x6002'5b8d            Code  Gb  ldexpf.o [5]
scalblnl                0x6002'8099            Code  Gb  ldexp.o [5]
scalbn                  0x6002'8099            Code  Gb  ldexp.o [5]
scalbnf                 0x6002'5b8d            Code  Gb  ldexpf.o [5]
scalbnl                 0x6002'8099            Code  Gb  ldexp.o [5]
scale                   0x6003'bddf      0x46  Code  Lc  xprintffull_nomb.o [2]
search_suitable_block   0x6001'29c3      0x54  Code  Lc  tlsf.o [1]
sec_hand                0x2000'29e0       0x4  Data  Lc  xfail_s.o [2]
segment_holding         0x6005'92d9      0x1a  Code  Lc  dlmalloc.o [2]
send_permance_info      0x6003'81b5      0x98  Code  Gb  dm_log_report.o [1]
set_target_msg          0x6003'80a5      0x3e  Code  Gb  dm_log_report.o [1]
sha256_padding          0x6006'cc18      0x40  Data  Lc  infra_sha256.o [1]
sinf                    0x6001'32fd       0x4  Code  Gb  cos_sin32.o [5]
skip_utf8_bom           0x6003'c3dd      0x36  Code  Lc  infra_cjson.o [1]
slist_empty             0x6003'8355       0xe  Code  Lc  at_parser.o [1]
slist_init              0x6003'8363       0x6  Code  Lc  at_parser.o [1]
sprintf                 0x6003'f501      0x40  Code  Gb  sprintf.o [2]
sqrtf                   0x6001'3301            Code  Gb  sqrtf.o [5]
srand                   0x6001'372b       0xa  Code  Gb  rand.o [2]
stop_sample             0x6003'810f      0x22  Code  Gb  dm_log_report.o [1]
strchr                  0x6003'f741            Code  Gb  strchr.o [6]
strcmp                  0x6003'4e89            Code  Gb  strcmp.o [6]
strcpy                  0x6003'57b5            Code  Gb  strcpy.o [6]
strlen                  0x6002'732d            Code  Gb  strlen.o [6]
strncmp                 0x6003'762f      0x28  Code  Gb  strncmp.o [2]
strncpy                 0x6003'4e9d            Code  Gb  strncpy.o [6]
strstr                  0x6003'f3f9      0x2c  Code  Gb  strstr.o [2]
strtod                  0x6003'7629       0x6  Code  Gb  strto64.o [5]
strtold                 0x6003'7629       0x6  Code  Gb  strto64.o [5]
switch_status           0x2000'09a0       0x4  Data  Lc  dm_log_report.o [1]
sysPllConfig_BOARD_BootClockRUN
                        0x6003'a608      0x14  Data  Gb  clock_config.o [1]
t_handle                0x2000'1290      0x30  Data  Gb  wrapper.o [1]
tlsf_add_pool           0x6001'2c57      0x96  Code  Gb  tlsf.o [1]
tlsf_create             0x6001'2ced      0x28  Code  Gb  tlsf.o [1]
tlsf_create_with_pool   0x6001'2d25      0x24  Code  Gb  tlsf.o [1]
tlsf_destroy            0x6001'2d49       0x2  Code  Gb  tlsf.o [1]
tlsf_ffs                0x6001'2877      0x10  Code  Lc  tlsf.o [1]
tlsf_fls                0x6001'2887       0xa  Code  Lc  tlsf.o [1]
tlsf_fls_generic        0x6001'283d      0x3a  Code  Lc  tlsf.o [1]
tlsf_free               0x6001'2d6d      0x30  Code  Gb  tlsf.o [1]
tlsf_malloc             0x6001'2d4b      0x22  Code  Gb  tlsf.o [1]
tlsf_pool_overhead      0x6001'2c53       0x4  Code  Gb  tlsf.o [1]
tlsf_size               0x6001'2c4d       0x6  Code  Gb  tlsf.o [1]
tolower                 0x6003'71c5       0xc  Code  Gb  tolower.o [2]
touchHandle             0x2000'1a90      0x3c  Data  Lc  ew_bsp_touch.o [1]
try_realloc_chunk       0x6005'ac19     0x318  Code  Lc  dlmalloc.o [2]
uart3                   0x2000'1a1c      0x38  Data  Gb  esp8266_at.o [1]
uart3_rxbuf             0x2000'181c     0x200  Data  Gb  esp8266_at.o [1]
uart3_txbuf             0x2000'171c     0x100  Data  Gb  esp8266_at.o [1]
ucHeap                          0x0  0x2'0000  Data  Lc  heap_4.o [1]
ucMaxSysCallPriority    0x2000'0c40       0x1  Data  Lc  port.o [1]
ulMaxPRIGROUPValue      0x2000'0c48       0x4  Data  Lc  port.o [1]
utf16_literal_to_utf8   0x6003'50e1      0xe8  Code  Lc  cJSON.o [1]
utils_hmac_sha256       0x6004'43a1      0xbe  Code  Gb  infra_sha256.o [1]
utils_net_read          0x6004'37c1      0x16  Code  Gb  infra_net.o [1]
utils_net_write         0x6004'37d7      0x16  Code  Gb  infra_net.o [1]
utils_sha256_finish     0x6004'425b     0x11c  Code  Gb  infra_sha256.o [1]
utils_sha256_init       0x6004'4065       0x8  Code  Gb  infra_sha256.o [1]
utils_sha256_process    0x6004'4099     0x14a  Code  Gb  infra_sha256.o [1]
utils_sha256_starts     0x6004'406d      0x2c  Code  Gb  infra_sha256.o [1]
utils_sha256_update     0x6004'41e3      0x78  Code  Gb  infra_sha256.o [1]
utils_time_countdown_ms
                        0x6004'0dab      0x14  Code  Gb  infra_timer.o [1]
utils_time_is_expired   0x6004'0d83      0x1e  Code  Gb  infra_timer.o [1]
utils_time_spend        0x6004'0d4f      0x14  Code  Gb  infra_timer.o [1]
uxCriticalNesting       0x2000'0c44       0x4  Data  Lc  port.o [1]
uxCurrentNumberOfTasks  0x2000'2348       0x4  Data  Lc  tasks.o [1]
uxDeletedTasksWaitingCleanUp
                        0x2000'2388       0x4  Data  Lc  tasks.o [1]
uxListRemove            0x6002'5629      0x26  Code  Gb  list.o [1]
uxPendedTicks           0x2000'23a4       0x4  Data  Lc  tasks.o [1]
uxSchedulerSuspended    0x2000'2358       0x4  Data  Lc  tasks.o [1]
uxTaskNumber            0x2000'23ac       0x4  Data  Lc  tasks.o [1]
uxTaskResetEventItemValue
                        0x6002'1c61      0x16  Code  Gb  tasks.o [1]
uxTopReadyPriority      0x2000'234c       0x4  Data  Lc  tasks.o [1]
vEventGroupDelete       0x6003'aec3      0x40  Code  Gb  event_groups.o [1]
vEventGroupSetBitsCallback
                        0x6003'af03       0x2  Code  Gb  event_groups.o [1]
vListInitialise         0x6002'55bd      0x1a  Code  Gb  list.o [1]
vListInitialiseItem     0x6002'55d7       0x6  Code  Gb  list.o [1]
vListInsert             0x6002'55f5      0x34  Code  Gb  list.o [1]
vListInsertEnd          0x6002'55dd      0x18  Code  Gb  list.o [1]
vPortEnableVFP          0x6002'5b71            Code  Gb  portasm.o [1]
vPortEnterCritical      0x6002'1e9d      0x32  Code  Gb  port.o [1]
vPortExitCritical       0x6002'1ecf      0x26  Code  Gb  port.o [1]
vPortFree               0x6002'54c1      0x5e  Code  Gb  heap_4.o [1]
vPortStartFirstTask     0x6002'5b51            Code  Gb  portasm.o [1]
vPortValidateInterruptPriority
                        0x6002'1f1d      0x44  Code  Gb  port.o [1]
vQueueAddToRegistry     0x6002'650d      0x24  Code  Gb  queue.o [1]
vQueueDelete            0x6002'6397      0x24  Code  Gb  queue.o [1]
vQueueUnregisterQueue   0x6002'6535      0x24  Code  Gb  queue.o [1]
vQueueWaitForMessageRestricted
                        0x6002'655d      0x4a  Code  Gb  queue.o [1]
vTaskDelay              0x6002'14b3      0x4c  Code  Gb  tasks.o [1]
vTaskDelete             0x6002'1401      0xb2  Code  Gb  tasks.o [1]
vTaskInternalSetTimeOutState
                        0x6002'18fb       0xe  Code  Gb  tasks.o [1]
vTaskMissedYield        0x6002'1981       0xa  Code  Gb  tasks.o [1]
vTaskPlaceOnEventList   0x6002'176f      0x2e  Code  Gb  tasks.o [1]
vTaskPlaceOnEventListRestricted
                        0x6002'17e9      0x38  Code  Gb  tasks.o [1]
vTaskPlaceOnUnorderedEventList
                        0x6002'179d      0x4c  Code  Gb  tasks.o [1]
vTaskPriorityDisinheritAfterTimeout
                        0x6002'1bbf      0xa2  Code  Gb  tasks.o [1]
vTaskRemoveFromUnorderedEventList
                        0x6002'188f      0x6c  Code  Gb  tasks.o [1]
vTaskStartScheduler     0x6002'1501      0x6a  Code  Gb  tasks.o [1]
vTaskSuspendAll         0x6002'1575       0xc  Code  Gb  tasks.o [1]
vTaskSwitchContext      0x6002'1719      0x56  Code  Gb  tasks.o [1]
vsnprintf               0x6003'7189      0x3c  Code  Gb  vsnprint.o [2]
wifi_init               0x6003'69f9      0x52  Code  Gb  wiced_iperf.o [1]
wm_build_property_name_value
                        0x6003'3fed     0x32e  Code  Lc  washing_machine.o [1]
wm_button_pressed       0x6003'475f       0x8  Code  Gb  washing_machine.o [1]
wm_connected_event_handler
                        0x6003'2fa1      0x2e  Code  Lc  washing_machine.o [1]
wm_connected_event_handler::__func__
                        0x6003'2fd0      0x1c  Data  Lc  washing_machine.o [1]
wm_cota_event_handler   0x6003'3e29      0xe4  Code  Lc  washing_machine.o [1]
wm_cota_event_handler::__func__
                        0x6003'3f54      0x18  Data  Lc  washing_machine.o [1]
wm_disconnected_event_handler
                        0x6003'2ffd      0x2c  Code  Lc  washing_machine.o [1]
wm_disconnected_event_handler::__func__
                        0x6003'3028      0x20  Data  Lc  washing_machine.o [1]
wm_dry_switch_set_handle
                        0x6003'3265      0x46  Code  Gb  washing_machine.o [1]
wm_dryswitch_changed_by_gui
                        0x6003'46b5      0x56  Code  Gb  washing_machine.o [1]
wm_finish_timer_periodic_cb
                        0x6003'34a9      0x5c  Code  Lc  washing_machine.o [1]
wm_finish_timer_periodic_cb::cnt
                        0x2000'108c       0x4  Data  Lc  washing_machine.o [1]
wm_finishtimer_timeout_cb
                        0x6003'346f      0x24  Code  Lc  washing_machine.o [1]
wm_fota_event_handler   0x6003'3d9d      0x4a  Code  Lc  washing_machine.o [1]
wm_fota_event_handler::__func__
                        0x6003'3df4      0x18  Data  Lc  washing_machine.o [1]
wm_ib                   0x2000'1048      0x44  Data  Lc  washing_machine.o [1]
wm_ib_default_set       0x6003'2b81      0x12  Code  Lc  washing_machine.o [1]
wm_init                 0x6003'476d      0x48  Code  Lc  washing_machine.o [1]
wm_initialized          0x6003'305d      0x2e  Code  Lc  washing_machine.o [1]
wm_initialized::__func__
                        0x6003'308c      0x10  Data  Lc  washing_machine.o [1]
wm_left_time_calculate  0x6003'2b29      0x58  Code  Lc  washing_machine.o [1]
wm_left_time_valid_check
                        0x6003'2af5      0x34  Code  Lc  washing_machine.o [1]
wm_lefttime_set_handle  0x6003'35d1      0x48  Code  Gb  washing_machine.o [1]
wm_local_periodic_cb    0x6003'2e2d       0xa  Code  Lc  washing_machine.o [1]
wm_local_timer_event_hdl
                        0x6003'2e45     0x120  Code  Lc  washing_machine.o [1]
wm_localtimer_timeout_cb
                        0x6003'2dfd      0x2c  Code  Lc  washing_machine.o [1]
wm_minute_changed_by_gui
                        0x6003'44e5      0xc2  Code  Gb  washing_machine.o [1]
wm_post_event           0x6003'43a5      0x42  Code  Gb  washing_machine.o [1]
wm_post_event::__func__
                        0x6003'49ec      0x10  Data  Lc  washing_machine.o [1]
wm_properties           0x2000'0fec      0x5c  Data  Gb  washing_machine.o [1]
wm_property_hal_set     0x6003'3a19      0x32  Code  Lc  washing_machine.o [1]
wm_property_ib_set      0x6003'3699     0x35a  Code  Lc  washing_machine.o [1]
wm_property_post        0x6003'4331      0x70  Code  Gb  washing_machine.o [1]
wm_property_set_event_handler
                        0x6003'3a65      0x9e  Code  Lc  washing_machine.o [1]
wm_property_set_event_handler::__func__
                        0x6003'3b14      0x20  Data  Lc  washing_machine.o [1]
wm_report_all_pro_to_cloud
                        0x6003'4401      0x50  Code  Gb  washing_machine.o [1]
wm_report_all_to_gui    0x6003'4455      0x5a  Code  Gb  washing_machine.o [1]
wm_report_dryswitch_to_gui
                        0x6003'44b1      0x32  Code  Gb  washing_machine.o [1]
wm_report_reply_event_handler
                        0x6003'30b1      0x6e  Code  Lc  washing_machine.o [1]
wm_report_reply_event_handler::__func__
                        0x6003'3120      0x20  Data  Lc  washing_machine.o [1]
wm_reservation_periodic_cb
                        0x6003'2ddd       0xa  Code  Lc  washing_machine.o [1]
wm_reservation_timeout_cb
                        0x6003'2db1      0x1e  Code  Lc  washing_machine.o [1]
wm_reservation_timer_set_hdl
                        0x6003'3187      0x3a  Code  Lc  washing_machine.o [1]
wm_run                  0x6003'47cd     0x192  Code  Gb  washing_machine.o [1]
wm_run::__func__        0x6003'4a6c       0x8  Data  Lc  washing_machine.o [1]
wm_s_timer_cb           0x6003'2b93      0x9e  Code  Lc  washing_machine.o [1]
wm_s_timer_event_find   0x6003'2c31      0x34  Code  Lc  washing_machine.o [1]
wm_s_timer_start        0x6003'2c65      0xbe  Code  Lc  washing_machine.o [1]
wm_s_timer_stop         0x6003'2d23      0x78  Code  Lc  washing_machine.o [1]
wm_second_changed_by_gui
                        0x6003'45b1      0xbe  Code  Gb  washing_machine.o [1]
wm_second_timer         0x2000'2438       0x4  Data  Lc  washing_machine.o [1]
wm_service_request_event_handler
                        0x6003'3b75     0x160  Code  Lc  washing_machine.o [1]
wm_service_request_event_handler::__func__
                        0x6006'c7c8      0x24  Data  Lc  washing_machine.o [1]
wm_targetspin_changed_by_ui
                        0x6003'466f      0x1c  Code  Gb  washing_machine.o [1]
wm_targetspin_set_handle
                        0x6003'3619      0x20  Code  Gb  washing_machine.o [1]
wm_timer_event_head     0x2000'2430       0x8  Data  Gb  washing_machine.o [1]
wm_timer_event_mutex    0x2000'243c       0x4  Data  Lc  washing_machine.o [1]
wm_timestamp_reply_event_handler
                        0x6003'3d55      0x2a  Code  Lc  washing_machine.o [1]
wm_timestamp_reply_event_handler::__func__
                        0x6006'dd60      0x24  Data  Lc  washing_machine.o [1]
wm_trigger_event_reply_event_handler
                        0x6003'3149      0x3e  Code  Lc  washing_machine.o [1]
wm_trigger_event_reply_event_handler::__func__
                        0x6006'c048      0x28  Data  Lc  washing_machine.o [1]
wm_ui_handle_work_switch_off
                        0x6003'31d5      0x1c  Code  Gb  washing_machine.o [1]
wm_ui_handle_work_switch_on
                        0x6003'3205      0x42  Code  Gb  washing_machine.o [1]
wm_washing_mode_set_handle
                        0x6003'32ad     0x1c2  Code  Gb  washing_machine.o [1]
wm_watertemp_changed_by_ui
                        0x6003'468b      0x26  Code  Gb  washing_machine.o [1]
wm_watertemp_set_handle
                        0x6003'3639      0x2c  Code  Gb  washing_machine.o [1]
wm_work_switch_changed  0x6003'351d      0x8a  Code  Gb  washing_machine.o [1]
wm_workmode_changed_by_ui
                        0x6003'470b      0x30  Code  Gb  washing_machine.o [1]
wm_workswitch_changed_by_ui
                        0x6003'4741      0x1e  Code  Gb  washing_machine.o [1]
wrapper_mqtt_check_state
                        0x6004'2f7f      0x1a  Code  Gb  iotx_mqtt_client.o [1]
wrapper_mqtt_connect    0x6004'2e3d      0x48  Code  Gb  iotx_mqtt_client.o [1]
wrapper_mqtt_init       0x6004'2e0d      0x30  Code  Gb  iotx_mqtt_client.o [1]
wrapper_mqtt_publish    0x6004'31d1      0x8a  Code  Gb  iotx_mqtt_client.o [1]
wrapper_mqtt_release    0x6004'2e8d      0xb2  Code  Gb  iotx_mqtt_client.o [1]
wrapper_mqtt_subscribe  0x6004'2f99      0x80  Code  Gb  iotx_mqtt_client.o [1]
wrapper_mqtt_subscribe_sync
                        0x6004'3019     0x158  Code  Gb  iotx_mqtt_client.o [1]
wrapper_mqtt_unsubscribe
                        0x6004'3171      0x60  Code  Gb  iotx_mqtt_client.o [1]
wrapper_mqtt_yield      0x6004'2f3f      0x40  Code  Gb  iotx_mqtt_client.o [1]
writeCString            0x6004'3bad      0x28  Code  Gb  MQTTPacket.o [1]
writeChar               0x6004'3b83       0xc  Code  Gb  MQTTPacket.o [1]
writeInt                0x6004'3b8f      0x1e  Code  Gb  MQTTPacket.o [1]
writeMQTTString         0x6004'3bd5      0x3e  Code  Gb  MQTTPacket.o [1]
write_ssl               0x6004'3771      0x10  Code  Lc  infra_net.o [1]
xActiveTimerList1       0x2000'23f0      0x14  Data  Lc  timers.o [1]
xActiveTimerList2       0x2000'2404      0x14  Data  Lc  timers.o [1]
xBlockAllocatedBit      0x2000'1c04       0x4  Data  Lc  heap_4.o [1]
xDelayedTaskList1       0x2000'23b4      0x14  Data  Lc  tasks.o [1]
xDelayedTaskList2       0x2000'23c8      0x14  Data  Lc  tasks.o [1]
xEventGroupClearBits    0x6003'ade7      0x44  Code  Gb  event_groups.o [1]
xEventGroupCreate       0x6003'acb1      0x1a  Code  Gb  event_groups.o [1]
xEventGroupSetBits      0x6003'ae2b      0x98  Code  Gb  event_groups.o [1]
xEventGroupSetBitsFromISR
                        0x6003'af1f       0xc  Code  Gb  event_groups.o [1]
xEventGroupWaitBits     0x6003'accb     0x11c  Code  Gb  event_groups.o [1]
xFreeBytesRemaining     0x2000'1bfc       0x4  Data  Lc  heap_4.o [1]
xIdleTaskHandle         0x2000'23dc       0x4  Data  Lc  tasks.o [1]
xMinimumEverFreeBytesRemaining
                        0x2000'1c00       0x4  Data  Lc  heap_4.o [1]
xNextTaskUnblockTime    0x2000'23b0       0x4  Data  Lc  tasks.o [1]
xNumOfOverflows         0x2000'23a8       0x4  Data  Lc  tasks.o [1]
xPendingReadyList       0x2000'235c      0x14  Data  Lc  tasks.o [1]
xPortStartScheduler     0x6002'1ddd      0xc0  Code  Gb  port.o [1]
xPortSysTickHandler     0x6002'1ef5      0x28  Code  Gb  port.o [1]
xQueueCreateCountingSemaphore
                        0x6002'5d71      0x3c  Code  Gb  queue.o [1]
xQueueCreateMutex       0x6002'5d5b      0x16  Code  Gb  queue.o [1]
xQueueGenericCreate     0x6002'5cdf      0x46  Code  Gb  queue.o [1]
xQueueGenericReset      0x6002'5c51      0x8e  Code  Gb  queue.o [1]
xQueueGenericSend       0x6002'5dad     0x17c  Code  Gb  queue.o [1]
xQueueGenericSendFromISR
                        0x6002'5f29      0xd4  Code  Gb  queue.o [1]
xQueueGiveFromISR       0x6002'5ffd      0xae  Code  Gb  queue.o [1]
xQueueReceive           0x6002'60ab     0x156  Code  Gb  queue.o [1]
xQueueRegistry          0x2000'229c      0x40  Data  Gb  queue.o [1]
xQueueSemaphoreTake     0x6002'6201     0x196  Code  Gb  queue.o [1]
xSchedulerRunning       0x2000'2350       0x4  Data  Lc  tasks.o [1]
xStart                  0x2000'1bf0       0x8  Data  Lc  heap_4.o [1]
xSuspendedTaskList      0x2000'238c      0x14  Data  Lc  tasks.o [1]
xTaskCheckForTimeOut    0x6002'1909      0x78  Code  Gb  tasks.o [1]
xTaskCreate             0x6002'1249      0x64  Code  Gb  tasks.o [1]
xTaskGetCurrentTaskHandle
                        0x6002'1a79       0x8  Code  Gb  tasks.o [1]
xTaskGetSchedulerState  0x6002'1a81      0x1c  Code  Gb  tasks.o [1]
xTaskGetTickCount       0x6002'1641       0x8  Code  Gb  tasks.o [1]
xTaskIncrementTick      0x6002'1649      0xd0  Code  Gb  tasks.o [1]
xTaskNotifyWait         0x6002'1c8d      0x8e  Code  Gb  tasks.o [1]
xTaskPriorityDisinherit
                        0x6002'1b29      0x96  Code  Gb  tasks.o [1]
xTaskPriorityInherit    0x6002'1a9d      0x8c  Code  Gb  tasks.o [1]
xTaskRemoveFromEventList
                        0x6002'1821      0x6e  Code  Gb  tasks.o [1]
xTaskResumeAll          0x6002'1581      0xc0  Code  Gb  tasks.o [1]
xTasksWaitingTermination
                        0x2000'2370      0x14  Data  Lc  tasks.o [1]
xTickCount              0x2000'23a0       0x4  Data  Lc  tasks.o [1]
xTimerCreate            0x6002'5699      0x34  Code  Gb  timers.o [1]
xTimerCreateTimerTask   0x6002'5651      0x48  Code  Gb  timers.o [1]
xTimerGenericCommand    0x6002'5721      0x66  Code  Gb  timers.o [1]
xTimerPendFunctionCallFromISR
                        0x6002'5a9f      0x22  Code  Gb  timers.o [1]
xTimerQueue             0x2000'23e8       0x4  Data  Lc  timers.o [1]
xTimerTaskHandle        0x2000'23ec       0x4  Data  Lc  timers.o [1]
xYieldPending           0x2000'2354       0x4  Data  Lc  tasks.o [1]


[1] = C:\Users\nxf65135\Desktop\RT1050\smart_washing_machine-master-8266\flexspi_nor_release\obj
[2] = dl7M_tln.a
[3] = libewgfx-m7-iar.a
[4] = libewrte-m7-iar.a
[5] = m7M_tlv.a
[6] = rt7M_tl.a
[7] = shb_l.a

  284'621 bytes of readonly  code memory
    2'150 bytes of readwrite code memory
  165'317 bytes of readonly  data memory
  147'886 bytes of readwrite data memory

Errors: none
Warnings: none
